2026-07-25 00:00:02,807 [ERROR] LogOutputStream:75 - [STDERR_REDIRECT] Jul 25, 2026 12:00:02 AM java.util.prefs.FileSystemPreferences checkLockFile0ErrorCode
2026-07-25 00:00:02,809 [ERROR] LogOutputStream:75 - [STDERR_REDIRECT] WARNING: Could not lock System prefs. Unix error code 2.
2026-07-25 00:00:02,809 [ERROR] LogOutputStream:75 - [STDERR_REDIRECT] 
2026-07-25 00:00:02,809 [ERROR] LogOutputStream:75 - [STDERR_REDIRECT] Jul 25, 2026 12:00:02 AM java.util.prefs.FileSystemPreferences syncWorld
2026-07-25 00:00:02,810 [ERROR] LogOutputStream:75 - [STDERR_REDIRECT] WARNING: Couldn't flush system prefs: java.util.prefs.BackingStoreException: Couldn't get file lock.
2026-07-25 00:00:02,810 [ERROR] LogOutputStream:75 - [STDERR_REDIRECT] 
2026-07-25 00:00:32,805 [ERROR] LogOutputStream:75 - [STDERR_REDIRECT] Jul 25, 2026 12:00:32 AM java.util.prefs.FileSystemPreferences checkLockFile0ErrorCode
2026-07-25 00:00:32,806 [ERROR] LogOutputStream:75 - [STDERR_REDIRECT] WARNING: Could not lock System prefs. Unix error code 2.
2026-07-25 00:00:32,806 [ERROR] LogOutputStream:75 - [STDERR_REDIRECT] 
2026-07-25 00:00:32,806 [ERROR] LogOutputStream:75 - [STDERR_REDIRECT] Jul 25, 2026 12:00:32 AM java.util.prefs.FileSystemPreferences syncWorld
2026-07-25 00:00:32,806 [ERROR] LogOutputStream:75 - [STDERR_REDIRECT] WARNING: Couldn't flush system prefs: java.util.prefs.BackingStoreException: Couldn't get file lock.
2026-07-25 00:00:32,806 [ERROR] LogOutputStream:75 - [STDERR_REDIRECT] 
2026-07-25 00:01:02,807 [ERROR] LogOutputStream:75 - [STDERR_REDIRECT] Jul 25, 2026 12:01:02 AM java.util.prefs.FileSystemPreferences checkLockFile0ErrorCode
2026-07-25 00:01:02,807 [ERROR] LogOutputStream:75 - [STDERR_REDIRECT] WARNING: Could not lock System prefs. Unix error code 2.
2026-07-25 00:01:02,807 [ERROR] LogOutputStream:75 - [STDERR_REDIRECT] 
2026-07-25 00:01:02,807 [ERROR] LogOutputStream:75 - [STDERR_REDIRECT] Jul 25, 2026 12:01:02 AM java.util.prefs.FileSystemPreferences syncWorld
2026-07-25 00:01:02,808 [ERROR] LogOutputStream:75 - [STDERR_REDIRECT] WARNING: Couldn't flush system prefs: java.util.prefs.BackingStoreException: Couldn't get file lock.
2026-07-25 00:01:02,808 [ERROR] LogOutputStream:75 - [STDERR_REDIRECT] 
2026-07-25 00:01:32,806 [ERROR] LogOutputStream:75 - [STDERR_REDIRECT] Jul 25, 2026 12:01:32 AM java.util.prefs.FileSystemPreferences checkLockFile0ErrorCode
2026-07-25 00:01:32,807 [ERROR] LogOutputStream:75 - [STDERR_REDIRECT] WARNING: Could not lock System prefs. Unix error code 2.
2026-07-25 00:01:32,807 [ERROR] LogOutputStream:75 - [STDERR_REDIRECT] 
2026-07-25 00:01:32,807 [ERROR] LogOutputStream:75 - [STDERR_REDIRECT] Jul 25, 2026 12:01:32 AM java.util.prefs.FileSystemPreferences syncWorld
2026-07-25 00:01:32,807 [ERROR] LogOutputStream:75 - [STDERR_REDIRECT] WARNING: Couldn't flush system prefs: java.util.prefs.BackingStoreException: Couldn't get file lock.
2026-07-25 00:01:32,807 [ERROR] LogOutputStream:75 - [STDERR_REDIRECT] 
2026-07-25 00:02:02,808 [ERROR] LogOutputStream:75 - [STDERR_REDIRECT] Jul 25, 2026 12:02:02 AM java.util.prefs.FileSystemPreferences checkLockFile0ErrorCode
2026-07-25 00:02:02,808 [ERROR] LogOutputStream:75 - [STDERR_REDIRECT] WARNING: Could not lock System prefs. Unix error code 2.
2026-07-25 00:02:02,808 [ERROR] LogOutputStream:75 - [STDERR_REDIRECT] 
2026-07-25 00:02:02,808 [ERROR] LogOutputStream:75 - [STDERR_REDIRECT] Jul 25, 2026 12:02:02 AM java.util.prefs.FileSystemPreferences syncWorld
2026-07-25 00:02:02,808 [ERROR] LogOutputStream:75 - [STDERR_REDIRECT] WARNING: Couldn't flush system prefs: java.util.prefs.BackingStoreException: Couldn't get file lock.
2026-07-25 00:02:02,809 [ERROR] LogOutputStream:75 - [STDERR_REDIRECT] 
2026-07-25 00:02:32,807 [ERROR] LogOutputStream:75 - [STDERR_REDIRECT] Jul 25, 2026 12:02:32 AM java.util.prefs.FileSystemPreferences checkLockFile0ErrorCode
2026-07-25 00:02:32,807 [ERROR] LogOutputStream:75 - [STDERR_REDIRECT] WARNING: Could not lock System prefs. Unix error code 2.
2026-07-25 00:02:32,807 [ERROR] LogOutputStream:75 - [STDERR_REDIRECT] 
2026-07-25 00:02:32,807 [ERROR] LogOutputStream:75 - [STDERR_REDIRECT] Jul 25, 2026 12:02:32 AM java.util.prefs.FileSystemPreferences syncWorld
2026-07-25 00:02:32,807 [ERROR] LogOutputStream:75 - [STDERR_REDIRECT] WARNING: Couldn't flush system prefs: java.util.prefs.BackingStoreException: Couldn't get file lock.
2026-07-25 00:02:32,807 [ERROR] LogOutputStream:75 - [STDERR_REDIRECT] 
2026-07-25 00:03:02,807 [ERROR] LogOutputStream:75 - [STDERR_REDIRECT] Jul 25, 2026 12:03:02 AM java.util.prefs.FileSystemPreferences checkLockFile0ErrorCode
2026-07-25 00:03:02,807 [ERROR] LogOutputStream:75 - [STDERR_REDIRECT] WARNING: Could not lock System prefs. Unix error code 2.
2026-07-25 00:03:02,807 [ERROR] LogOutputStream:75 - [STDERR_REDIRECT] 
2026-07-25 00:03:02,807 [ERROR] LogOutputStream:75 - [STDERR_REDIRECT] Jul 25, 2026 12:03:02 AM java.util.prefs.FileSystemPreferences syncWorld
2026-07-25 00:03:02,807 [ERROR] LogOutputStream:75 - [STDERR_REDIRECT] WARNING: Couldn't flush system prefs: java.util.prefs.BackingStoreException: Couldn't get file lock.
2026-07-25 00:03:02,807 [ERROR] LogOutputStream:75 - [STDERR_REDIRECT] 
2026-07-25 00:03:32,807 [ERROR] LogOutputStream:75 - [STDERR_REDIRECT] Jul 25, 2026 12:03:32 AM java.util.prefs.FileSystemPreferences checkLockFile0ErrorCode
2026-07-25 00:03:32,808 [ERROR] LogOutputStream:75 - [STDERR_REDIRECT] WARNING: Could not lock System prefs. Unix error code 2.
2026-07-25 00:03:32,808 [ERROR] LogOutputStream:75 - [STDERR_REDIRECT] 
2026-07-25 00:03:32,808 [ERROR] LogOutputStream:75 - [STDERR_REDIRECT] Jul 25, 2026 12:03:32 AM java.util.prefs.FileSystemPreferences syncWorld
2026-07-25 00:03:32,808 [ERROR] LogOutputStream:75 - [STDERR_REDIRECT] WARNING: Couldn't flush system prefs: java.util.prefs.BackingStoreException: Couldn't get file lock.
2026-07-25 00:03:32,808 [ERROR] LogOutputStream:75 - [STDERR_REDIRECT] 
2026-07-25 00:04:02,807 [ERROR] LogOutputStream:75 - [STDERR_REDIRECT] Jul 25, 2026 12:04:02 AM java.util.prefs.FileSystemPreferences checkLockFile0ErrorCode
2026-07-25 00:04:02,807 [ERROR] LogOutputStream:75 - [STDERR_REDIRECT] WARNING: Could not lock System prefs. Unix error code 2.
2026-07-25 00:04:02,808 [ERROR] LogOutputStream:75 - [STDERR_REDIRECT] 
2026-07-25 00:04:02,808 [ERROR] LogOutputStream:75 - [STDERR_REDIRECT] Jul 25, 2026 12:04:02 AM java.util.prefs.FileSystemPreferences syncWorld
2026-07-25 00:04:02,808 [ERROR] LogOutputStream:75 - [STDERR_REDIRECT] WARNING: Couldn't flush system prefs: java.util.prefs.BackingStoreException: Couldn't get file lock.
2026-07-25 00:04:02,808 [ERROR] LogOutputStream:75 - [STDERR_REDIRECT] 
2026-07-25 00:04:32,808 [ERROR] LogOutputStream:75 - [STDERR_REDIRECT] Jul 25, 2026 12:04:32 AM java.util.prefs.FileSystemPreferences checkLockFile0ErrorCode
2026-07-25 00:04:32,808 [ERROR] LogOutputStream:75 - [STDERR_REDIRECT] WARNING: Could not lock System prefs. Unix error code 2.
2026-07-25 00:04:32,808 [ERROR] LogOutputStream:75 - [STDERR_REDIRECT] 
2026-07-25 00:04:32,809 [ERROR] LogOutputStream:75 - [STDERR_REDIRECT] Jul 25, 2026 12:04:32 AM java.util.prefs.FileSystemPreferences syncWorld
2026-07-25 00:04:32,809 [ERROR] LogOutputStream:75 - [STDERR_REDIRECT] WARNING: Couldn't flush system prefs: java.util.prefs.BackingStoreException: Couldn't get file lock.
2026-07-25 00:04:32,809 [ERROR] LogOutputStream:75 - [STDERR_REDIRECT] 
2026-07-25 00:05:02,807 [ERROR] LogOutputStream:75 - [STDERR_REDIRECT] Jul 25, 2026 12:05:02 AM java.util.prefs.FileSystemPreferences checkLockFile0ErrorCode
2026-07-25 00:05:02,808 [ERROR] LogOutputStream:75 - [STDERR_REDIRECT] WARNING: Could not lock System prefs. Unix error code 2.
2026-07-25 00:05:02,808 [ERROR] LogOutputStream:75 - [STDERR_REDIRECT] 
2026-07-25 00:05:02,808 [ERROR] LogOutputStream:75 - [STDERR_REDIRECT] Jul 25, 2026 12:05:02 AM java.util.prefs.FileSystemPreferences syncWorld
2026-07-25 00:05:02,808 [ERROR] LogOutputStream:75 - [STDERR_REDIRECT] WARNING: Couldn't flush system prefs: java.util.prefs.BackingStoreException: Couldn't get file lock.
2026-07-25 00:05:02,808 [ERROR] LogOutputStream:75 - [STDERR_REDIRECT] 
2026-07-25 00:05:32,808 [ERROR] LogOutputStream:75 - [STDERR_REDIRECT] Jul 25, 2026 12:05:32 AM java.util.prefs.FileSystemPreferences checkLockFile0ErrorCode
2026-07-25 00:05:32,808 [ERROR] LogOutputStream:75 - [STDERR_REDIRECT] WARNING: Could not lock System prefs. Unix error code 2.
2026-07-25 00:05:32,808 [ERROR] LogOutputStream:75 - [STDERR_REDIRECT] 
2026-07-25 00:05:32,808 [ERROR] LogOutputStream:75 - [STDERR_REDIRECT] Jul 25, 2026 12:05:32 AM java.util.prefs.FileSystemPreferences syncWorld
2026-07-25 00:05:32,808 [ERROR] LogOutputStream:75 - [STDERR_REDIRECT] WARNING: Couldn't flush system prefs: java.util.prefs.BackingStoreException: Couldn't get file lock.
2026-07-25 00:05:32,808 [ERROR] LogOutputStream:75 - [STDERR_REDIRECT] 
2026-07-25 00:06:02,808 [ERROR] LogOutputStream:75 - [STDERR_REDIRECT] Jul 25, 2026 12:06:02 AM java.util.prefs.FileSystemPreferences checkLockFile0ErrorCode
2026-07-25 00:06:02,809 [ERROR] LogOutputStream:75 - [STDERR_REDIRECT] WARNING: Could not lock System prefs. Unix error code 2.
2026-07-25 00:06:02,809 [ERROR] LogOutputStream:75 - [STDERR_REDIRECT] 
2026-07-25 00:06:02,809 [ERROR] LogOutputStream:75 - [STDERR_REDIRECT] Jul 25, 2026 12:06:02 AM java.util.prefs.FileSystemPreferences syncWorld
2026-07-25 00:06:02,809 [ERROR] LogOutputStream:75 - [STDERR_REDIRECT] WARNING: Couldn't flush system prefs: java.util.prefs.BackingStoreException: Couldn't get file lock.
2026-07-25 00:06:02,809 [ERROR] LogOutputStream:75 - [STDERR_REDIRECT] 
2026-07-25 00:06:32,809 [ERROR] LogOutputStream:75 - [STDERR_REDIRECT] Jul 25, 2026 12:06:32 AM java.util.prefs.FileSystemPreferences checkLockFile0ErrorCode
2026-07-25 00:06:32,809 [ERROR] LogOutputStream:75 - [STDERR_REDIRECT] WARNING: Could not lock System prefs. Unix error code 2.
2026-07-25 00:06:32,809 [ERROR] LogOutputStream:75 - [STDERR_REDIRECT] 
2026-07-25 00:06:32,809 [ERROR] LogOutputStream:75 - [STDERR_REDIRECT] Jul 25, 2026 12:06:32 AM java.util.prefs.FileSystemPreferences syncWorld
2026-07-25 00:06:32,809 [ERROR] LogOutputStream:75 - [STDERR_REDIRECT] WARNING: Couldn't flush system prefs: java.util.prefs.BackingStoreException: Couldn't get file lock.
2026-07-25 00:06:32,809 [ERROR] LogOutputStream:75 - [STDERR_REDIRECT] 
2026-07-25 00:07:02,808 [ERROR] LogOutputStream:75 - [STDERR_REDIRECT] Jul 25, 2026 12:07:02 AM java.util.prefs.FileSystemPreferences checkLockFile0ErrorCode
2026-07-25 00:07:02,809 [ERROR] LogOutputStream:75 - [STDERR_REDIRECT] WARNING: Could not lock System prefs. Unix error code 2.
2026-07-25 00:07:02,809 [ERROR] LogOutputStream:75 - [STDERR_REDIRECT] 
2026-07-25 00:07:02,809 [ERROR] LogOutputStream:75 - [STDERR_REDIRECT] Jul 25, 2026 12:07:02 AM java.util.prefs.FileSystemPreferences syncWorld
2026-07-25 00:07:02,809 [ERROR] LogOutputStream:75 - [STDERR_REDIRECT] WARNING: Couldn't flush system prefs: java.util.prefs.BackingStoreException: Couldn't get file lock.
2026-07-25 00:07:02,809 [ERROR] LogOutputStream:75 - [STDERR_REDIRECT] 
2026-07-25 00:07:32,809 [ERROR] LogOutputStream:75 - [STDERR_REDIRECT] Jul 25, 2026 12:07:32 AM java.util.prefs.FileSystemPreferences checkLockFile0ErrorCode
2026-07-25 00:07:32,809 [ERROR] LogOutputStream:75 - [STDERR_REDIRECT] WARNING: Could not lock System prefs. Unix error code 2.
2026-07-25 00:07:32,809 [ERROR] LogOutputStream:75 - [STDERR_REDIRECT] 
2026-07-25 00:07:32,809 [ERROR] LogOutputStream:75 - [STDERR_REDIRECT] Jul 25, 2026 12:07:32 AM java.util.prefs.FileSystemPreferences syncWorld
2026-07-25 00:07:32,809 [ERROR] LogOutputStream:75 - [STDERR_REDIRECT] WARNING: Couldn't flush system prefs: java.util.prefs.BackingStoreException: Couldn't get file lock.
2026-07-25 00:07:32,809 [ERROR] LogOutputStream:75 - [STDERR_REDIRECT] 
2026-07-25 00:08:02,809 [ERROR] LogOutputStream:75 - [STDERR_REDIRECT] Jul 25, 2026 12:08:02 AM java.util.prefs.FileSystemPreferences checkLockFile0ErrorCode
2026-07-25 00:08:02,809 [ERROR] LogOutputStream:75 - [STDERR_REDIRECT] WARNING: Could not lock System prefs. Unix error code 2.
2026-07-25 00:08:02,809 [ERROR] LogOutputStream:75 - [STDERR_REDIRECT] 
2026-07-25 00:08:02,810 [ERROR] LogOutputStream:75 - [STDERR_REDIRECT] Jul 25, 2026 12:08:02 AM java.util.prefs.FileSystemPreferences syncWorld
2026-07-25 00:08:02,810 [ERROR] LogOutputStream:75 - [STDERR_REDIRECT] WARNING: Couldn't flush system prefs: java.util.prefs.BackingStoreException: Couldn't get file lock.
2026-07-25 00:08:02,810 [ERROR] LogOutputStream:75 - [STDERR_REDIRECT] 
2026-07-25 00:08:32,809 [ERROR] LogOutputStream:75 - [STDERR_REDIRECT] Jul 25, 2026 12:08:32 AM java.util.prefs.FileSystemPreferences checkLockFile0ErrorCode
2026-07-25 00:08:32,810 [ERROR] LogOutputStream:75 - [STDERR_REDIRECT] WARNING: Could not lock System prefs. Unix error code 2.
2026-07-25 00:08:32,810 [ERROR] LogOutputStream:75 - [STDERR_REDIRECT] 
2026-07-25 00:08:32,810 [ERROR] LogOutputStream:75 - [STDERR_REDIRECT] Jul 25, 2026 12:08:32 AM java.util.prefs.FileSystemPreferences syncWorld
2026-07-25 00:08:32,810 [ERROR] LogOutputStream:75 - [STDERR_REDIRECT] WARNING: Couldn't flush system prefs: java.util.prefs.BackingStoreException: Couldn't get file lock.
2026-07-25 00:08:32,810 [ERROR] LogOutputStream:75 - [STDERR_REDIRECT] 
2026-07-25 00:09:02,809 [ERROR] LogOutputStream:75 - [STDERR_REDIRECT] Jul 25, 2026 12:09:02 AM java.util.prefs.FileSystemPreferences checkLockFile0ErrorCode
2026-07-25 00:09:02,810 [ERROR] LogOutputStream:75 - [STDERR_REDIRECT] WARNING: Could not lock System prefs. Unix error code 2.
2026-07-25 00:09:02,810 [ERROR] LogOutputStream:75 - [STDERR_REDIRECT] 
2026-07-25 00:09:02,810 [ERROR] LogOutputStream:75 - [STDERR_REDIRECT] Jul 25, 2026 12:09:02 AM java.util.prefs.FileSystemPreferences syncWorld
2026-07-25 00:09:02,810 [ERROR] LogOutputStream:75 - [STDERR_REDIRECT] WARNING: Couldn't flush system prefs: java.util.prefs.BackingStoreException: Couldn't get file lock.
2026-07-25 00:09:02,810 [ERROR] LogOutputStream:75 - [STDERR_REDIRECT] 
2026-07-25 00:09:32,810 [ERROR] LogOutputStream:75 - [STDERR_REDIRECT] Jul 25, 2026 12:09:32 AM java.util.prefs.FileSystemPreferences checkLockFile0ErrorCode
2026-07-25 00:09:32,811 [ERROR] LogOutputStream:75 - [STDERR_REDIRECT] WARNING: Could not lock System prefs. Unix error code 2.
2026-07-25 00:09:32,811 [ERROR] LogOutputStream:75 - [STDERR_REDIRECT] 
2026-07-25 00:09:32,811 [ERROR] LogOutputStream:75 - [STDERR_REDIRECT] Jul 25, 2026 12:09:32 AM java.util.prefs.FileSystemPreferences syncWorld
2026-07-25 00:09:32,811 [ERROR] LogOutputStream:75 - [STDERR_REDIRECT] WARNING: Couldn't flush system prefs: java.util.prefs.BackingStoreException: Couldn't get file lock.
2026-07-25 00:09:32,811 [ERROR] LogOutputStream:75 - [STDERR_REDIRECT] 
2026-07-25 00:10:02,810 [ERROR] LogOutputStream:75 - [STDERR_REDIRECT] Jul 25, 2026 12:10:02 AM java.util.prefs.FileSystemPreferences checkLockFile0ErrorCode
2026-07-25 00:10:02,810 [ERROR] LogOutputStream:75 - [STDERR_REDIRECT] WARNING: Could not lock System prefs. Unix error code 2.
2026-07-25 00:10:02,810 [ERROR] LogOutputStream:75 - [STDERR_REDIRECT] 
2026-07-25 00:10:02,810 [ERROR] LogOutputStream:75 - [STDERR_REDIRECT] Jul 25, 2026 12:10:02 AM java.util.prefs.FileSystemPreferences syncWorld
2026-07-25 00:10:02,810 [ERROR] LogOutputStream:75 - [STDERR_REDIRECT] WARNING: Couldn't flush system prefs: java.util.prefs.BackingStoreException: Couldn't get file lock.
2026-07-25 00:10:02,810 [ERROR] LogOutputStream:75 - [STDERR_REDIRECT] 
2026-07-25 00:10:32,811 [ERROR] LogOutputStream:75 - [STDERR_REDIRECT] Jul 25, 2026 12:10:32 AM java.util.prefs.FileSystemPreferences checkLockFile0ErrorCode
2026-07-25 00:10:32,811 [ERROR] LogOutputStream:75 - [STDERR_REDIRECT] WARNING: Could not lock System prefs. Unix error code 2.
2026-07-25 00:10:32,811 [ERROR] LogOutputStream:75 - [STDERR_REDIRECT] 
2026-07-25 00:10:32,811 [ERROR] LogOutputStream:75 - [STDERR_REDIRECT] Jul 25, 2026 12:10:32 AM java.util.prefs.FileSystemPreferences syncWorld
2026-07-25 00:10:32,811 [ERROR] LogOutputStream:75 - [STDERR_REDIRECT] WARNING: Couldn't flush system prefs: java.util.prefs.BackingStoreException: Couldn't get file lock.
2026-07-25 00:10:32,811 [ERROR] LogOutputStream:75 - [STDERR_REDIRECT] 
2026-07-25 00:11:02,812 [ERROR] LogOutputStream:75 - [STDERR_REDIRECT] Jul 25, 2026 12:11:02 AM java.util.prefs.FileSystemPreferences checkLockFile0ErrorCode
2026-07-25 00:11:02,812 [ERROR] LogOutputStream:75 - [STDERR_REDIRECT] WARNING: Could not lock System prefs. Unix error code 2.
2026-07-25 00:11:02,812 [ERROR] LogOutputStream:75 - [STDERR_REDIRECT] 
2026-07-25 00:11:02,812 [ERROR] LogOutputStream:75 - [STDERR_REDIRECT] Jul 25, 2026 12:11:02 AM java.util.prefs.FileSystemPreferences syncWorld
2026-07-25 00:11:02,812 [ERROR] LogOutputStream:75 - [STDERR_REDIRECT] WARNING: Couldn't flush system prefs: java.util.prefs.BackingStoreException: Couldn't get file lock.
2026-07-25 00:11:02,813 [ERROR] LogOutputStream:75 - [STDERR_REDIRECT] 
2026-07-25 00:11:32,812 [ERROR] LogOutputStream:75 - [STDERR_REDIRECT] Jul 25, 2026 12:11:32 AM java.util.prefs.FileSystemPreferences checkLockFile0ErrorCode
2026-07-25 00:11:32,812 [ERROR] LogOutputStream:75 - [STDERR_REDIRECT] WARNING: Could not lock System prefs. Unix error code 2.
2026-07-25 00:11:32,812 [ERROR] LogOutputStream:75 - [STDERR_REDIRECT] 
2026-07-25 00:11:32,812 [ERROR] LogOutputStream:75 - [STDERR_REDIRECT] Jul 25, 2026 12:11:32 AM java.util.prefs.FileSystemPreferences syncWorld
2026-07-25 00:11:32,812 [ERROR] LogOutputStream:75 - [STDERR_REDIRECT] WARNING: Couldn't flush system prefs: java.util.prefs.BackingStoreException: Couldn't get file lock.
2026-07-25 00:11:32,812 [ERROR] LogOutputStream:75 - [STDERR_REDIRECT] 
2026-07-25 00:12:02,813 [ERROR] LogOutputStream:75 - [STDERR_REDIRECT] Jul 25, 2026 12:12:02 AM java.util.prefs.FileSystemPreferences checkLockFile0ErrorCode
2026-07-25 00:12:02,813 [ERROR] LogOutputStream:75 - [STDERR_REDIRECT] WARNING: Could not lock System prefs. Unix error code 2.
2026-07-25 00:12:02,813 [ERROR] LogOutputStream:75 - [STDERR_REDIRECT] 
2026-07-25 00:12:02,814 [ERROR] LogOutputStream:75 - [STDERR_REDIRECT] Jul 25, 2026 12:12:02 AM java.util.prefs.FileSystemPreferences syncWorld
2026-07-25 00:12:02,814 [ERROR] LogOutputStream:75 - [STDERR_REDIRECT] WARNING: Couldn't flush system prefs: java.util.prefs.BackingStoreException: Couldn't get file lock.
2026-07-25 00:12:02,814 [ERROR] LogOutputStream:75 - [STDERR_REDIRECT] 
2026-07-25 00:12:32,813 [ERROR] LogOutputStream:75 - [STDERR_REDIRECT] Jul 25, 2026 12:12:32 AM java.util.prefs.FileSystemPreferences checkLockFile0ErrorCode
2026-07-25 00:12:32,814 [ERROR] LogOutputStream:75 - [STDERR_REDIRECT] WARNING: Could not lock System prefs. Unix error code 2.
2026-07-25 00:12:32,814 [ERROR] LogOutputStream:75 - [STDERR_REDIRECT] 
2026-07-25 00:12:32,814 [ERROR] LogOutputStream:75 - [STDERR_REDIRECT] Jul 25, 2026 12:12:32 AM java.util.prefs.FileSystemPreferences syncWorld
2026-07-25 00:12:32,814 [ERROR] LogOutputStream:75 - [STDERR_REDIRECT] WARNING: Couldn't flush system prefs: java.util.prefs.BackingStoreException: Couldn't get file lock.
2026-07-25 00:12:32,814 [ERROR] LogOutputStream:75 - [STDERR_REDIRECT] 
2026-07-25 00:13:02,813 [ERROR] LogOutputStream:75 - [STDERR_REDIRECT] Jul 25, 2026 12:13:02 AM java.util.prefs.FileSystemPreferences checkLockFile0ErrorCode
2026-07-25 00:13:02,813 [ERROR] LogOutputStream:75 - [STDERR_REDIRECT] WARNING: Could not lock System prefs. Unix error code 2.
2026-07-25 00:13:02,813 [ERROR] LogOutputStream:75 - [STDERR_REDIRECT] 
2026-07-25 00:13:02,813 [ERROR] LogOutputStream:75 - [STDERR_REDIRECT] Jul 25, 2026 12:13:02 AM java.util.prefs.FileSystemPreferences syncWorld
2026-07-25 00:13:02,813 [ERROR] LogOutputStream:75 - [STDERR_REDIRECT] WARNING: Couldn't flush system prefs: java.util.prefs.BackingStoreException: Couldn't get file lock.
2026-07-25 00:13:02,813 [ERROR] LogOutputStream:75 - [STDERR_REDIRECT] 
2026-07-25 00:13:32,813 [ERROR] LogOutputStream:75 - [STDERR_REDIRECT] Jul 25, 2026 12:13:32 AM java.util.prefs.FileSystemPreferences checkLockFile0ErrorCode
2026-07-25 00:13:32,814 [ERROR] LogOutputStream:75 - [STDERR_REDIRECT] WARNING: Could not lock System prefs. Unix error code 2.
2026-07-25 00:13:32,814 [ERROR] LogOutputStream:75 - [STDERR_REDIRECT] 
2026-07-25 00:13:32,814 [ERROR] LogOutputStream:75 - [STDERR_REDIRECT] Jul 25, 2026 12:13:32 AM java.util.prefs.FileSystemPreferences syncWorld
2026-07-25 00:13:32,814 [ERROR] LogOutputStream:75 - [STDERR_REDIRECT] WARNING: Couldn't flush system prefs: java.util.prefs.BackingStoreException: Couldn't get file lock.
2026-07-25 00:13:32,814 [ERROR] LogOutputStream:75 - [STDERR_REDIRECT] 
2026-07-25 00:14:02,815 [ERROR] LogOutputStream:75 - [STDERR_REDIRECT] Jul 25, 2026 12:14:02 AM java.util.prefs.FileSystemPreferences checkLockFile0ErrorCode
2026-07-25 00:14:02,815 [ERROR] LogOutputStream:75 - [STDERR_REDIRECT] WARNING: Could not lock System prefs. Unix error code 2.
2026-07-25 00:14:02,815 [ERROR] LogOutputStream:75 - [STDERR_REDIRECT] 
2026-07-25 00:14:02,816 [ERROR] LogOutputStream:75 - [STDERR_REDIRECT] Jul 25, 2026 12:14:02 AM java.util.prefs.FileSystemPreferences syncWorld
2026-07-25 00:14:02,816 [ERROR] LogOutputStream:75 - [STDERR_REDIRECT] WARNING: Couldn't flush system prefs: java.util.prefs.BackingStoreException: Couldn't get file lock.
2026-07-25 00:14:02,816 [ERROR] LogOutputStream:75 - [STDERR_REDIRECT] 
2026-07-25 00:14:32,815 [ERROR] LogOutputStream:75 - [STDERR_REDIRECT] Jul 25, 2026 12:14:32 AM java.util.prefs.FileSystemPreferences checkLockFile0ErrorCode
2026-07-25 00:14:32,815 [ERROR] LogOutputStream:75 - [STDERR_REDIRECT] WARNING: Could not lock System prefs. Unix error code 2.
2026-07-25 00:14:32,815 [ERROR] LogOutputStream:75 - [STDERR_REDIRECT] 
2026-07-25 00:14:32,815 [ERROR] LogOutputStream:75 - [STDERR_REDIRECT] Jul 25, 2026 12:14:32 AM java.util.prefs.FileSystemPreferences syncWorld
2026-07-25 00:14:32,816 [ERROR] LogOutputStream:75 - [STDERR_REDIRECT] WARNING: Couldn't flush system prefs: java.util.prefs.BackingStoreException: Couldn't get file lock.
2026-07-25 00:14:32,816 [ERROR] LogOutputStream:75 - [STDERR_REDIRECT] 
2026-07-25 00:15:02,815 [ERROR] LogOutputStream:75 - [STDERR_REDIRECT] Jul 25, 2026 12:15:02 AM java.util.prefs.FileSystemPreferences checkLockFile0ErrorCode
2026-07-25 00:15:02,815 [ERROR] LogOutputStream:75 - [STDERR_REDIRECT] WARNING: Could not lock System prefs. Unix error code 2.
2026-07-25 00:15:02,816 [ERROR] LogOutputStream:75 - [STDERR_REDIRECT] 
2026-07-25 00:15:02,816 [ERROR] LogOutputStream:75 - [STDERR_REDIRECT] Jul 25, 2026 12:15:02 AM java.util.prefs.FileSystemPreferences syncWorld
2026-07-25 00:15:02,816 [ERROR] LogOutputStream:75 - [STDERR_REDIRECT] WARNING: Couldn't flush system prefs: java.util.prefs.BackingStoreException: Couldn't get file lock.
2026-07-25 00:15:02,816 [ERROR] LogOutputStream:75 - [STDERR_REDIRECT] 
2026-07-25 00:15:32,815 [ERROR] LogOutputStream:75 - [STDERR_REDIRECT] Jul 25, 2026 12:15:32 AM java.util.prefs.FileSystemPreferences checkLockFile0ErrorCode
2026-07-25 00:15:32,815 [ERROR] LogOutputStream:75 - [STDERR_REDIRECT] WARNING: Could not lock System prefs. Unix error code 2.
2026-07-25 00:15:32,815 [ERROR] LogOutputStream:75 - [STDERR_REDIRECT] 
2026-07-25 00:15:32,816 [ERROR] LogOutputStream:75 - [STDERR_REDIRECT] Jul 25, 2026 12:15:32 AM java.util.prefs.FileSystemPreferences syncWorld
2026-07-25 00:15:32,816 [ERROR] LogOutputStream:75 - [STDERR_REDIRECT] WARNING: Couldn't flush system prefs: java.util.prefs.BackingStoreException: Couldn't get file lock.
2026-07-25 00:15:32,816 [ERROR] LogOutputStream:75 - [STDERR_REDIRECT] 
2026-07-25 00:16:02,815 [ERROR] LogOutputStream:75 - [STDERR_REDIRECT] Jul 25, 2026 12:16:02 AM java.util.prefs.FileSystemPreferences checkLockFile0ErrorCode
2026-07-25 00:16:02,815 [ERROR] LogOutputStream:75 - [STDERR_REDIRECT] WARNING: Could not lock System prefs. Unix error code 2.
2026-07-25 00:16:02,815 [ERROR] LogOutputStream:75 - [STDERR_REDIRECT] 
2026-07-25 00:16:02,816 [ERROR] LogOutputStream:75 - [STDERR_REDIRECT] Jul 25, 2026 12:16:02 AM java.util.prefs.FileSystemPreferences syncWorld
2026-07-25 00:16:02,816 [ERROR] LogOutputStream:75 - [STDERR_REDIRECT] WARNING: Couldn't flush system prefs: java.util.prefs.BackingStoreException: Couldn't get file lock.
2026-07-25 00:16:02,816 [ERROR] LogOutputStream:75 - [STDERR_REDIRECT] 
2026-07-25 00:16:32,815 [ERROR] LogOutputStream:75 - [STDERR_REDIRECT] Jul 25, 2026 12:16:32 AM java.util.prefs.FileSystemPreferences checkLockFile0ErrorCode
2026-07-25 00:16:32,815 [ERROR] LogOutputStream:75 - [STDERR_REDIRECT] WARNING: Could not lock System prefs. Unix error code 2.
2026-07-25 00:16:32,815 [ERROR] LogOutputStream:75 - [STDERR_REDIRECT] 
2026-07-25 00:16:32,815 [ERROR] LogOutputStream:75 - [STDERR_REDIRECT] Jul 25, 2026 12:16:32 AM java.util.prefs.FileSystemPreferences syncWorld
2026-07-25 00:16:32,815 [ERROR] LogOutputStream:75 - [STDERR_REDIRECT] WARNING: Couldn't flush system prefs: java.util.prefs.BackingStoreException: Couldn't get file lock.
2026-07-25 00:16:32,815 [ERROR] LogOutputStream:75 - [STDERR_REDIRECT] 
2026-07-25 00:17:02,816 [ERROR] LogOutputStream:75 - [STDERR_REDIRECT] Jul 25, 2026 12:17:02 AM java.util.prefs.FileSystemPreferences checkLockFile0ErrorCode
2026-07-25 00:17:02,816 [ERROR] LogOutputStream:75 - [STDERR_REDIRECT] WARNING: Could not lock System prefs. Unix error code 2.
2026-07-25 00:17:02,816 [ERROR] LogOutputStream:75 - [STDERR_REDIRECT] 
2026-07-25 00:17:02,816 [ERROR] LogOutputStream:75 - [STDERR_REDIRECT] Jul 25, 2026 12:17:02 AM java.util.prefs.FileSystemPreferences syncWorld
2026-07-25 00:17:02,816 [ERROR] LogOutputStream:75 - [STDERR_REDIRECT] WARNING: Couldn't flush system prefs: java.util.prefs.BackingStoreException: Couldn't get file lock.
2026-07-25 00:17:02,816 [ERROR] LogOutputStream:75 - [STDERR_REDIRECT] 
2026-07-25 00:17:32,816 [ERROR] LogOutputStream:75 - [STDERR_REDIRECT] Jul 25, 2026 12:17:32 AM java.util.prefs.FileSystemPreferences checkLockFile0ErrorCode
2026-07-25 00:17:32,816 [ERROR] LogOutputStream:75 - [STDERR_REDIRECT] WARNING: Could not lock System prefs. Unix error code 2.
2026-07-25 00:17:32,817 [ERROR] LogOutputStream:75 - [STDERR_REDIRECT] 
2026-07-25 00:17:32,817 [ERROR] LogOutputStream:75 - [STDERR_REDIRECT] Jul 25, 2026 12:17:32 AM java.util.prefs.FileSystemPreferences syncWorld
2026-07-25 00:17:32,817 [ERROR] LogOutputStream:75 - [STDERR_REDIRECT] WARNING: Couldn't flush system prefs: java.util.prefs.BackingStoreException: Couldn't get file lock.
2026-07-25 00:17:32,817 [ERROR] LogOutputStream:75 - [STDERR_REDIRECT] 
2026-07-25 00:18:02,816 [ERROR] LogOutputStream:75 - [STDERR_REDIRECT] Jul 25, 2026 12:18:02 AM java.util.prefs.FileSystemPreferences checkLockFile0ErrorCode
2026-07-25 00:18:02,816 [ERROR] LogOutputStream:75 - [STDERR_REDIRECT] WARNING: Could not lock System prefs. Unix error code 2.
2026-07-25 00:18:02,816 [ERROR] LogOutputStream:75 - [STDERR_REDIRECT] 
2026-07-25 00:18:02,816 [ERROR] LogOutputStream:75 - [STDERR_REDIRECT] Jul 25, 2026 12:18:02 AM java.util.prefs.FileSystemPreferences syncWorld
2026-07-25 00:18:02,816 [ERROR] LogOutputStream:75 - [STDERR_REDIRECT] WARNING: Couldn't flush system prefs: java.util.prefs.BackingStoreException: Couldn't get file lock.
2026-07-25 00:18:02,817 [ERROR] LogOutputStream:75 - [STDERR_REDIRECT] 
2026-07-25 00:18:32,816 [ERROR] LogOutputStream:75 - [STDERR_REDIRECT] Jul 25, 2026 12:18:32 AM java.util.prefs.FileSystemPreferences checkLockFile0ErrorCode
2026-07-25 00:18:32,816 [ERROR] LogOutputStream:75 - [STDERR_REDIRECT] WARNING: Could not lock System prefs. Unix error code 2.
2026-07-25 00:18:32,817 [ERROR] LogOutputStream:75 - [STDERR_REDIRECT] 
2026-07-25 00:18:32,817 [ERROR] LogOutputStream:75 - [STDERR_REDIRECT] Jul 25, 2026 12:18:32 AM java.util.prefs.FileSystemPreferences syncWorld
2026-07-25 00:18:32,817 [ERROR] LogOutputStream:75 - [STDERR_REDIRECT] WARNING: Couldn't flush system prefs: java.util.prefs.BackingStoreException: Couldn't get file lock.
2026-07-25 00:18:32,817 [ERROR] LogOutputStream:75 - [STDERR_REDIRECT] 
2026-07-25 00:19:02,815 [ERROR] LogOutputStream:75 - [STDERR_REDIRECT] Jul 25, 2026 12:19:02 AM java.util.prefs.FileSystemPreferences checkLockFile0ErrorCode
2026-07-25 00:19:02,816 [ERROR] LogOutputStream:75 - [STDERR_REDIRECT] WARNING: Could not lock System prefs. Unix error code 2.
2026-07-25 00:19:02,816 [ERROR] LogOutputStream:75 - [STDERR_REDIRECT] 
2026-07-25 00:19:02,816 [ERROR] LogOutputStream:75 - [STDERR_REDIRECT] Jul 25, 2026 12:19:02 AM java.util.prefs.FileSystemPreferences syncWorld
2026-07-25 00:19:02,816 [ERROR] LogOutputStream:75 - [STDERR_REDIRECT] WARNING: Couldn't flush system prefs: java.util.prefs.BackingStoreException: Couldn't get file lock.
2026-07-25 00:19:02,816 [ERROR] LogOutputStream:75 - [STDERR_REDIRECT] 
2026-07-25 00:19:03,501 [ERROR] LogOutputStream:75 - [STDERR_REDIRECT] 
