2026-07-21 00:00:04,364 [ERROR] LogOutputStream:75 - [STDERR_REDIRECT] Jul 21, 2026 12:00:04 AM java.util.prefs.FileSystemPreferences checkLockFile0ErrorCode
2026-07-21 00:00:04,369 [ERROR] LogOutputStream:75 - [STDERR_REDIRECT] WARNING: Could not lock System prefs. Unix error code 2.
2026-07-21 00:00:04,369 [ERROR] LogOutputStream:75 - [STDERR_REDIRECT] 
2026-07-21 00:00:04,369 [ERROR] LogOutputStream:75 - [STDERR_REDIRECT] Jul 21, 2026 12:00:04 AM java.util.prefs.FileSystemPreferences syncWorld
2026-07-21 00:00:04,369 [ERROR] LogOutputStream:75 - [STDERR_REDIRECT] WARNING: Couldn't flush system prefs: java.util.prefs.BackingStoreException: Couldn't get file lock.
2026-07-21 00:00:04,369 [ERROR] LogOutputStream:75 - [STDERR_REDIRECT] 
2026-07-21 00:00:34,369 [ERROR] LogOutputStream:75 - [STDERR_REDIRECT] Jul 21, 2026 12:00:34 AM java.util.prefs.FileSystemPreferences checkLockFile0ErrorCode
2026-07-21 00:00:34,369 [ERROR] LogOutputStream:75 - [STDERR_REDIRECT] WARNING: Could not lock System prefs. Unix error code 2.
2026-07-21 00:00:34,369 [ERROR] LogOutputStream:75 - [STDERR_REDIRECT] 
2026-07-21 00:00:34,370 [ERROR] LogOutputStream:75 - [STDERR_REDIRECT] Jul 21, 2026 12:00:34 AM java.util.prefs.FileSystemPreferences syncWorld
2026-07-21 00:00:34,370 [ERROR] LogOutputStream:75 - [STDERR_REDIRECT] WARNING: Couldn't flush system prefs: java.util.prefs.BackingStoreException: Couldn't get file lock.
2026-07-21 00:00:34,370 [ERROR] LogOutputStream:75 - [STDERR_REDIRECT] 
2026-07-21 00:01:04,366 [ERROR] LogOutputStream:75 - [STDERR_REDIRECT] Jul 21, 2026 12:01:04 AM java.util.prefs.FileSystemPreferences checkLockFile0ErrorCode
2026-07-21 00:01:04,367 [ERROR] LogOutputStream:75 - [STDERR_REDIRECT] WARNING: Could not lock System prefs. Unix error code 2.
2026-07-21 00:01:04,367 [ERROR] LogOutputStream:75 - [STDERR_REDIRECT] 
2026-07-21 00:01:04,367 [ERROR] LogOutputStream:75 - [STDERR_REDIRECT] Jul 21, 2026 12:01:04 AM java.util.prefs.FileSystemPreferences syncWorld
2026-07-21 00:01:04,368 [ERROR] LogOutputStream:75 - [STDERR_REDIRECT] WARNING: Couldn't flush system prefs: java.util.prefs.BackingStoreException: Couldn't get file lock.
2026-07-21 00:01:04,368 [ERROR] LogOutputStream:75 - [STDERR_REDIRECT] 
2026-07-21 00:01:34,364 [ERROR] LogOutputStream:75 - [STDERR_REDIRECT] Jul 21, 2026 12:01:34 AM java.util.prefs.FileSystemPreferences checkLockFile0ErrorCode
2026-07-21 00:01:34,364 [ERROR] LogOutputStream:75 - [STDERR_REDIRECT] WARNING: Could not lock System prefs. Unix error code 2.
2026-07-21 00:01:34,365 [ERROR] LogOutputStream:75 - [STDERR_REDIRECT] 
2026-07-21 00:01:34,365 [ERROR] LogOutputStream:75 - [STDERR_REDIRECT] Jul 21, 2026 12:01:34 AM java.util.prefs.FileSystemPreferences syncWorld
2026-07-21 00:01:34,365 [ERROR] LogOutputStream:75 - [STDERR_REDIRECT] WARNING: Couldn't flush system prefs: java.util.prefs.BackingStoreException: Couldn't get file lock.
2026-07-21 00:01:34,365 [ERROR] LogOutputStream:75 - [STDERR_REDIRECT] 
2026-07-21 00:02:04,365 [ERROR] LogOutputStream:75 - [STDERR_REDIRECT] Jul 21, 2026 12:02:04 AM java.util.prefs.FileSystemPreferences checkLockFile0ErrorCode
2026-07-21 00:02:04,365 [ERROR] LogOutputStream:75 - [STDERR_REDIRECT] WARNING: Could not lock System prefs. Unix error code 2.
2026-07-21 00:02:04,365 [ERROR] LogOutputStream:75 - [STDERR_REDIRECT] 
2026-07-21 00:02:04,366 [ERROR] LogOutputStream:75 - [STDERR_REDIRECT] Jul 21, 2026 12:02:04 AM java.util.prefs.FileSystemPreferences syncWorld
2026-07-21 00:02:04,366 [ERROR] LogOutputStream:75 - [STDERR_REDIRECT] WARNING: Couldn't flush system prefs: java.util.prefs.BackingStoreException: Couldn't get file lock.
2026-07-21 00:02:04,366 [ERROR] LogOutputStream:75 - [STDERR_REDIRECT] 
2026-07-21 00:02:34,365 [ERROR] LogOutputStream:75 - [STDERR_REDIRECT] Jul 21, 2026 12:02:34 AM java.util.prefs.FileSystemPreferences checkLockFile0ErrorCode
2026-07-21 00:02:34,365 [ERROR] LogOutputStream:75 - [STDERR_REDIRECT] WARNING: Could not lock System prefs. Unix error code 2.
2026-07-21 00:02:34,365 [ERROR] LogOutputStream:75 - [STDERR_REDIRECT] 
2026-07-21 00:02:34,366 [ERROR] LogOutputStream:75 - [STDERR_REDIRECT] Jul 21, 2026 12:02:34 AM java.util.prefs.FileSystemPreferences syncWorld
2026-07-21 00:02:34,366 [ERROR] LogOutputStream:75 - [STDERR_REDIRECT] WARNING: Couldn't flush system prefs: java.util.prefs.BackingStoreException: Couldn't get file lock.
2026-07-21 00:02:34,366 [ERROR] LogOutputStream:75 - [STDERR_REDIRECT] 
2026-07-21 00:03:04,365 [ERROR] LogOutputStream:75 - [STDERR_REDIRECT] Jul 21, 2026 12:03:04 AM java.util.prefs.FileSystemPreferences checkLockFile0ErrorCode
2026-07-21 00:03:04,365 [ERROR] LogOutputStream:75 - [STDERR_REDIRECT] WARNING: Could not lock System prefs. Unix error code 2.
2026-07-21 00:03:04,365 [ERROR] LogOutputStream:75 - [STDERR_REDIRECT] 
2026-07-21 00:03:04,366 [ERROR] LogOutputStream:75 - [STDERR_REDIRECT] Jul 21, 2026 12:03:04 AM java.util.prefs.FileSystemPreferences syncWorld
2026-07-21 00:03:04,366 [ERROR] LogOutputStream:75 - [STDERR_REDIRECT] WARNING: Couldn't flush system prefs: java.util.prefs.BackingStoreException: Couldn't get file lock.
2026-07-21 00:03:04,366 [ERROR] LogOutputStream:75 - [STDERR_REDIRECT] 
2026-07-21 00:03:34,365 [ERROR] LogOutputStream:75 - [STDERR_REDIRECT] Jul 21, 2026 12:03:34 AM java.util.prefs.FileSystemPreferences checkLockFile0ErrorCode
2026-07-21 00:03:34,365 [ERROR] LogOutputStream:75 - [STDERR_REDIRECT] WARNING: Could not lock System prefs. Unix error code 2.
2026-07-21 00:03:34,365 [ERROR] LogOutputStream:75 - [STDERR_REDIRECT] 
2026-07-21 00:03:34,365 [ERROR] LogOutputStream:75 - [STDERR_REDIRECT] Jul 21, 2026 12:03:34 AM java.util.prefs.FileSystemPreferences syncWorld
2026-07-21 00:03:34,366 [ERROR] LogOutputStream:75 - [STDERR_REDIRECT] WARNING: Couldn't flush system prefs: java.util.prefs.BackingStoreException: Couldn't get file lock.
2026-07-21 00:03:34,366 [ERROR] LogOutputStream:75 - [STDERR_REDIRECT] 
2026-07-21 00:04:04,364 [ERROR] LogOutputStream:75 - [STDERR_REDIRECT] Jul 21, 2026 12:04:04 AM java.util.prefs.FileSystemPreferences checkLockFile0ErrorCode
2026-07-21 00:04:04,364 [ERROR] LogOutputStream:75 - [STDERR_REDIRECT] WARNING: Could not lock System prefs. Unix error code 2.
2026-07-21 00:04:04,365 [ERROR] LogOutputStream:75 - [STDERR_REDIRECT] 
2026-07-21 00:04:04,365 [ERROR] LogOutputStream:75 - [STDERR_REDIRECT] Jul 21, 2026 12:04:04 AM java.util.prefs.FileSystemPreferences syncWorld
2026-07-21 00:04:04,365 [ERROR] LogOutputStream:75 - [STDERR_REDIRECT] WARNING: Couldn't flush system prefs: java.util.prefs.BackingStoreException: Couldn't get file lock.
2026-07-21 00:04:04,365 [ERROR] LogOutputStream:75 - [STDERR_REDIRECT] 
2026-07-21 00:04:34,364 [ERROR] LogOutputStream:75 - [STDERR_REDIRECT] Jul 21, 2026 12:04:34 AM java.util.prefs.FileSystemPreferences checkLockFile0ErrorCode
2026-07-21 00:04:34,365 [ERROR] LogOutputStream:75 - [STDERR_REDIRECT] WARNING: Could not lock System prefs. Unix error code 2.
2026-07-21 00:04:34,365 [ERROR] LogOutputStream:75 - [STDERR_REDIRECT] 
2026-07-21 00:04:34,365 [ERROR] LogOutputStream:75 - [STDERR_REDIRECT] Jul 21, 2026 12:04:34 AM java.util.prefs.FileSystemPreferences syncWorld
2026-07-21 00:04:34,365 [ERROR] LogOutputStream:75 - [STDERR_REDIRECT] WARNING: Couldn't flush system prefs: java.util.prefs.BackingStoreException: Couldn't get file lock.
2026-07-21 00:04:34,365 [ERROR] LogOutputStream:75 - [STDERR_REDIRECT] 
2026-07-21 00:05:04,365 [ERROR] LogOutputStream:75 - [STDERR_REDIRECT] Jul 21, 2026 12:05:04 AM java.util.prefs.FileSystemPreferences checkLockFile0ErrorCode
2026-07-21 00:05:04,365 [ERROR] LogOutputStream:75 - [STDERR_REDIRECT] WARNING: Could not lock System prefs. Unix error code 2.
2026-07-21 00:05:04,365 [ERROR] LogOutputStream:75 - [STDERR_REDIRECT] 
2026-07-21 00:05:04,366 [ERROR] LogOutputStream:75 - [STDERR_REDIRECT] Jul 21, 2026 12:05:04 AM java.util.prefs.FileSystemPreferences syncWorld
2026-07-21 00:05:04,366 [ERROR] LogOutputStream:75 - [STDERR_REDIRECT] WARNING: Couldn't flush system prefs: java.util.prefs.BackingStoreException: Couldn't get file lock.
2026-07-21 00:05:04,366 [ERROR] LogOutputStream:75 - [STDERR_REDIRECT] 
2026-07-21 00:05:34,364 [ERROR] LogOutputStream:75 - [STDERR_REDIRECT] Jul 21, 2026 12:05:34 AM java.util.prefs.FileSystemPreferences checkLockFile0ErrorCode
2026-07-21 00:05:34,365 [ERROR] LogOutputStream:75 - [STDERR_REDIRECT] WARNING: Could not lock System prefs. Unix error code 2.
2026-07-21 00:05:34,365 [ERROR] LogOutputStream:75 - [STDERR_REDIRECT] 
2026-07-21 00:05:34,365 [ERROR] LogOutputStream:75 - [STDERR_REDIRECT] Jul 21, 2026 12:05:34 AM java.util.prefs.FileSystemPreferences syncWorld
2026-07-21 00:05:34,365 [ERROR] LogOutputStream:75 - [STDERR_REDIRECT] WARNING: Couldn't flush system prefs: java.util.prefs.BackingStoreException: Couldn't get file lock.
2026-07-21 00:05:34,365 [ERROR] LogOutputStream:75 - [STDERR_REDIRECT] 
2026-07-21 00:06:04,366 [ERROR] LogOutputStream:75 - [STDERR_REDIRECT] Jul 21, 2026 12:06:04 AM java.util.prefs.FileSystemPreferences checkLockFile0ErrorCode
2026-07-21 00:06:04,367 [ERROR] LogOutputStream:75 - [STDERR_REDIRECT] WARNING: Could not lock System prefs. Unix error code 2.
2026-07-21 00:06:04,367 [ERROR] LogOutputStream:75 - [STDERR_REDIRECT] 
2026-07-21 00:06:04,367 [ERROR] LogOutputStream:75 - [STDERR_REDIRECT] Jul 21, 2026 12:06:04 AM java.util.prefs.FileSystemPreferences syncWorld
2026-07-21 00:06:04,367 [ERROR] LogOutputStream:75 - [STDERR_REDIRECT] WARNING: Couldn't flush system prefs: java.util.prefs.BackingStoreException: Couldn't get file lock.
2026-07-21 00:06:04,367 [ERROR] LogOutputStream:75 - [STDERR_REDIRECT] 
2026-07-21 00:06:34,367 [ERROR] LogOutputStream:75 - [STDERR_REDIRECT] Jul 21, 2026 12:06:34 AM java.util.prefs.FileSystemPreferences checkLockFile0ErrorCode
2026-07-21 00:06:34,367 [ERROR] LogOutputStream:75 - [STDERR_REDIRECT] WARNING: Could not lock System prefs. Unix error code 2.
2026-07-21 00:06:34,367 [ERROR] LogOutputStream:75 - [STDERR_REDIRECT] 
2026-07-21 00:06:34,368 [ERROR] LogOutputStream:75 - [STDERR_REDIRECT] Jul 21, 2026 12:06:34 AM java.util.prefs.FileSystemPreferences syncWorld
2026-07-21 00:06:34,368 [ERROR] LogOutputStream:75 - [STDERR_REDIRECT] WARNING: Couldn't flush system prefs: java.util.prefs.BackingStoreException: Couldn't get file lock.
2026-07-21 00:06:34,368 [ERROR] LogOutputStream:75 - [STDERR_REDIRECT] 
2026-07-21 00:07:04,368 [ERROR] LogOutputStream:75 - [STDERR_REDIRECT] Jul 21, 2026 12:07:04 AM java.util.prefs.FileSystemPreferences checkLockFile0ErrorCode
2026-07-21 00:07:04,368 [ERROR] LogOutputStream:75 - [STDERR_REDIRECT] WARNING: Could not lock System prefs. Unix error code 2.
2026-07-21 00:07:04,369 [ERROR] LogOutputStream:75 - [STDERR_REDIRECT] 
2026-07-21 00:07:04,369 [ERROR] LogOutputStream:75 - [STDERR_REDIRECT] Jul 21, 2026 12:07:04 AM java.util.prefs.FileSystemPreferences syncWorld
2026-07-21 00:07:04,369 [ERROR] LogOutputStream:75 - [STDERR_REDIRECT] WARNING: Couldn't flush system prefs: java.util.prefs.BackingStoreException: Couldn't get file lock.
2026-07-21 00:07:04,369 [ERROR] LogOutputStream:75 - [STDERR_REDIRECT] 
2026-07-21 00:07:34,369 [ERROR] LogOutputStream:75 - [STDERR_REDIRECT] Jul 21, 2026 12:07:34 AM java.util.prefs.FileSystemPreferences checkLockFile0ErrorCode
2026-07-21 00:07:34,370 [ERROR] LogOutputStream:75 - [STDERR_REDIRECT] WARNING: Could not lock System prefs. Unix error code 2.
2026-07-21 00:07:34,370 [ERROR] LogOutputStream:75 - [STDERR_REDIRECT] 
2026-07-21 00:07:34,370 [ERROR] LogOutputStream:75 - [STDERR_REDIRECT] Jul 21, 2026 12:07:34 AM java.util.prefs.FileSystemPreferences syncWorld
2026-07-21 00:07:34,370 [ERROR] LogOutputStream:75 - [STDERR_REDIRECT] WARNING: Couldn't flush system prefs: java.util.prefs.BackingStoreException: Couldn't get file lock.
2026-07-21 00:07:34,370 [ERROR] LogOutputStream:75 - [STDERR_REDIRECT] 
2026-07-21 00:08:04,370 [ERROR] LogOutputStream:75 - [STDERR_REDIRECT] Jul 21, 2026 12:08:04 AM java.util.prefs.FileSystemPreferences checkLockFile0ErrorCode
2026-07-21 00:08:04,371 [ERROR] LogOutputStream:75 - [STDERR_REDIRECT] WARNING: Could not lock System prefs. Unix error code 2.
2026-07-21 00:08:04,371 [ERROR] LogOutputStream:75 - [STDERR_REDIRECT] 
2026-07-21 00:08:04,371 [ERROR] LogOutputStream:75 - [STDERR_REDIRECT] Jul 21, 2026 12:08:04 AM java.util.prefs.FileSystemPreferences syncWorld
2026-07-21 00:08:04,371 [ERROR] LogOutputStream:75 - [STDERR_REDIRECT] WARNING: Couldn't flush system prefs: java.util.prefs.BackingStoreException: Couldn't get file lock.
2026-07-21 00:08:04,371 [ERROR] LogOutputStream:75 - [STDERR_REDIRECT] 
2026-07-21 00:08:34,370 [ERROR] LogOutputStream:75 - [STDERR_REDIRECT] Jul 21, 2026 12:08:34 AM java.util.prefs.FileSystemPreferences checkLockFile0ErrorCode
2026-07-21 00:08:34,371 [ERROR] LogOutputStream:75 - [STDERR_REDIRECT] WARNING: Could not lock System prefs. Unix error code 2.
2026-07-21 00:08:34,371 [ERROR] LogOutputStream:75 - [STDERR_REDIRECT] 
2026-07-21 00:08:34,371 [ERROR] LogOutputStream:75 - [STDERR_REDIRECT] Jul 21, 2026 12:08:34 AM java.util.prefs.FileSystemPreferences syncWorld
2026-07-21 00:08:34,371 [ERROR] LogOutputStream:75 - [STDERR_REDIRECT] WARNING: Couldn't flush system prefs: java.util.prefs.BackingStoreException: Couldn't get file lock.
2026-07-21 00:08:34,371 [ERROR] LogOutputStream:75 - [STDERR_REDIRECT] 
2026-07-21 00:09:04,372 [ERROR] LogOutputStream:75 - [STDERR_REDIRECT] Jul 21, 2026 12:09:04 AM java.util.prefs.FileSystemPreferences checkLockFile0ErrorCode
2026-07-21 00:09:04,372 [ERROR] LogOutputStream:75 - [STDERR_REDIRECT] WARNING: Could not lock System prefs. Unix error code 2.
2026-07-21 00:09:04,372 [ERROR] LogOutputStream:75 - [STDERR_REDIRECT] 
2026-07-21 00:09:04,372 [ERROR] LogOutputStream:75 - [STDERR_REDIRECT] Jul 21, 2026 12:09:04 AM java.util.prefs.FileSystemPreferences syncWorld
2026-07-21 00:09:04,373 [ERROR] LogOutputStream:75 - [STDERR_REDIRECT] WARNING: Couldn't flush system prefs: java.util.prefs.BackingStoreException: Couldn't get file lock.
2026-07-21 00:09:04,373 [ERROR] LogOutputStream:75 - [STDERR_REDIRECT] 
2026-07-21 00:09:34,372 [ERROR] LogOutputStream:75 - [STDERR_REDIRECT] Jul 21, 2026 12:09:34 AM java.util.prefs.FileSystemPreferences checkLockFile0ErrorCode
2026-07-21 00:09:34,372 [ERROR] LogOutputStream:75 - [STDERR_REDIRECT] WARNING: Could not lock System prefs. Unix error code 2.
2026-07-21 00:09:34,372 [ERROR] LogOutputStream:75 - [STDERR_REDIRECT] 
2026-07-21 00:09:34,372 [ERROR] LogOutputStream:75 - [STDERR_REDIRECT] Jul 21, 2026 12:09:34 AM java.util.prefs.FileSystemPreferences syncWorld
2026-07-21 00:09:34,372 [ERROR] LogOutputStream:75 - [STDERR_REDIRECT] WARNING: Couldn't flush system prefs: java.util.prefs.BackingStoreException: Couldn't get file lock.
2026-07-21 00:09:34,372 [ERROR] LogOutputStream:75 - [STDERR_REDIRECT] 
2026-07-21 00:10:04,371 [ERROR] LogOutputStream:75 - [STDERR_REDIRECT] Jul 21, 2026 12:10:04 AM java.util.prefs.FileSystemPreferences checkLockFile0ErrorCode
2026-07-21 00:10:04,372 [ERROR] LogOutputStream:75 - [STDERR_REDIRECT] WARNING: Could not lock System prefs. Unix error code 2.
2026-07-21 00:10:04,372 [ERROR] LogOutputStream:75 - [STDERR_REDIRECT] 
2026-07-21 00:10:04,372 [ERROR] LogOutputStream:75 - [STDERR_REDIRECT] Jul 21, 2026 12:10:04 AM java.util.prefs.FileSystemPreferences syncWorld
2026-07-21 00:10:04,372 [ERROR] LogOutputStream:75 - [STDERR_REDIRECT] WARNING: Couldn't flush system prefs: java.util.prefs.BackingStoreException: Couldn't get file lock.
2026-07-21 00:10:04,372 [ERROR] LogOutputStream:75 - [STDERR_REDIRECT] 
2026-07-21 00:10:34,371 [ERROR] LogOutputStream:75 - [STDERR_REDIRECT] Jul 21, 2026 12:10:34 AM java.util.prefs.FileSystemPreferences checkLockFile0ErrorCode
2026-07-21 00:10:34,371 [ERROR] LogOutputStream:75 - [STDERR_REDIRECT] WARNING: Could not lock System prefs. Unix error code 2.
2026-07-21 00:10:34,371 [ERROR] LogOutputStream:75 - [STDERR_REDIRECT] 
2026-07-21 00:10:34,371 [ERROR] LogOutputStream:75 - [STDERR_REDIRECT] Jul 21, 2026 12:10:34 AM java.util.prefs.FileSystemPreferences syncWorld
2026-07-21 00:10:34,372 [ERROR] LogOutputStream:75 - [STDERR_REDIRECT] WARNING: Couldn't flush system prefs: java.util.prefs.BackingStoreException: Couldn't get file lock.
2026-07-21 00:10:34,372 [ERROR] LogOutputStream:75 - [STDERR_REDIRECT] 
2026-07-21 00:11:04,372 [ERROR] LogOutputStream:75 - [STDERR_REDIRECT] Jul 21, 2026 12:11:04 AM java.util.prefs.FileSystemPreferences checkLockFile0ErrorCode
2026-07-21 00:11:04,372 [ERROR] LogOutputStream:75 - [STDERR_REDIRECT] WARNING: Could not lock System prefs. Unix error code 2.
2026-07-21 00:11:04,372 [ERROR] LogOutputStream:75 - [STDERR_REDIRECT] 
2026-07-21 00:11:04,372 [ERROR] LogOutputStream:75 - [STDERR_REDIRECT] Jul 21, 2026 12:11:04 AM java.util.prefs.FileSystemPreferences syncWorld
2026-07-21 00:11:04,373 [ERROR] LogOutputStream:75 - [STDERR_REDIRECT] WARNING: Couldn't flush system prefs: java.util.prefs.BackingStoreException: Couldn't get file lock.
2026-07-21 00:11:04,373 [ERROR] LogOutputStream:75 - [STDERR_REDIRECT] 
2026-07-21 00:11:34,372 [ERROR] LogOutputStream:75 - [STDERR_REDIRECT] Jul 21, 2026 12:11:34 AM java.util.prefs.FileSystemPreferences checkLockFile0ErrorCode
2026-07-21 00:11:34,373 [ERROR] LogOutputStream:75 - [STDERR_REDIRECT] WARNING: Could not lock System prefs. Unix error code 2.
2026-07-21 00:11:34,373 [ERROR] LogOutputStream:75 - [STDERR_REDIRECT] 
2026-07-21 00:11:34,373 [ERROR] LogOutputStream:75 - [STDERR_REDIRECT] Jul 21, 2026 12:11:34 AM java.util.prefs.FileSystemPreferences syncWorld
2026-07-21 00:11:34,373 [ERROR] LogOutputStream:75 - [STDERR_REDIRECT] WARNING: Couldn't flush system prefs: java.util.prefs.BackingStoreException: Couldn't get file lock.
2026-07-21 00:11:34,373 [ERROR] LogOutputStream:75 - [STDERR_REDIRECT] 
2026-07-21 00:12:04,372 [ERROR] LogOutputStream:75 - [STDERR_REDIRECT] Jul 21, 2026 12:12:04 AM java.util.prefs.FileSystemPreferences checkLockFile0ErrorCode
2026-07-21 00:12:04,372 [ERROR] LogOutputStream:75 - [STDERR_REDIRECT] WARNING: Could not lock System prefs. Unix error code 2.
2026-07-21 00:12:04,372 [ERROR] LogOutputStream:75 - [STDERR_REDIRECT] 
2026-07-21 00:12:04,372 [ERROR] LogOutputStream:75 - [STDERR_REDIRECT] Jul 21, 2026 12:12:04 AM java.util.prefs.FileSystemPreferences syncWorld
2026-07-21 00:12:04,373 [ERROR] LogOutputStream:75 - [STDERR_REDIRECT] WARNING: Couldn't flush system prefs: java.util.prefs.BackingStoreException: Couldn't get file lock.
2026-07-21 00:12:04,373 [ERROR] LogOutputStream:75 - [STDERR_REDIRECT] 
2026-07-21 00:12:34,372 [ERROR] LogOutputStream:75 - [STDERR_REDIRECT] Jul 21, 2026 12:12:34 AM java.util.prefs.FileSystemPreferences checkLockFile0ErrorCode
2026-07-21 00:12:34,372 [ERROR] LogOutputStream:75 - [STDERR_REDIRECT] WARNING: Could not lock System prefs. Unix error code 2.
2026-07-21 00:12:34,372 [ERROR] LogOutputStream:75 - [STDERR_REDIRECT] 
2026-07-21 00:12:34,372 [ERROR] LogOutputStream:75 - [STDERR_REDIRECT] Jul 21, 2026 12:12:34 AM java.util.prefs.FileSystemPreferences syncWorld
2026-07-21 00:12:34,372 [ERROR] LogOutputStream:75 - [STDERR_REDIRECT] WARNING: Couldn't flush system prefs: java.util.prefs.BackingStoreException: Couldn't get file lock.
2026-07-21 00:12:34,373 [ERROR] LogOutputStream:75 - [STDERR_REDIRECT] 
2026-07-21 00:13:04,372 [ERROR] LogOutputStream:75 - [STDERR_REDIRECT] Jul 21, 2026 12:13:04 AM java.util.prefs.FileSystemPreferences checkLockFile0ErrorCode
2026-07-21 00:13:04,373 [ERROR] LogOutputStream:75 - [STDERR_REDIRECT] WARNING: Could not lock System prefs. Unix error code 2.
2026-07-21 00:13:04,373 [ERROR] LogOutputStream:75 - [STDERR_REDIRECT] 
2026-07-21 00:13:04,373 [ERROR] LogOutputStream:75 - [STDERR_REDIRECT] Jul 21, 2026 12:13:04 AM java.util.prefs.FileSystemPreferences syncWorld
2026-07-21 00:13:04,373 [ERROR] LogOutputStream:75 - [STDERR_REDIRECT] WARNING: Couldn't flush system prefs: java.util.prefs.BackingStoreException: Couldn't get file lock.
2026-07-21 00:13:04,373 [ERROR] LogOutputStream:75 - [STDERR_REDIRECT] 
2026-07-21 00:13:34,373 [ERROR] LogOutputStream:75 - [STDERR_REDIRECT] Jul 21, 2026 12:13:34 AM java.util.prefs.FileSystemPreferences checkLockFile0ErrorCode
2026-07-21 00:13:34,373 [ERROR] LogOutputStream:75 - [STDERR_REDIRECT] WARNING: Could not lock System prefs. Unix error code 2.
2026-07-21 00:13:34,373 [ERROR] LogOutputStream:75 - [STDERR_REDIRECT] 
2026-07-21 00:13:34,373 [ERROR] LogOutputStream:75 - [STDERR_REDIRECT] Jul 21, 2026 12:13:34 AM java.util.prefs.FileSystemPreferences syncWorld
2026-07-21 00:13:34,373 [ERROR] LogOutputStream:75 - [STDERR_REDIRECT] WARNING: Couldn't flush system prefs: java.util.prefs.BackingStoreException: Couldn't get file lock.
2026-07-21 00:13:34,374 [ERROR] LogOutputStream:75 - [STDERR_REDIRECT] 
2026-07-21 00:14:04,372 [ERROR] LogOutputStream:75 - [STDERR_REDIRECT] Jul 21, 2026 12:14:04 AM java.util.prefs.FileSystemPreferences checkLockFile0ErrorCode
2026-07-21 00:14:04,372 [ERROR] LogOutputStream:75 - [STDERR_REDIRECT] WARNING: Could not lock System prefs. Unix error code 2.
2026-07-21 00:14:04,372 [ERROR] LogOutputStream:75 - [STDERR_REDIRECT] 
2026-07-21 00:14:04,373 [ERROR] LogOutputStream:75 - [STDERR_REDIRECT] Jul 21, 2026 12:14:04 AM java.util.prefs.FileSystemPreferences syncWorld
2026-07-21 00:14:04,373 [ERROR] LogOutputStream:75 - [STDERR_REDIRECT] WARNING: Couldn't flush system prefs: java.util.prefs.BackingStoreException: Couldn't get file lock.
2026-07-21 00:14:04,373 [ERROR] LogOutputStream:75 - [STDERR_REDIRECT] 
2026-07-21 00:14:34,373 [ERROR] LogOutputStream:75 - [STDERR_REDIRECT] Jul 21, 2026 12:14:34 AM java.util.prefs.FileSystemPreferences checkLockFile0ErrorCode
2026-07-21 00:14:34,373 [ERROR] LogOutputStream:75 - [STDERR_REDIRECT] WARNING: Could not lock System prefs. Unix error code 2.
2026-07-21 00:14:34,373 [ERROR] LogOutputStream:75 - [STDERR_REDIRECT] 
2026-07-21 00:14:34,373 [ERROR] LogOutputStream:75 - [STDERR_REDIRECT] Jul 21, 2026 12:14:34 AM java.util.prefs.FileSystemPreferences syncWorld
2026-07-21 00:14:34,373 [ERROR] LogOutputStream:75 - [STDERR_REDIRECT] WARNING: Couldn't flush system prefs: java.util.prefs.BackingStoreException: Couldn't get file lock.
2026-07-21 00:14:34,374 [ERROR] LogOutputStream:75 - [STDERR_REDIRECT] 
2026-07-21 00:15:04,372 [ERROR] LogOutputStream:75 - [STDERR_REDIRECT] Jul 21, 2026 12:15:04 AM java.util.prefs.FileSystemPreferences checkLockFile0ErrorCode
2026-07-21 00:15:04,373 [ERROR] LogOutputStream:75 - [STDERR_REDIRECT] WARNING: Could not lock System prefs. Unix error code 2.
2026-07-21 00:15:04,373 [ERROR] LogOutputStream:75 - [STDERR_REDIRECT] 
2026-07-21 00:15:04,373 [ERROR] LogOutputStream:75 - [STDERR_REDIRECT] Jul 21, 2026 12:15:04 AM java.util.prefs.FileSystemPreferences syncWorld
2026-07-21 00:15:04,373 [ERROR] LogOutputStream:75 - [STDERR_REDIRECT] WARNING: Couldn't flush system prefs: java.util.prefs.BackingStoreException: Couldn't get file lock.
2026-07-21 00:15:04,373 [ERROR] LogOutputStream:75 - [STDERR_REDIRECT] 
2026-07-21 00:15:34,372 [ERROR] LogOutputStream:75 - [STDERR_REDIRECT] Jul 21, 2026 12:15:34 AM java.util.prefs.FileSystemPreferences checkLockFile0ErrorCode
2026-07-21 00:15:34,373 [ERROR] LogOutputStream:75 - [STDERR_REDIRECT] WARNING: Could not lock System prefs. Unix error code 2.
2026-07-21 00:15:34,373 [ERROR] LogOutputStream:75 - [STDERR_REDIRECT] 
2026-07-21 00:15:34,373 [ERROR] LogOutputStream:75 - [STDERR_REDIRECT] Jul 21, 2026 12:15:34 AM java.util.prefs.FileSystemPreferences syncWorld
2026-07-21 00:15:34,373 [ERROR] LogOutputStream:75 - [STDERR_REDIRECT] WARNING: Couldn't flush system prefs: java.util.prefs.BackingStoreException: Couldn't get file lock.
2026-07-21 00:15:34,373 [ERROR] LogOutputStream:75 - [STDERR_REDIRECT] 
2026-07-21 00:16:04,373 [ERROR] LogOutputStream:75 - [STDERR_REDIRECT] Jul 21, 2026 12:16:04 AM java.util.prefs.FileSystemPreferences checkLockFile0ErrorCode
2026-07-21 00:16:04,373 [ERROR] LogOutputStream:75 - [STDERR_REDIRECT] WARNING: Could not lock System prefs. Unix error code 2.
2026-07-21 00:16:04,373 [ERROR] LogOutputStream:75 - [STDERR_REDIRECT] 
2026-07-21 00:16:04,373 [ERROR] LogOutputStream:75 - [STDERR_REDIRECT] Jul 21, 2026 12:16:04 AM java.util.prefs.FileSystemPreferences syncWorld
2026-07-21 00:16:04,373 [ERROR] LogOutputStream:75 - [STDERR_REDIRECT] WARNING: Couldn't flush system prefs: java.util.prefs.BackingStoreException: Couldn't get file lock.
2026-07-21 00:16:04,374 [ERROR] LogOutputStream:75 - [STDERR_REDIRECT] 
2026-07-21 00:16:34,373 [ERROR] LogOutputStream:75 - [STDERR_REDIRECT] Jul 21, 2026 12:16:34 AM java.util.prefs.FileSystemPreferences checkLockFile0ErrorCode
2026-07-21 00:16:34,373 [ERROR] LogOutputStream:75 - [STDERR_REDIRECT] WARNING: Could not lock System prefs. Unix error code 2.
2026-07-21 00:16:34,373 [ERROR] LogOutputStream:75 - [STDERR_REDIRECT] 
2026-07-21 00:16:34,373 [ERROR] LogOutputStream:75 - [STDERR_REDIRECT] Jul 21, 2026 12:16:34 AM java.util.prefs.FileSystemPreferences syncWorld
2026-07-21 00:16:34,373 [ERROR] LogOutputStream:75 - [STDERR_REDIRECT] WARNING: Couldn't flush system prefs: java.util.prefs.BackingStoreException: Couldn't get file lock.
2026-07-21 00:16:34,373 [ERROR] LogOutputStream:75 - [STDERR_REDIRECT] 
2026-07-21 00:17:04,374 [ERROR] LogOutputStream:75 - [STDERR_REDIRECT] Jul 21, 2026 12:17:04 AM java.util.prefs.FileSystemPreferences checkLockFile0ErrorCode
2026-07-21 00:17:04,374 [ERROR] LogOutputStream:75 - [STDERR_REDIRECT] WARNING: Could not lock System prefs. Unix error code 2.
2026-07-21 00:17:04,374 [ERROR] LogOutputStream:75 - [STDERR_REDIRECT] 
2026-07-21 00:17:04,374 [ERROR] LogOutputStream:75 - [STDERR_REDIRECT] Jul 21, 2026 12:17:04 AM java.util.prefs.FileSystemPreferences syncWorld
2026-07-21 00:17:04,374 [ERROR] LogOutputStream:75 - [STDERR_REDIRECT] WARNING: Couldn't flush system prefs: java.util.prefs.BackingStoreException: Couldn't get file lock.
2026-07-21 00:17:04,374 [ERROR] LogOutputStream:75 - [STDERR_REDIRECT] 
2026-07-21 00:17:34,374 [ERROR] LogOutputStream:75 - [STDERR_REDIRECT] Jul 21, 2026 12:17:34 AM java.util.prefs.FileSystemPreferences checkLockFile0ErrorCode
2026-07-21 00:17:34,374 [ERROR] LogOutputStream:75 - [STDERR_REDIRECT] WARNING: Could not lock System prefs. Unix error code 2.
2026-07-21 00:17:34,374 [ERROR] LogOutputStream:75 - [STDERR_REDIRECT] 
2026-07-21 00:17:34,375 [ERROR] LogOutputStream:75 - [STDERR_REDIRECT] Jul 21, 2026 12:17:34 AM java.util.prefs.FileSystemPreferences syncWorld
2026-07-21 00:17:34,375 [ERROR] LogOutputStream:75 - [STDERR_REDIRECT] WARNING: Couldn't flush system prefs: java.util.prefs.BackingStoreException: Couldn't get file lock.
2026-07-21 00:17:34,375 [ERROR] LogOutputStream:75 - [STDERR_REDIRECT] 
2026-07-21 00:18:04,376 [ERROR] LogOutputStream:75 - [STDERR_REDIRECT] Jul 21, 2026 12:18:04 AM java.util.prefs.FileSystemPreferences checkLockFile0ErrorCode
2026-07-21 00:18:04,377 [ERROR] LogOutputStream:75 - [STDERR_REDIRECT] WARNING: Could not lock System prefs. Unix error code 2.
2026-07-21 00:18:04,377 [ERROR] LogOutputStream:75 - [STDERR_REDIRECT] 
2026-07-21 00:18:04,377 [ERROR] LogOutputStream:75 - [STDERR_REDIRECT] Jul 21, 2026 12:18:04 AM java.util.prefs.FileSystemPreferences syncWorld
2026-07-21 00:18:04,377 [ERROR] LogOutputStream:75 - [STDERR_REDIRECT] WARNING: Couldn't flush system prefs: java.util.prefs.BackingStoreException: Couldn't get file lock.
2026-07-21 00:18:04,377 [ERROR] LogOutputStream:75 - [STDERR_REDIRECT] 
2026-07-21 00:18:34,374 [ERROR] LogOutputStream:75 - [STDERR_REDIRECT] Jul 21, 2026 12:18:34 AM java.util.prefs.FileSystemPreferences checkLockFile0ErrorCode
2026-07-21 00:18:34,374 [ERROR] LogOutputStream:75 - [STDERR_REDIRECT] WARNING: Could not lock System prefs. Unix error code 2.
2026-07-21 00:18:34,375 [ERROR] LogOutputStream:75 - [STDERR_REDIRECT] 
2026-07-21 00:18:34,375 [ERROR] LogOutputStream:75 - [STDERR_REDIRECT] Jul 21, 2026 12:18:34 AM java.util.prefs.FileSystemPreferences syncWorld
2026-07-21 00:18:34,375 [ERROR] LogOutputStream:75 - [STDERR_REDIRECT] WARNING: Couldn't flush system prefs: java.util.prefs.BackingStoreException: Couldn't get file lock.
2026-07-21 00:18:34,375 [ERROR] LogOutputStream:75 - [STDERR_REDIRECT] 
2026-07-21 00:19:04,375 [ERROR] LogOutputStream:75 - [STDERR_REDIRECT] Jul 21, 2026 12:19:04 AM java.util.prefs.FileSystemPreferences checkLockFile0ErrorCode
2026-07-21 00:19:04,375 [ERROR] LogOutputStream:75 - [STDERR_REDIRECT] WARNING: Could not lock System prefs. Unix error code 2.
2026-07-21 00:19:04,375 [ERROR] LogOutputStream:75 - [STDERR_REDIRECT] 
2026-07-21 00:19:04,375 [ERROR] LogOutputStream:75 - [STDERR_REDIRECT] Jul 21, 2026 12:19:04 AM java.util.prefs.FileSystemPreferences syncWorld
2026-07-21 00:19:04,375 [ERROR] LogOutputStream:75 - [STDERR_REDIRECT] WARNING: Couldn't flush system prefs: java.util.prefs.BackingStoreException: Couldn't get file lock.
2026-07-21 00:19:04,375 [ERROR] LogOutputStream:75 - [STDERR_REDIRECT] 
2026-07-21 00:19:34,375 [ERROR] LogOutputStream:75 - [STDERR_REDIRECT] Jul 21, 2026 12:19:34 AM java.util.prefs.FileSystemPreferences checkLockFile0ErrorCode
2026-07-21 00:19:34,375 [ERROR] LogOutputStream:75 - [STDERR_REDIRECT] WARNING: Could not lock System prefs. Unix error code 2.
2026-07-21 00:19:34,376 [ERROR] LogOutputStream:75 - [STDERR_REDIRECT] 
2026-07-21 00:19:34,376 [ERROR] LogOutputStream:75 - [STDERR_REDIRECT] Jul 21, 2026 12:19:34 AM java.util.prefs.FileSystemPreferences syncWorld
2026-07-21 00:19:34,376 [ERROR] LogOutputStream:75 - [STDERR_REDIRECT] WARNING: Couldn't flush system prefs: java.util.prefs.BackingStoreException: Couldn't get file lock.
2026-07-21 00:19:34,376 [ERROR] LogOutputStream:75 - [STDERR_REDIRECT] 
2026-07-21 00:20:04,374 [ERROR] LogOutputStream:75 - [STDERR_REDIRECT] Jul 21, 2026 12:20:04 AM java.util.prefs.FileSystemPreferences checkLockFile0ErrorCode
2026-07-21 00:20:04,375 [ERROR] LogOutputStream:75 - [STDERR_REDIRECT] WARNING: Could not lock System prefs. Unix error code 2.
2026-07-21 00:20:04,375 [ERROR] LogOutputStream:75 - [STDERR_REDIRECT] 
2026-07-21 00:20:04,375 [ERROR] LogOutputStream:75 - [STDERR_REDIRECT] Jul 21, 2026 12:20:04 AM java.util.prefs.FileSystemPreferences syncWorld
2026-07-21 00:20:04,375 [ERROR] LogOutputStream:75 - [STDERR_REDIRECT] WARNING: Couldn't flush system prefs: java.util.prefs.BackingStoreException: Couldn't get file lock.
2026-07-21 00:20:04,375 [ERROR] LogOutputStream:75 - [STDERR_REDIRECT] 
2026-07-21 00:20:34,374 [ERROR] LogOutputStream:75 - [STDERR_REDIRECT] Jul 21, 2026 12:20:34 AM java.util.prefs.FileSystemPreferences checkLockFile0ErrorCode
2026-07-21 00:20:34,374 [ERROR] LogOutputStream:75 - [STDERR_REDIRECT] WARNING: Could not lock System prefs. Unix error code 2.
2026-07-21 00:20:34,374 [ERROR] LogOutputStream:75 - [STDERR_REDIRECT] 
2026-07-21 00:20:34,374 [ERROR] LogOutputStream:75 - [STDERR_REDIRECT] Jul 21, 2026 12:20:34 AM java.util.prefs.FileSystemPreferences syncWorld
2026-07-21 00:20:34,374 [ERROR] LogOutputStream:75 - [STDERR_REDIRECT] WARNING: Couldn't flush system prefs: java.util.prefs.BackingStoreException: Couldn't get file lock.
2026-07-21 00:20:34,374 [ERROR] LogOutputStream:75 - [STDERR_REDIRECT] 
2026-07-21 00:21:04,375 [ERROR] LogOutputStream:75 - [STDERR_REDIRECT] Jul 21, 2026 12:21:04 AM java.util.prefs.FileSystemPreferences checkLockFile0ErrorCode
2026-07-21 00:21:04,375 [ERROR] LogOutputStream:75 - [STDERR_REDIRECT] WARNING: Could not lock System prefs. Unix error code 2.
2026-07-21 00:21:04,375 [ERROR] LogOutputStream:75 - [STDERR_REDIRECT] 
2026-07-21 00:21:04,375 [ERROR] LogOutputStream:75 - [STDERR_REDIRECT] Jul 21, 2026 12:21:04 AM java.util.prefs.FileSystemPreferences syncWorld
2026-07-21 00:21:04,376 [ERROR] LogOutputStream:75 - [STDERR_REDIRECT] WARNING: Couldn't flush system prefs: java.util.prefs.BackingStoreException: Couldn't get file lock.
2026-07-21 00:21:04,376 [ERROR] LogOutputStream:75 - [STDERR_REDIRECT] 
2026-07-21 00:21:34,375 [ERROR] LogOutputStream:75 - [STDERR_REDIRECT] Jul 21, 2026 12:21:34 AM java.util.prefs.FileSystemPreferences checkLockFile0ErrorCode
2026-07-21 00:21:34,376 [ERROR] LogOutputStream:75 - [STDERR_REDIRECT] WARNING: Could not lock System prefs. Unix error code 2.
2026-07-21 00:21:34,376 [ERROR] LogOutputStream:75 - [STDERR_REDIRECT] 
2026-07-21 00:21:34,376 [ERROR] LogOutputStream:75 - [STDERR_REDIRECT] Jul 21, 2026 12:21:34 AM java.util.prefs.FileSystemPreferences syncWorld
2026-07-21 00:21:34,376 [ERROR] LogOutputStream:75 - [STDERR_REDIRECT] WARNING: Couldn't flush system prefs: java.util.prefs.BackingStoreException: Couldn't get file lock.
2026-07-21 00:21:34,376 [ERROR] LogOutputStream:75 - [STDERR_REDIRECT] 
2026-07-21 00:22:04,373 [ERROR] LogOutputStream:75 - [STDERR_REDIRECT] Jul 21, 2026 12:22:04 AM java.util.prefs.FileSystemPreferences checkLockFile0ErrorCode
2026-07-21 00:22:04,373 [ERROR] LogOutputStream:75 - [STDERR_REDIRECT] WARNING: Could not lock System prefs. Unix error code 2.
2026-07-21 00:22:04,373 [ERROR] LogOutputStream:75 - [STDERR_REDIRECT] 
2026-07-21 00:22:04,374 [ERROR] LogOutputStream:75 - [STDERR_REDIRECT] Jul 21, 2026 12:22:04 AM java.util.prefs.FileSystemPreferences syncWorld
2026-07-21 00:22:04,374 [ERROR] LogOutputStream:75 - [STDERR_REDIRECT] WARNING: Couldn't flush system prefs: java.util.prefs.BackingStoreException: Couldn't get file lock.
2026-07-21 00:22:04,374 [ERROR] LogOutputStream:75 - [STDERR_REDIRECT] 
2026-07-21 00:22:34,375 [ERROR] LogOutputStream:75 - [STDERR_REDIRECT] Jul 21, 2026 12:22:34 AM java.util.prefs.FileSystemPreferences checkLockFile0ErrorCode
2026-07-21 00:22:34,375 [ERROR] LogOutputStream:75 - [STDERR_REDIRECT] WARNING: Could not lock System prefs. Unix error code 2.
2026-07-21 00:22:34,375 [ERROR] LogOutputStream:75 - [STDERR_REDIRECT] 
2026-07-21 00:22:34,375 [ERROR] LogOutputStream:75 - [STDERR_REDIRECT] Jul 21, 2026 12:22:34 AM java.util.prefs.FileSystemPreferences syncWorld
2026-07-21 00:22:34,376 [ERROR] LogOutputStream:75 - [STDERR_REDIRECT] WARNING: Couldn't flush system prefs: java.util.prefs.BackingStoreException: Couldn't get file lock.
2026-07-21 00:22:34,376 [ERROR] LogOutputStream:75 - [STDERR_REDIRECT] 
2026-07-21 00:23:04,374 [ERROR] LogOutputStream:75 - [STDERR_REDIRECT] Jul 21, 2026 12:23:04 AM java.util.prefs.FileSystemPreferences checkLockFile0ErrorCode
2026-07-21 00:23:04,375 [ERROR] LogOutputStream:75 - [STDERR_REDIRECT] WARNING: Could not lock System prefs. Unix error code 2.
2026-07-21 00:23:04,375 [ERROR] LogOutputStream:75 - [STDERR_REDIRECT] 
2026-07-21 00:23:04,375 [ERROR] LogOutputStream:75 - [STDERR_REDIRECT] Jul 21, 2026 12:23:04 AM java.util.prefs.FileSystemPreferences syncWorld
2026-07-21 00:23:04,375 [ERROR] LogOutputStream:75 - [STDERR_REDIRECT] WARNING: Couldn't flush system prefs: java.util.prefs.BackingStoreException: Couldn't get file lock.
2026-07-21 00:23:04,375 [ERROR] LogOutputStream:75 - [STDERR_REDIRECT] 
2026-07-21 00:23:34,374 [ERROR] LogOutputStream:75 - [STDERR_REDIRECT] Jul 21, 2026 12:23:34 AM java.util.prefs.FileSystemPreferences checkLockFile0ErrorCode
2026-07-21 00:23:34,374 [ERROR] LogOutputStream:75 - [STDERR_REDIRECT] WARNING: Could not lock System prefs. Unix error code 2.
2026-07-21 00:23:34,375 [ERROR] LogOutputStream:75 - [STDERR_REDIRECT] 
2026-07-21 00:23:34,375 [ERROR] LogOutputStream:75 - [STDERR_REDIRECT] Jul 21, 2026 12:23:34 AM java.util.prefs.FileSystemPreferences syncWorld
2026-07-21 00:23:34,375 [ERROR] LogOutputStream:75 - [STDERR_REDIRECT] WARNING: Couldn't flush system prefs: java.util.prefs.BackingStoreException: Couldn't get file lock.
2026-07-21 00:23:34,375 [ERROR] LogOutputStream:75 - [STDERR_REDIRECT] 
2026-07-21 00:24:04,375 [ERROR] LogOutputStream:75 - [STDERR_REDIRECT] Jul 21, 2026 12:24:04 AM java.util.prefs.FileSystemPreferences checkLockFile0ErrorCode
2026-07-21 00:24:04,375 [ERROR] LogOutputStream:75 - [STDERR_REDIRECT] WARNING: Could not lock System prefs. Unix error code 2.
2026-07-21 00:24:04,375 [ERROR] LogOutputStream:75 - [STDERR_REDIRECT] 
2026-07-21 00:24:04,375 [ERROR] LogOutputStream:75 - [STDERR_REDIRECT] Jul 21, 2026 12:24:04 AM java.util.prefs.FileSystemPreferences syncWorld
2026-07-21 00:24:04,375 [ERROR] LogOutputStream:75 - [STDERR_REDIRECT] WARNING: Couldn't flush system prefs: java.util.prefs.BackingStoreException: Couldn't get file lock.
2026-07-21 00:24:04,375 [ERROR] LogOutputStream:75 - [STDERR_REDIRECT] 
2026-07-21 00:24:34,376 [ERROR] LogOutputStream:75 - [STDERR_REDIRECT] Jul 21, 2026 12:24:34 AM java.util.prefs.FileSystemPreferences checkLockFile0ErrorCode
2026-07-21 00:24:34,376 [ERROR] LogOutputStream:75 - [STDERR_REDIRECT] WARNING: Could not lock System prefs. Unix error code 2.
2026-07-21 00:24:34,376 [ERROR] LogOutputStream:75 - [STDERR_REDIRECT] 
2026-07-21 00:24:34,376 [ERROR] LogOutputStream:75 - [STDERR_REDIRECT] Jul 21, 2026 12:24:34 AM java.util.prefs.FileSystemPreferences syncWorld
2026-07-21 00:24:34,376 [ERROR] LogOutputStream:75 - [STDERR_REDIRECT] WARNING: Couldn't flush system prefs: java.util.prefs.BackingStoreException: Couldn't get file lock.
2026-07-21 00:24:34,376 [ERROR] LogOutputStream:75 - [STDERR_REDIRECT] 
2026-07-21 00:25:04,377 [ERROR] LogOutputStream:75 - [STDERR_REDIRECT] Jul 21, 2026 12:25:04 AM java.util.prefs.FileSystemPreferences checkLockFile0ErrorCode
2026-07-21 00:25:04,377 [ERROR] LogOutputStream:75 - [STDERR_REDIRECT] WARNING: Could not lock System prefs. Unix error code 2.
2026-07-21 00:25:04,377 [ERROR] LogOutputStream:75 - [STDERR_REDIRECT] 
2026-07-21 00:25:04,377 [ERROR] LogOutputStream:75 - [STDERR_REDIRECT] Jul 21, 2026 12:25:04 AM java.util.prefs.FileSystemPreferences syncWorld
2026-07-21 00:25:04,377 [ERROR] LogOutputStream:75 - [STDERR_REDIRECT] WARNING: Couldn't flush system prefs: java.util.prefs.BackingStoreException: Couldn't get file lock.
2026-07-21 00:25:04,377 [ERROR] LogOutputStream:75 - [STDERR_REDIRECT] 
2026-07-21 00:25:34,377 [ERROR] LogOutputStream:75 - [STDERR_REDIRECT] Jul 21, 2026 12:25:34 AM java.util.prefs.FileSystemPreferences checkLockFile0ErrorCode
2026-07-21 00:25:34,377 [ERROR] LogOutputStream:75 - [STDERR_REDIRECT] WARNING: Could not lock System prefs. Unix error code 2.
2026-07-21 00:25:34,377 [ERROR] LogOutputStream:75 - [STDERR_REDIRECT] 
2026-07-21 00:25:34,378 [ERROR] LogOutputStream:75 - [STDERR_REDIRECT] Jul 21, 2026 12:25:34 AM java.util.prefs.FileSystemPreferences syncWorld
2026-07-21 00:25:34,378 [ERROR] LogOutputStream:75 - [STDERR_REDIRECT] WARNING: Couldn't flush system prefs: java.util.prefs.BackingStoreException: Couldn't get file lock.
2026-07-21 00:25:34,378 [ERROR] LogOutputStream:75 - [STDERR_REDIRECT] 
2026-07-21 00:26:04,376 [ERROR] LogOutputStream:75 - [STDERR_REDIRECT] Jul 21, 2026 12:26:04 AM java.util.prefs.FileSystemPreferences checkLockFile0ErrorCode
2026-07-21 00:26:04,376 [ERROR] LogOutputStream:75 - [STDERR_REDIRECT] WARNING: Could not lock System prefs. Unix error code 2.
2026-07-21 00:26:04,376 [ERROR] LogOutputStream:75 - [STDERR_REDIRECT] 
2026-07-21 00:26:04,376 [ERROR] LogOutputStream:75 - [STDERR_REDIRECT] Jul 21, 2026 12:26:04 AM java.util.prefs.FileSystemPreferences syncWorld
2026-07-21 00:26:04,376 [ERROR] LogOutputStream:75 - [STDERR_REDIRECT] WARNING: Couldn't flush system prefs: java.util.prefs.BackingStoreException: Couldn't get file lock.
2026-07-21 00:26:04,377 [ERROR] LogOutputStream:75 - [STDERR_REDIRECT] 
2026-07-21 00:26:34,377 [ERROR] LogOutputStream:75 - [STDERR_REDIRECT] Jul 21, 2026 12:26:34 AM java.util.prefs.FileSystemPreferences checkLockFile0ErrorCode
2026-07-21 00:26:34,377 [ERROR] LogOutputStream:75 - [STDERR_REDIRECT] WARNING: Could not lock System prefs. Unix error code 2.
2026-07-21 00:26:34,377 [ERROR] LogOutputStream:75 - [STDERR_REDIRECT] 
2026-07-21 00:26:34,378 [ERROR] LogOutputStream:75 - [STDERR_REDIRECT] Jul 21, 2026 12:26:34 AM java.util.prefs.FileSystemPreferences syncWorld
2026-07-21 00:26:34,378 [ERROR] LogOutputStream:75 - [STDERR_REDIRECT] WARNING: Couldn't flush system prefs: java.util.prefs.BackingStoreException: Couldn't get file lock.
2026-07-21 00:26:34,378 [ERROR] LogOutputStream:75 - [STDERR_REDIRECT] 
2026-07-21 00:27:04,376 [ERROR] LogOutputStream:75 - [STDERR_REDIRECT] Jul 21, 2026 12:27:04 AM java.util.prefs.FileSystemPreferences checkLockFile0ErrorCode
2026-07-21 00:27:04,377 [ERROR] LogOutputStream:75 - [STDERR_REDIRECT] WARNING: Could not lock System prefs. Unix error code 2.
2026-07-21 00:27:04,377 [ERROR] LogOutputStream:75 - [STDERR_REDIRECT] 
2026-07-21 00:27:04,377 [ERROR] LogOutputStream:75 - [STDERR_REDIRECT] Jul 21, 2026 12:27:04 AM java.util.prefs.FileSystemPreferences syncWorld
2026-07-21 00:27:04,377 [ERROR] LogOutputStream:75 - [STDERR_REDIRECT] WARNING: Couldn't flush system prefs: java.util.prefs.BackingStoreException: Couldn't get file lock.
2026-07-21 00:27:04,377 [ERROR] LogOutputStream:75 - [STDERR_REDIRECT] 
2026-07-21 00:27:34,377 [ERROR] LogOutputStream:75 - [STDERR_REDIRECT] Jul 21, 2026 12:27:34 AM java.util.prefs.FileSystemPreferences checkLockFile0ErrorCode
2026-07-21 00:27:34,377 [ERROR] LogOutputStream:75 - [STDERR_REDIRECT] WARNING: Could not lock System prefs. Unix error code 2.
2026-07-21 00:27:34,378 [ERROR] LogOutputStream:75 - [STDERR_REDIRECT] 
2026-07-21 00:27:34,378 [ERROR] LogOutputStream:75 - [STDERR_REDIRECT] Jul 21, 2026 12:27:34 AM java.util.prefs.FileSystemPreferences syncWorld
2026-07-21 00:27:34,378 [ERROR] LogOutputStream:75 - [STDERR_REDIRECT] WARNING: Couldn't flush system prefs: java.util.prefs.BackingStoreException: Couldn't get file lock.
2026-07-21 00:27:34,378 [ERROR] LogOutputStream:75 - [STDERR_REDIRECT] 
2026-07-21 00:28:04,378 [ERROR] LogOutputStream:75 - [STDERR_REDIRECT] Jul 21, 2026 12:28:04 AM java.util.prefs.FileSystemPreferences checkLockFile0ErrorCode
2026-07-21 00:28:04,378 [ERROR] LogOutputStream:75 - [STDERR_REDIRECT] WARNING: Could not lock System prefs. Unix error code 2.
2026-07-21 00:28:04,378 [ERROR] LogOutputStream:75 - [STDERR_REDIRECT] 
2026-07-21 00:28:04,378 [ERROR] LogOutputStream:75 - [STDERR_REDIRECT] Jul 21, 2026 12:28:04 AM java.util.prefs.FileSystemPreferences syncWorld
2026-07-21 00:28:04,378 [ERROR] LogOutputStream:75 - [STDERR_REDIRECT] WARNING: Couldn't flush system prefs: java.util.prefs.BackingStoreException: Couldn't get file lock.
2026-07-21 00:28:04,378 [ERROR] LogOutputStream:75 - [STDERR_REDIRECT] 
2026-07-21 00:28:34,378 [ERROR] LogOutputStream:75 - [STDERR_REDIRECT] Jul 21, 2026 12:28:34 AM java.util.prefs.FileSystemPreferences checkLockFile0ErrorCode
2026-07-21 00:28:34,378 [ERROR] LogOutputStream:75 - [STDERR_REDIRECT] WARNING: Could not lock System prefs. Unix error code 2.
2026-07-21 00:28:34,378 [ERROR] LogOutputStream:75 - [STDERR_REDIRECT] 
2026-07-21 00:28:34,378 [ERROR] LogOutputStream:75 - [STDERR_REDIRECT] Jul 21, 2026 12:28:34 AM java.util.prefs.FileSystemPreferences syncWorld
2026-07-21 00:28:34,378 [ERROR] LogOutputStream:75 - [STDERR_REDIRECT] WARNING: Couldn't flush system prefs: java.util.prefs.BackingStoreException: Couldn't get file lock.
2026-07-21 00:28:34,378 [ERROR] LogOutputStream:75 - [STDERR_REDIRECT] 
2026-07-21 00:29:04,377 [ERROR] LogOutputStream:75 - [STDERR_REDIRECT] Jul 21, 2026 12:29:04 AM java.util.prefs.FileSystemPreferences checkLockFile0ErrorCode
2026-07-21 00:29:04,377 [ERROR] LogOutputStream:75 - [STDERR_REDIRECT] WARNING: Could not lock System prefs. Unix error code 2.
2026-07-21 00:29:04,377 [ERROR] LogOutputStream:75 - [STDERR_REDIRECT] 
2026-07-21 00:29:04,377 [ERROR] LogOutputStream:75 - [STDERR_REDIRECT] Jul 21, 2026 12:29:04 AM java.util.prefs.FileSystemPreferences syncWorld
2026-07-21 00:29:04,377 [ERROR] LogOutputStream:75 - [STDERR_REDIRECT] WARNING: Couldn't flush system prefs: java.util.prefs.BackingStoreException: Couldn't get file lock.
2026-07-21 00:29:04,377 [ERROR] LogOutputStream:75 - [STDERR_REDIRECT] 
2026-07-21 00:29:34,378 [ERROR] LogOutputStream:75 - [STDERR_REDIRECT] Jul 21, 2026 12:29:34 AM java.util.prefs.FileSystemPreferences checkLockFile0ErrorCode
2026-07-21 00:29:34,378 [ERROR] LogOutputStream:75 - [STDERR_REDIRECT] WARNING: Could not lock System prefs. Unix error code 2.
2026-07-21 00:29:34,378 [ERROR] LogOutputStream:75 - [STDERR_REDIRECT] 
2026-07-21 00:29:34,379 [ERROR] LogOutputStream:75 - [STDERR_REDIRECT] Jul 21, 2026 12:29:34 AM java.util.prefs.FileSystemPreferences syncWorld
2026-07-21 00:29:34,379 [ERROR] LogOutputStream:75 - [STDERR_REDIRECT] WARNING: Couldn't flush system prefs: java.util.prefs.BackingStoreException: Couldn't get file lock.
2026-07-21 00:29:34,379 [ERROR] LogOutputStream:75 - [STDERR_REDIRECT] 
2026-07-21 00:30:04,379 [ERROR] LogOutputStream:75 - [STDERR_REDIRECT] Jul 21, 2026 12:30:04 AM java.util.prefs.FileSystemPreferences checkLockFile0ErrorCode
2026-07-21 00:30:04,379 [ERROR] LogOutputStream:75 - [STDERR_REDIRECT] WARNING: Could not lock System prefs. Unix error code 2.
2026-07-21 00:30:04,379 [ERROR] LogOutputStream:75 - [STDERR_REDIRECT] 
2026-07-21 00:30:04,379 [ERROR] LogOutputStream:75 - [STDERR_REDIRECT] Jul 21, 2026 12:30:04 AM java.util.prefs.FileSystemPreferences syncWorld
2026-07-21 00:30:04,379 [ERROR] LogOutputStream:75 - [STDERR_REDIRECT] WARNING: Couldn't flush system prefs: java.util.prefs.BackingStoreException: Couldn't get file lock.
2026-07-21 00:30:04,379 [ERROR] LogOutputStream:75 - [STDERR_REDIRECT] 
2026-07-21 00:30:34,379 [ERROR] LogOutputStream:75 - [STDERR_REDIRECT] Jul 21, 2026 12:30:34 AM java.util.prefs.FileSystemPreferences checkLockFile0ErrorCode
2026-07-21 00:30:34,379 [ERROR] LogOutputStream:75 - [STDERR_REDIRECT] WARNING: Could not lock System prefs. Unix error code 2.
2026-07-21 00:30:34,379 [ERROR] LogOutputStream:75 - [STDERR_REDIRECT] 
2026-07-21 00:30:34,379 [ERROR] LogOutputStream:75 - [STDERR_REDIRECT] Jul 21, 2026 12:30:34 AM java.util.prefs.FileSystemPreferences syncWorld
2026-07-21 00:30:34,379 [ERROR] LogOutputStream:75 - [STDERR_REDIRECT] WARNING: Couldn't flush system prefs: java.util.prefs.BackingStoreException: Couldn't get file lock.
2026-07-21 00:30:34,379 [ERROR] LogOutputStream:75 - [STDERR_REDIRECT] 
2026-07-21 00:31:04,381 [ERROR] LogOutputStream:75 - [STDERR_REDIRECT] Jul 21, 2026 12:31:04 AM java.util.prefs.FileSystemPreferences checkLockFile0ErrorCode
2026-07-21 00:31:04,381 [ERROR] LogOutputStream:75 - [STDERR_REDIRECT] WARNING: Could not lock System prefs. Unix error code 2.
2026-07-21 00:31:04,381 [ERROR] LogOutputStream:75 - [STDERR_REDIRECT] 
2026-07-21 00:31:04,381 [ERROR] LogOutputStream:75 - [STDERR_REDIRECT] Jul 21, 2026 12:31:04 AM java.util.prefs.FileSystemPreferences syncWorld
2026-07-21 00:31:04,381 [ERROR] LogOutputStream:75 - [STDERR_REDIRECT] WARNING: Couldn't flush system prefs: java.util.prefs.BackingStoreException: Couldn't get file lock.
2026-07-21 00:31:04,381 [ERROR] LogOutputStream:75 - [STDERR_REDIRECT] 
2026-07-21 00:31:34,382 [ERROR] LogOutputStream:75 - [STDERR_REDIRECT] Jul 21, 2026 12:31:34 AM java.util.prefs.FileSystemPreferences checkLockFile0ErrorCode
2026-07-21 00:31:34,382 [ERROR] LogOutputStream:75 - [STDERR_REDIRECT] WARNING: Could not lock System prefs. Unix error code 2.
2026-07-21 00:31:34,382 [ERROR] LogOutputStream:75 - [STDERR_REDIRECT] 
2026-07-21 00:31:34,382 [ERROR] LogOutputStream:75 - [STDERR_REDIRECT] Jul 21, 2026 12:31:34 AM java.util.prefs.FileSystemPreferences syncWorld
2026-07-21 00:31:34,382 [ERROR] LogOutputStream:75 - [STDERR_REDIRECT] WARNING: Couldn't flush system prefs: java.util.prefs.BackingStoreException: Couldn't get file lock.
2026-07-21 00:31:34,382 [ERROR] LogOutputStream:75 - [STDERR_REDIRECT] 
2026-07-21 00:32:04,382 [ERROR] LogOutputStream:75 - [STDERR_REDIRECT] Jul 21, 2026 12:32:04 AM java.util.prefs.FileSystemPreferences checkLockFile0ErrorCode
2026-07-21 00:32:04,382 [ERROR] LogOutputStream:75 - [STDERR_REDIRECT] WARNING: Could not lock System prefs. Unix error code 2.
2026-07-21 00:32:04,382 [ERROR] LogOutputStream:75 - [STDERR_REDIRECT] 
2026-07-21 00:32:04,382 [ERROR] LogOutputStream:75 - [STDERR_REDIRECT] Jul 21, 2026 12:32:04 AM java.util.prefs.FileSystemPreferences syncWorld
2026-07-21 00:32:04,382 [ERROR] LogOutputStream:75 - [STDERR_REDIRECT] WARNING: Couldn't flush system prefs: java.util.prefs.BackingStoreException: Couldn't get file lock.
2026-07-21 00:32:04,382 [ERROR] LogOutputStream:75 - [STDERR_REDIRECT] 
2026-07-21 00:32:34,381 [ERROR] LogOutputStream:75 - [STDERR_REDIRECT] Jul 21, 2026 12:32:34 AM java.util.prefs.FileSystemPreferences checkLockFile0ErrorCode
2026-07-21 00:32:34,382 [ERROR] LogOutputStream:75 - [STDERR_REDIRECT] WARNING: Could not lock System prefs. Unix error code 2.
2026-07-21 00:32:34,382 [ERROR] LogOutputStream:75 - [STDERR_REDIRECT] 
2026-07-21 00:32:34,382 [ERROR] LogOutputStream:75 - [STDERR_REDIRECT] Jul 21, 2026 12:32:34 AM java.util.prefs.FileSystemPreferences syncWorld
2026-07-21 00:32:34,382 [ERROR] LogOutputStream:75 - [STDERR_REDIRECT] WARNING: Couldn't flush system prefs: java.util.prefs.BackingStoreException: Couldn't get file lock.
2026-07-21 00:32:34,382 [ERROR] LogOutputStream:75 - [STDERR_REDIRECT] 
2026-07-21 00:33:04,383 [ERROR] LogOutputStream:75 - [STDERR_REDIRECT] Jul 21, 2026 12:33:04 AM java.util.prefs.FileSystemPreferences checkLockFile0ErrorCode
2026-07-21 00:33:04,383 [ERROR] LogOutputStream:75 - [STDERR_REDIRECT] WARNING: Could not lock System prefs. Unix error code 2.
2026-07-21 00:33:04,384 [ERROR] LogOutputStream:75 - [STDERR_REDIRECT] 
2026-07-21 00:33:04,384 [ERROR] LogOutputStream:75 - [STDERR_REDIRECT] Jul 21, 2026 12:33:04 AM java.util.prefs.FileSystemPreferences syncWorld
2026-07-21 00:33:04,384 [ERROR] LogOutputStream:75 - [STDERR_REDIRECT] WARNING: Couldn't flush system prefs: java.util.prefs.BackingStoreException: Couldn't get file lock.
2026-07-21 00:33:04,384 [ERROR] LogOutputStream:75 - [STDERR_REDIRECT] 
2026-07-21 00:33:34,383 [ERROR] LogOutputStream:75 - [STDERR_REDIRECT] Jul 21, 2026 12:33:34 AM java.util.prefs.FileSystemPreferences checkLockFile0ErrorCode
2026-07-21 00:33:34,383 [ERROR] LogOutputStream:75 - [STDERR_REDIRECT] WARNING: Could not lock System prefs. Unix error code 2.
2026-07-21 00:33:34,384 [ERROR] LogOutputStream:75 - [STDERR_REDIRECT] 
2026-07-21 00:33:34,384 [ERROR] LogOutputStream:75 - [STDERR_REDIRECT] Jul 21, 2026 12:33:34 AM java.util.prefs.FileSystemPreferences syncWorld
2026-07-21 00:33:34,384 [ERROR] LogOutputStream:75 - [STDERR_REDIRECT] WARNING: Couldn't flush system prefs: java.util.prefs.BackingStoreException: Couldn't get file lock.
2026-07-21 00:33:34,384 [ERROR] LogOutputStream:75 - [STDERR_REDIRECT] 
2026-07-21 00:34:04,383 [ERROR] LogOutputStream:75 - [STDERR_REDIRECT] Jul 21, 2026 12:34:04 AM java.util.prefs.FileSystemPreferences checkLockFile0ErrorCode
2026-07-21 00:34:04,383 [ERROR] LogOutputStream:75 - [STDERR_REDIRECT] WARNING: Could not lock System prefs. Unix error code 2.
2026-07-21 00:34:04,383 [ERROR] LogOutputStream:75 - [STDERR_REDIRECT] 
2026-07-21 00:34:04,383 [ERROR] LogOutputStream:75 - [STDERR_REDIRECT] Jul 21, 2026 12:34:04 AM java.util.prefs.FileSystemPreferences syncWorld
2026-07-21 00:34:04,383 [ERROR] LogOutputStream:75 - [STDERR_REDIRECT] WARNING: Couldn't flush system prefs: java.util.prefs.BackingStoreException: Couldn't get file lock.
2026-07-21 00:34:04,383 [ERROR] LogOutputStream:75 - [STDERR_REDIRECT] 
2026-07-21 00:34:34,383 [ERROR] LogOutputStream:75 - [STDERR_REDIRECT] Jul 21, 2026 12:34:34 AM java.util.prefs.FileSystemPreferences checkLockFile0ErrorCode
2026-07-21 00:34:34,383 [ERROR] LogOutputStream:75 - [STDERR_REDIRECT] WARNING: Could not lock System prefs. Unix error code 2.
2026-07-21 00:34:34,383 [ERROR] LogOutputStream:75 - [STDERR_REDIRECT] 
2026-07-21 00:34:34,383 [ERROR] LogOutputStream:75 - [STDERR_REDIRECT] Jul 21, 2026 12:34:34 AM java.util.prefs.FileSystemPreferences syncWorld
2026-07-21 00:34:34,383 [ERROR] LogOutputStream:75 - [STDERR_REDIRECT] WARNING: Couldn't flush system prefs: java.util.prefs.BackingStoreException: Couldn't get file lock.
2026-07-21 00:34:34,383 [ERROR] LogOutputStream:75 - [STDERR_REDIRECT] 
2026-07-21 00:35:04,383 [ERROR] LogOutputStream:75 - [STDERR_REDIRECT] Jul 21, 2026 12:35:04 AM java.util.prefs.FileSystemPreferences checkLockFile0ErrorCode
2026-07-21 00:35:04,383 [ERROR] LogOutputStream:75 - [STDERR_REDIRECT] WARNING: Could not lock System prefs. Unix error code 2.
2026-07-21 00:35:04,383 [ERROR] LogOutputStream:75 - [STDERR_REDIRECT] 
2026-07-21 00:35:04,383 [ERROR] LogOutputStream:75 - [STDERR_REDIRECT] Jul 21, 2026 12:35:04 AM java.util.prefs.FileSystemPreferences syncWorld
2026-07-21 00:35:04,383 [ERROR] LogOutputStream:75 - [STDERR_REDIRECT] WARNING: Couldn't flush system prefs: java.util.prefs.BackingStoreException: Couldn't get file lock.
2026-07-21 00:35:04,383 [ERROR] LogOutputStream:75 - [STDERR_REDIRECT] 
2026-07-21 00:35:34,383 [ERROR] LogOutputStream:75 - [STDERR_REDIRECT] Jul 21, 2026 12:35:34 AM java.util.prefs.FileSystemPreferences checkLockFile0ErrorCode
2026-07-21 00:35:34,383 [ERROR] LogOutputStream:75 - [STDERR_REDIRECT] WARNING: Could not lock System prefs. Unix error code 2.
2026-07-21 00:35:34,383 [ERROR] LogOutputStream:75 - [STDERR_REDIRECT] 
2026-07-21 00:35:34,383 [ERROR] LogOutputStream:75 - [STDERR_REDIRECT] Jul 21, 2026 12:35:34 AM java.util.prefs.FileSystemPreferences syncWorld
2026-07-21 00:35:34,384 [ERROR] LogOutputStream:75 - [STDERR_REDIRECT] WARNING: Couldn't flush system prefs: java.util.prefs.BackingStoreException: Couldn't get file lock.
2026-07-21 00:35:34,384 [ERROR] LogOutputStream:75 - [STDERR_REDIRECT] 
2026-07-21 00:36:04,383 [ERROR] LogOutputStream:75 - [STDERR_REDIRECT] Jul 21, 2026 12:36:04 AM java.util.prefs.FileSystemPreferences checkLockFile0ErrorCode
2026-07-21 00:36:04,383 [ERROR] LogOutputStream:75 - [STDERR_REDIRECT] WARNING: Could not lock System prefs. Unix error code 2.
2026-07-21 00:36:04,383 [ERROR] LogOutputStream:75 - [STDERR_REDIRECT] 
2026-07-21 00:36:04,383 [ERROR] LogOutputStream:75 - [STDERR_REDIRECT] Jul 21, 2026 12:36:04 AM java.util.prefs.FileSystemPreferences syncWorld
2026-07-21 00:36:04,383 [ERROR] LogOutputStream:75 - [STDERR_REDIRECT] WARNING: Couldn't flush system prefs: java.util.prefs.BackingStoreException: Couldn't get file lock.
2026-07-21 00:36:04,384 [ERROR] LogOutputStream:75 - [STDERR_REDIRECT] 
2026-07-21 00:36:34,383 [ERROR] LogOutputStream:75 - [STDERR_REDIRECT] Jul 21, 2026 12:36:34 AM java.util.prefs.FileSystemPreferences checkLockFile0ErrorCode
2026-07-21 00:36:34,383 [ERROR] LogOutputStream:75 - [STDERR_REDIRECT] WARNING: Could not lock System prefs. Unix error code 2.
2026-07-21 00:36:34,384 [ERROR] LogOutputStream:75 - [STDERR_REDIRECT] 
2026-07-21 00:36:34,384 [ERROR] LogOutputStream:75 - [STDERR_REDIRECT] Jul 21, 2026 12:36:34 AM java.util.prefs.FileSystemPreferences syncWorld
2026-07-21 00:36:34,384 [ERROR] LogOutputStream:75 - [STDERR_REDIRECT] WARNING: Couldn't flush system prefs: java.util.prefs.BackingStoreException: Couldn't get file lock.
2026-07-21 00:36:34,384 [ERROR] LogOutputStream:75 - [STDERR_REDIRECT] 
2026-07-21 00:37:04,383 [ERROR] LogOutputStream:75 - [STDERR_REDIRECT] Jul 21, 2026 12:37:04 AM java.util.prefs.FileSystemPreferences checkLockFile0ErrorCode
2026-07-21 00:37:04,383 [ERROR] LogOutputStream:75 - [STDERR_REDIRECT] WARNING: Could not lock System prefs. Unix error code 2.
2026-07-21 00:37:04,383 [ERROR] LogOutputStream:75 - [STDERR_REDIRECT] 
2026-07-21 00:37:04,383 [ERROR] LogOutputStream:75 - [STDERR_REDIRECT] Jul 21, 2026 12:37:04 AM java.util.prefs.FileSystemPreferences syncWorld
2026-07-21 00:37:04,383 [ERROR] LogOutputStream:75 - [STDERR_REDIRECT] WARNING: Couldn't flush system prefs: java.util.prefs.BackingStoreException: Couldn't get file lock.
2026-07-21 00:37:04,383 [ERROR] LogOutputStream:75 - [STDERR_REDIRECT] 
2026-07-21 00:37:34,383 [ERROR] LogOutputStream:75 - [STDERR_REDIRECT] Jul 21, 2026 12:37:34 AM java.util.prefs.FileSystemPreferences checkLockFile0ErrorCode
2026-07-21 00:37:34,383 [ERROR] LogOutputStream:75 - [STDERR_REDIRECT] WARNING: Could not lock System prefs. Unix error code 2.
2026-07-21 00:37:34,383 [ERROR] LogOutputStream:75 - [STDERR_REDIRECT] 
2026-07-21 00:37:34,384 [ERROR] LogOutputStream:75 - [STDERR_REDIRECT] Jul 21, 2026 12:37:34 AM java.util.prefs.FileSystemPreferences syncWorld
2026-07-21 00:37:34,384 [ERROR] LogOutputStream:75 - [STDERR_REDIRECT] WARNING: Couldn't flush system prefs: java.util.prefs.BackingStoreException: Couldn't get file lock.
2026-07-21 00:37:34,384 [ERROR] LogOutputStream:75 - [STDERR_REDIRECT] 
2026-07-21 00:38:04,383 [ERROR] LogOutputStream:75 - [STDERR_REDIRECT] Jul 21, 2026 12:38:04 AM java.util.prefs.FileSystemPreferences checkLockFile0ErrorCode
2026-07-21 00:38:04,383 [ERROR] LogOutputStream:75 - [STDERR_REDIRECT] WARNING: Could not lock System prefs. Unix error code 2.
2026-07-21 00:38:04,384 [ERROR] LogOutputStream:75 - [STDERR_REDIRECT] 
2026-07-21 00:38:04,384 [ERROR] LogOutputStream:75 - [STDERR_REDIRECT] Jul 21, 2026 12:38:04 AM java.util.prefs.FileSystemPreferences syncWorld
2026-07-21 00:38:04,384 [ERROR] LogOutputStream:75 - [STDERR_REDIRECT] WARNING: Couldn't flush system prefs: java.util.prefs.BackingStoreException: Couldn't get file lock.
2026-07-21 00:38:04,384 [ERROR] LogOutputStream:75 - [STDERR_REDIRECT] 
2026-07-21 00:38:34,384 [ERROR] LogOutputStream:75 - [STDERR_REDIRECT] Jul 21, 2026 12:38:34 AM java.util.prefs.FileSystemPreferences checkLockFile0ErrorCode
2026-07-21 00:38:34,384 [ERROR] LogOutputStream:75 - [STDERR_REDIRECT] WARNING: Could not lock System prefs. Unix error code 2.
2026-07-21 00:38:34,384 [ERROR] LogOutputStream:75 - [STDERR_REDIRECT] 
2026-07-21 00:38:34,384 [ERROR] LogOutputStream:75 - [STDERR_REDIRECT] Jul 21, 2026 12:38:34 AM java.util.prefs.FileSystemPreferences syncWorld
2026-07-21 00:38:34,384 [ERROR] LogOutputStream:75 - [STDERR_REDIRECT] WARNING: Couldn't flush system prefs: java.util.prefs.BackingStoreException: Couldn't get file lock.
2026-07-21 00:38:34,384 [ERROR] LogOutputStream:75 - [STDERR_REDIRECT] 
2026-07-21 00:39:04,384 [ERROR] LogOutputStream:75 - [STDERR_REDIRECT] Jul 21, 2026 12:39:04 AM java.util.prefs.FileSystemPreferences checkLockFile0ErrorCode
2026-07-21 00:39:04,384 [ERROR] LogOutputStream:75 - [STDERR_REDIRECT] WARNING: Could not lock System prefs. Unix error code 2.
2026-07-21 00:39:04,384 [ERROR] LogOutputStream:75 - [STDERR_REDIRECT] 
2026-07-21 00:39:04,384 [ERROR] LogOutputStream:75 - [STDERR_REDIRECT] Jul 21, 2026 12:39:04 AM java.util.prefs.FileSystemPreferences syncWorld
2026-07-21 00:39:04,384 [ERROR] LogOutputStream:75 - [STDERR_REDIRECT] WARNING: Couldn't flush system prefs: java.util.prefs.BackingStoreException: Couldn't get file lock.
2026-07-21 00:39:04,384 [ERROR] LogOutputStream:75 - [STDERR_REDIRECT] 
2026-07-21 00:39:34,384 [ERROR] LogOutputStream:75 - [STDERR_REDIRECT] Jul 21, 2026 12:39:34 AM java.util.prefs.FileSystemPreferences checkLockFile0ErrorCode
2026-07-21 00:39:34,384 [ERROR] LogOutputStream:75 - [STDERR_REDIRECT] WARNING: Could not lock System prefs. Unix error code 2.
2026-07-21 00:39:34,384 [ERROR] LogOutputStream:75 - [STDERR_REDIRECT] 
2026-07-21 00:39:34,385 [ERROR] LogOutputStream:75 - [STDERR_REDIRECT] Jul 21, 2026 12:39:34 AM java.util.prefs.FileSystemPreferences syncWorld
2026-07-21 00:39:34,385 [ERROR] LogOutputStream:75 - [STDERR_REDIRECT] WARNING: Couldn't flush system prefs: java.util.prefs.BackingStoreException: Couldn't get file lock.
2026-07-21 00:39:34,385 [ERROR] LogOutputStream:75 - [STDERR_REDIRECT] 
2026-07-21 00:40:04,383 [ERROR] LogOutputStream:75 - [STDERR_REDIRECT] Jul 21, 2026 12:40:04 AM java.util.prefs.FileSystemPreferences checkLockFile0ErrorCode
2026-07-21 00:40:04,383 [ERROR] LogOutputStream:75 - [STDERR_REDIRECT] WARNING: Could not lock System prefs. Unix error code 2.
2026-07-21 00:40:04,384 [ERROR] LogOutputStream:75 - [STDERR_REDIRECT] 
2026-07-21 00:40:04,384 [ERROR] LogOutputStream:75 - [STDERR_REDIRECT] Jul 21, 2026 12:40:04 AM java.util.prefs.FileSystemPreferences syncWorld
2026-07-21 00:40:04,384 [ERROR] LogOutputStream:75 - [STDERR_REDIRECT] WARNING: Couldn't flush system prefs: java.util.prefs.BackingStoreException: Couldn't get file lock.
2026-07-21 00:40:04,384 [ERROR] LogOutputStream:75 - [STDERR_REDIRECT] 
2026-07-21 00:40:26,559 [ERROR] LogOutputStream:75 - [STDERR_REDIRECT] Exception in thread "AWT-EventQueue-0" org.eclipse.swt.SWTException: Device is disposed
2026-07-21 00:40:26,560 [ERROR] LogOutputStream:75 - [STDERR_REDIRECT] 	at org.eclipse.swt.SWT.error(SWT.java:4922)
2026-07-21 00:40:26,560 [ERROR] LogOutputStream:75 - [STDERR_REDIRECT] 	at org.eclipse.swt.SWT.error(SWT.java:4837)
2026-07-21 00:40:26,560 [ERROR] LogOutputStream:75 - [STDERR_REDIRECT] 	at org.eclipse.swt.SWT.error(SWT.java:4808)
2026-07-21 00:40:26,560 [ERROR] LogOutputStream:75 - [STDERR_REDIRECT] 	at org.eclipse.swt.widgets.Display.error(Display.java:1551)
2026-07-21 00:40:26,560 [ERROR] LogOutputStream:75 - [STDERR_REDIRECT] 	at org.eclipse.swt.widgets.Display.asyncExec(Display.java:920)
2026-07-21 00:40:26,560 [ERROR] LogOutputStream:75 - [STDERR_REDIRECT] 	at com.st.stm32cube.common.mx.oss.core.awtswtbridge.AwtEnvironment$2.run(AwtEnvironment.java:168)
2026-07-21 00:40:26,560 [ERROR] LogOutputStream:75 - [STDERR_REDIRECT] 	at java.desktop/java.awt.event.InvocationEvent.dispatch(InvocationEvent.java:318)
2026-07-21 00:40:26,560 [ERROR] LogOutputStream:75 - [STDERR_REDIRECT] 	at java.desktop/java.awt.EventQueue.dispatchEventImpl(EventQueue.java:773)
2026-07-21 00:40:26,560 [ERROR] LogOutputStream:75 - [STDERR_REDIRECT] 	at java.desktop/java.awt.EventQueue$4.run(EventQueue.java:720)
2026-07-21 00:40:26,560 [ERROR] LogOutputStream:75 - [STDERR_REDIRECT] 	at java.desktop/java.awt.EventQueue$4.run(EventQueue.java:714)
2026-07-21 00:40:26,560 [ERROR] LogOutputStream:75 - [STDERR_REDIRECT] 	at java.base/java.security.AccessController.doPrivileged(AccessController.java:400)
2026-07-21 00:40:26,560 [ERROR] LogOutputStream:75 - [STDERR_REDIRECT] 	at java.base/java.security.ProtectionDomain$JavaSecurityAccessImpl.doIntersectionPrivilege(ProtectionDomain.java:87)
2026-07-21 00:40:26,560 [ERROR] LogOutputStream:75 - [STDERR_REDIRECT] 	at java.desktop/java.awt.EventQueue.dispatchEvent(EventQueue.java:742)
2026-07-21 00:40:26,560 [ERROR] LogOutputStream:75 - [STDERR_REDIRECT] 	at java.desktop/java.awt.EventDispatchThread.pumpOneEventForFilters(EventDispatchThread.java:203)
2026-07-21 00:40:26,560 [ERROR] LogOutputStream:75 - [STDERR_REDIRECT] 	at java.desktop/java.awt.EventDispatchThread.pumpEventsForFilter(EventDispatchThread.java:124)
2026-07-21 00:40:26,561 [ERROR] LogOutputStream:75 - [STDERR_REDIRECT] 	at java.desktop/java.awt.EventDispatchThread.pumpEventsForHierarchy(EventDispatchThread.java:113)
2026-07-21 00:40:26,561 [ERROR] LogOutputStream:75 - [STDERR_REDIRECT] 	at java.desktop/java.awt.EventDispatchThread.pumpEvents(EventDispatchThread.java:109)
2026-07-21 00:40:26,561 [ERROR] LogOutputStream:75 - [STDERR_REDIRECT] 	at java.desktop/java.awt.EventDispatchThread.pumpEvents(EventDispatchThread.java:101)
2026-07-21 00:40:26,561 [ERROR] LogOutputStream:75 - [STDERR_REDIRECT] 	at java.desktop/java.awt.EventDispatchThread.run(EventDispatchThread.java:90)
2026-07-21 00:40:26,597 [ERROR] LogOutputStream:75 - [STDERR_REDIRECT] Exception in thread "AWT-EventQueue-0" org.eclipse.swt.SWTException: Device is disposed
2026-07-21 00:40:26,597 [ERROR] LogOutputStream:75 - [STDERR_REDIRECT] 	at org.eclipse.swt.SWT.error(SWT.java:4922)
2026-07-21 00:40:26,597 [ERROR] LogOutputStream:75 - [STDERR_REDIRECT] 	at org.eclipse.swt.SWT.error(SWT.java:4837)
2026-07-21 00:40:26,597 [ERROR] LogOutputStream:75 - [STDERR_REDIRECT] 	at org.eclipse.swt.SWT.error(SWT.java:4808)
2026-07-21 00:40:26,598 [ERROR] LogOutputStream:75 - [STDERR_REDIRECT] 	at org.eclipse.swt.widgets.Display.error(Display.java:1551)
2026-07-21 00:40:26,598 [ERROR] LogOutputStream:75 - [STDERR_REDIRECT] 	at org.eclipse.swt.widgets.Display.asyncExec(Display.java:920)
2026-07-21 00:40:26,598 [ERROR] LogOutputStream:75 - [STDERR_REDIRECT] 	at com.st.stm32cube.common.mx.oss.core.awtswtbridge.AwtEnvironment$2.run(AwtEnvironment.java:168)
2026-07-21 00:40:26,598 [ERROR] LogOutputStream:75 - [STDERR_REDIRECT] 	at java.desktop/java.awt.event.InvocationEvent.dispatch(InvocationEvent.java:318)
2026-07-21 00:40:26,598 [ERROR] LogOutputStream:75 - [STDERR_REDIRECT] 	at java.desktop/java.awt.EventQueue.dispatchEventImpl(EventQueue.java:773)
2026-07-21 00:40:26,598 [ERROR] LogOutputStream:75 - [STDERR_REDIRECT] 	at java.desktop/java.awt.EventQueue$4.run(EventQueue.java:720)
2026-07-21 00:40:26,598 [ERROR] LogOutputStream:75 - [STDERR_REDIRECT] 	at java.desktop/java.awt.EventQueue$4.run(EventQueue.java:714)
2026-07-21 00:40:26,598 [ERROR] LogOutputStream:75 - [STDERR_REDIRECT] 	at java.base/java.security.AccessController.doPrivileged(AccessController.java:400)
2026-07-21 00:40:26,598 [ERROR] LogOutputStream:75 - [STDERR_REDIRECT] 	at java.base/java.security.ProtectionDomain$JavaSecurityAccessImpl.doIntersectionPrivilege(ProtectionDomain.java:87)
2026-07-21 00:40:26,598 [ERROR] LogOutputStream:75 - [STDERR_REDIRECT] 	at java.desktop/java.awt.EventQueue.dispatchEvent(EventQueue.java:742)
2026-07-21 00:40:26,598 [ERROR] LogOutputStream:75 - [STDERR_REDIRECT] 	at java.desktop/java.awt.EventDispatchThread.pumpOneEventForFilters(EventDispatchThread.java:203)
2026-07-21 00:40:26,598 [ERROR] LogOutputStream:75 - [STDERR_REDIRECT] 	at java.desktop/java.awt.EventDispatchThread.pumpEventsForFilter(EventDispatchThread.java:124)
2026-07-21 00:40:26,598 [ERROR] LogOutputStream:75 - [STDERR_REDIRECT] 	at java.desktop/java.awt.EventDispatchThread.pumpEventsForHierarchy(EventDispatchThread.java:113)
2026-07-21 00:40:26,598 [ERROR] LogOutputStream:75 - [STDERR_REDIRECT] 	at java.desktop/java.awt.EventDispatchThread.pumpEvents(EventDispatchThread.java:109)
2026-07-21 00:40:26,599 [ERROR] LogOutputStream:75 - [STDERR_REDIRECT] 	at java.desktop/java.awt.EventDispatchThread.pumpEvents(EventDispatchThread.java:101)
2026-07-21 00:40:26,599 [ERROR] LogOutputStream:75 - [STDERR_REDIRECT] 	at java.desktop/java.awt.EventDispatchThread.run(EventDispatchThread.java:90)
2026-07-21 00:40:26,687 [ERROR] LogOutputStream:75 - [STDERR_REDIRECT] 
2026-07-21 00:40:26,688 [ERROR] LogOutputStream:75 - [STDERR_REDIRECT] 
