2026-07-21 00:00:01,476 [INFO] OpenFileManager:355 - Change cursor
2026-07-21 00:00:01,504 [INFO] RulesReader:64 - Compatibility file has been processed (297 Rules)
2026-07-21 00:00:01,509 [INFO] Mcu:2029 - Initializing MCU STM32F407V(E-G)Tx STM32F407VGTx STM32F407VGT6
2026-07-21 00:00:02,381 [INFO] Context:786 - Trying to add GPIOservice into a context  which must be forbidden
2026-07-21 00:00:02,979 [INFO] ImportTextPane:234 - (OptionalMessage_ERROR) Pin15 (VP_RIF_VS_RIF1) cannot be retrieved for this MCU
2026-07-21 00:00:03,118 [INFO] RtosManager:558 - Registered RTOS mode: class=CMSIS, group=RTOS, mode=CMSIS_V1, owner=FREERTOS
2026-07-21 00:00:03,118 [INFO] RtosManager:558 - Registered RTOS mode: class=CMSIS, group=RTOS2, mode=CMSIS_V2, owner=FREERTOS
2026-07-21 00:00:03,118 [INFO] RtosManager:558 - Registered RTOS mode: class=RTOS, group=Core, mode=CMSIS_V1, owner=FREERTOS
2026-07-21 00:00:03,118 [INFO] RtosManager:558 - Registered RTOS mode: class=RTOS, group=Core, mode=CMSIS_V2, owner=FREERTOS
2026-07-21 00:00:03,118 [WARN] ModelIntegratedComponent:184 - Missing modes for component STMicroelectronics:FreeRTOS:0.0.1:STMicroelectronics:RTOS:FreeRTOS:Core:::10.2.0:
2026-07-21 00:00:03,125 [WARN] ModelIntegratedComponent:63 - No mode defined for component null
2026-07-21 00:00:03,125 [WARN] ModelIntegratedComponent:63 - No mode defined for component null
2026-07-21 00:00:03,125 [WARN] ModelIntegratedComponent:63 - No mode defined for component null
2026-07-21 00:00:03,125 [WARN] ModelIntegratedComponent:63 - No mode defined for component null
2026-07-21 00:00:03,125 [WARN] ModelIntegratedComponent:63 - No mode defined for component null
2026-07-21 00:00:03,125 [WARN] ModelIntegratedComponent:63 - No mode defined for component null
2026-07-21 00:00:03,125 [WARN] ModelIntegratedComponent:63 - No mode defined for component null
2026-07-21 00:00:03,125 [WARN] ModelIntegratedComponent:63 - No mode defined for component null
2026-07-21 00:00:03,125 [WARN] ModelIntegratedComponent:63 - No mode defined for component null
2026-07-21 00:00:03,125 [WARN] ModelIntegratedComponent:63 - No mode defined for component null
2026-07-21 00:00:03,125 [WARN] ModelIntegratedComponent:63 - No mode defined for component null
2026-07-21 00:00:03,125 [WARN] ModelIntegratedComponent:63 - No mode defined for component null
2026-07-21 00:00:03,125 [WARN] ModelIntegratedComponent:63 - No mode defined for component null
2026-07-21 00:00:03,125 [WARN] ModelIntegratedComponent:63 - No mode defined for component null
2026-07-21 00:00:03,125 [WARN] ModelIntegratedComponent:63 - No mode defined for component null
2026-07-21 00:00:03,125 [WARN] ModelIntegratedComponent:63 - No mode defined for component null
2026-07-21 00:00:03,125 [WARN] ModelIntegratedComponent:63 - No mode defined for component null
2026-07-21 00:00:03,125 [WARN] ModelIntegratedComponent:63 - No mode defined for component null
2026-07-21 00:00:03,125 [WARN] ModelIntegratedComponent:63 - No mode defined for component null
2026-07-21 00:00:03,125 [WARN] ModelIntegratedComponent:63 - No mode defined for component null
2026-07-21 00:00:03,125 [WARN] ModelIntegratedComponent:63 - No mode defined for component null
2026-07-21 00:00:03,125 [WARN] ModelIntegratedComponent:63 - No mode defined for component null
2026-07-21 00:00:03,125 [WARN] ModelIntegratedComponent:63 - No mode defined for component null
2026-07-21 00:00:03,125 [WARN] ModelIntegratedComponent:63 - No mode defined for component null
2026-07-21 00:00:03,125 [WARN] ModelIntegratedComponent:63 - No mode defined for component null
2026-07-21 00:00:03,125 [WARN] ModelIntegratedComponent:63 - No mode defined for component null
2026-07-21 00:00:03,125 [WARN] ModelIntegratedComponent:63 - No mode defined for component null
2026-07-21 00:00:03,125 [WARN] ModelIntegratedComponent:63 - No mode defined for component null
2026-07-21 00:00:03,125 [WARN] ModelIntegratedComponent:63 - No mode defined for component null
2026-07-21 00:00:03,125 [WARN] ModelIntegratedComponent:63 - No mode defined for component null
2026-07-21 00:00:03,125 [WARN] ModelIntegratedComponent:63 - No mode defined for component null
2026-07-21 00:00:03,125 [WARN] ModelIntegratedComponent:63 - No mode defined for component null
2026-07-21 00:00:03,125 [WARN] ModelIntegratedComponent:63 - No mode defined for component null
2026-07-21 00:00:03,125 [WARN] ModelIntegratedComponent:63 - No mode defined for component null
2026-07-21 00:00:03,126 [WARN] ModelIntegratedComponent:63 - No mode defined for component null
2026-07-21 00:00:03,126 [WARN] ModelPack:524 - Component already loaded: STMicroelectronics:HAL Drivers:0.0.0:STMicroelectronics:Device:STMicro_Driver:XSPI:HAL::0.0.1:HAL_XSPI
2026-07-21 00:00:03,227 [INFO] ThirdPartyModel:298 - Start build external matchings
2026-07-21 00:00:04,077 [INFO] ThirdPartyModel:316 - End build external matchings
2026-07-21 00:00:04,103 [INFO] ImportTextPane:234 - (OptionalMessage_ERROR) IP (RCC) : Parameter (RTCHSEDivFreq_Value) has invalid value (4000000)
2026-07-21 00:00:04,247 [INFO] UtilMem:75 - End LoadConfig() Used Memory: 962918056 Bytes (1073741824)
2026-07-21 00:00:04,260 [WARN] ThirdParty:833 - waiting for thirdparty lock release [change project]
2026-07-21 00:00:04,261 [INFO] ThirdParty:835 - entering critical section [change project]
2026-07-21 00:00:04,261 [INFO] ThirdParty:1030 - CMSIS Pack Vendor :STMicroelectronics X-CUBE-AZRTOS-H7 3.5.0
2026-07-21 00:00:04,261 [INFO] ThirdParty:1030 - CMSIS Pack Vendor :STMicroelectronics X-CUBE-PM33A1 1.0.0
2026-07-21 00:00:04,261 [INFO] ThirdParty:1030 - CMSIS Pack Vendor :STMicroelectronics USBPD 4.1
2026-07-21 00:00:04,261 [INFO] ThirdParty:1030 - CMSIS Pack Vendor :STMicroelectronics X-CUBE-NFC9 1.0.0
2026-07-21 00:00:04,261 [INFO] ThirdParty:1030 - CMSIS Pack Vendor :STMicroelectronics USB_HOST 2.0.0
2026-07-21 00:00:04,261 [INFO] ThirdParty:1030 - CMSIS Pack Vendor :STMicroelectronics FP-ATR-ASTRA1 2.0.3
2026-07-21 00:00:04,261 [INFO] ThirdParty:1030 - CMSIS Pack Vendor :STMicroelectronics X-CUBE-AZRTOS-F4 1.1.0
2026-07-21 00:00:04,261 [INFO] ThirdParty:1030 - CMSIS Pack Vendor :STMicroelectronics LIBJPEG 8.0.0
2026-07-21 00:00:04,261 [INFO] ThirdParty:1030 - CMSIS Pack Vendor :STMicroelectronics FP-ATR-ASTRA1 2.0.2
2026-07-21 00:00:04,261 [INFO] ThirdParty:1030 - CMSIS Pack Vendor :STMicroelectronics X-CUBE-BLE1 7.1.0
2026-07-21 00:00:04,261 [INFO] ThirdParty:1030 - CMSIS Pack Vendor :STMicroelectronics X-CUBE-SMBUS 2.1.0
2026-07-21 00:00:04,261 [INFO] ThirdParty:1030 - CMSIS Pack Vendor :wolfSSL I-CUBE-wolfMQTT 1.19.2
2026-07-21 00:00:04,261 [INFO] ThirdParty:1030 - CMSIS Pack Vendor :STMicroelectronics USB_DEVICE 3.0.0
2026-07-21 00:00:04,261 [INFO] ThirdParty:1030 - CMSIS Pack Vendor :STMicroelectronics X-CUBE-ISPU 2.1.0
2026-07-21 00:00:04,261 [INFO] ThirdParty:1030 - CMSIS Pack Vendor :STMicroelectronics X-CUBE-EEPRMA1 5.2.0
2026-07-21 00:00:04,262 [INFO] ThirdParty:1030 - CMSIS Pack Vendor :STMicroelectronics X-CUBE-IPS 3.2.0
2026-07-21 00:00:04,262 [INFO] ThirdParty:1030 - CMSIS Pack Vendor :STMicroelectronics X-CUBE-BLEMGR 4.1.0
2026-07-21 00:00:04,262 [INFO] ThirdParty:1030 - CMSIS Pack Vendor :STMicroelectronics eDS-WB_DPC_TT-BIDIR 2.1.1
2026-07-21 00:00:04,262 [INFO] ThirdParty:1030 - CMSIS Pack Vendor :STMicroelectronics X-CUBE-AZRTOS-WB 2.0.0
2026-07-21 00:00:04,262 [INFO] ThirdParty:1030 - CMSIS Pack Vendor :wolfSSL I-CUBE-wolfSSL 5.8.4
2026-07-21 00:00:04,262 [INFO] ThirdParty:1030 - CMSIS Pack Vendor :Cesanta I-CUBE-Mongoose 7.20.0
2026-07-21 00:00:04,262 [INFO] ThirdParty:1030 - CMSIS Pack Vendor :STMicroelectronics X-CUBE-NFC12 1.0.0
2026-07-21 00:00:04,262 [INFO] ThirdParty:1030 - CMSIS Pack Vendor :STMicroelectronics X-CUBE-AZRTOS-F7 1.1.0
2026-07-21 00:00:04,262 [INFO] ThirdParty:1030 - CMSIS Pack Vendor :STMicroelectronics X-CUBE-AZRTOS-L5 2.0.0
2026-07-21 00:00:04,262 [INFO] ThirdParty:1030 - CMSIS Pack Vendor :STMicroelectronics USB_DEVICE 2.0.0
2026-07-21 00:00:04,262 [INFO] ThirdParty:1030 - CMSIS Pack Vendor :STMicroelectronics X-CUBE-FREERTOS 1.6.0
2026-07-21 00:00:04,262 [INFO] ThirdParty:1030 - CMSIS Pack Vendor :STMicroelectronics FP-SNS-STAIOTCFT 1.1.0
2026-07-21 00:00:04,262 [INFO] ThirdParty:1030 - CMSIS Pack Vendor :quantropi X-CUBE-qispace-sdk-base 2.1.0
2026-07-21 00:00:04,262 [INFO] ThirdParty:1030 - CMSIS Pack Vendor :STMicroelectronics X-CUBE-MEMS1 12.0.0
2026-07-21 00:00:04,262 [INFO] ThirdParty:1030 - CMSIS Pack Vendor :STMicroelectronics X-CUBE-STSE01 2.0.0
2026-07-21 00:00:04,262 [INFO] ThirdParty:1030 - CMSIS Pack Vendor :STMicroelectronics X-CUBE-ALGOBUILD 1.5.0
2026-07-21 00:00:04,262 [INFO] ThirdParty:1030 - CMSIS Pack Vendor :STMicroelectronics FP-SNS-MOTENV1 5.1.0
2026-07-21 00:00:04,262 [INFO] ThirdParty:1030 - CMSIS Pack Vendor :STMicroelectronics FreeRTOS 0.0.1
2026-07-21 00:00:04,262 [INFO] ThirdParty:1030 - CMSIS Pack Vendor :STMicroelectronics X-CUBE-AZRTOS-H7RS 1.3.0
2026-07-21 00:00:04,262 [INFO] ThirdParty:1030 - CMSIS Pack Vendor :STMicroelectronics X-CUBE-AZRTOS-G0 1.1.0
2026-07-21 00:00:04,262 [INFO] ThirdParty:1030 - CMSIS Pack Vendor :STMicroelectronics X-CUBE-NFC4 3.0.0
2026-07-21 00:00:04,262 [INFO] ThirdParty:1030 - CMSIS Pack Vendor :STMicroelectronics X-CUBE-SUBG2 5.0.0
2026-07-21 00:00:04,262 [INFO] ThirdParty:1030 - CMSIS Pack Vendor :STMicroelectronics STM32_WPAN 1.0.0
2026-07-21 00:00:04,262 [INFO] ThirdParty:1030 - CMSIS Pack Vendor :STMicroelectronics eDS-WB_DPC_VIENNA 1.2.0
2026-07-21 00:00:04,263 [INFO] ThirdParty:1030 - CMSIS Pack Vendor :EmbeddedOffice I-CUBE-FS-RTOS 1.0.1
2026-07-21 00:00:04,263 [INFO] ThirdParty:1030 - CMSIS Pack Vendor :STMicroelectronics lwIP 2.0.3
2026-07-21 00:00:04,263 [INFO] ThirdParty:1030 - CMSIS Pack Vendor :WES I-CUBE-Cesium 1.4.0
2026-07-21 00:00:04,263 [INFO] ThirdParty:1030 - CMSIS Pack Vendor :STMicroelectronics eDS-WB_DPC_3PH2L-BIDIR 1.1.1
2026-07-21 00:00:04,263 [INFO] ThirdParty:1030 - CMSIS Pack Vendor :STMicroelectronics USB_HOST 1.0.0
2026-07-21 00:00:04,263 [INFO] ThirdParty:1030 - CMSIS Pack Vendor :STMicroelectronics X-CUBE-AZRTOS-G4 2.0.0
2026-07-21 00:00:04,263 [INFO] ThirdParty:1030 - CMSIS Pack Vendor :STMicroelectronics X-CUBE-WB05N 2.0.0
2026-07-21 00:00:04,263 [INFO] ThirdParty:1030 - CMSIS Pack Vendor :STMicroelectronics PDM2PCM 3.1.0
2026-07-21 00:00:04,263 [INFO] ThirdParty:1030 - CMSIS Pack Vendor :STMicroelectronics PDM2PCM 3.3.0
2026-07-21 00:00:04,263 [INFO] ThirdParty:1030 - CMSIS Pack Vendor :wolfSSL I-CUBE-wolfTPM 3.8.0
2026-07-21 00:00:04,263 [INFO] ThirdParty:1030 - CMSIS Pack Vendor :STMicroelectronics X-CUBE-DISPLAY 3.0.0
2026-07-21 00:00:04,263 [INFO] ThirdParty:1030 - CMSIS Pack Vendor :wolfSSL I-CUBE-wolfSSH 1.4.20
2026-07-21 00:00:04,263 [INFO] ThirdParty:1030 - CMSIS Pack Vendor :STMicroelectronics X-CUBE-NFC7 2.0.0
2026-07-21 00:00:04,263 [INFO] ThirdParty:1030 - CMSIS Pack Vendor :STMicroelectronics X-CUBE-GNSS1 7.1.1
2026-07-21 00:00:04,263 [INFO] ThirdParty:1030 - CMSIS Pack Vendor :STMicroelectronics FP-SNS-MOTENVWB1 1.5.0
2026-07-21 00:00:04,263 [INFO] ThirdParty:1030 - CMSIS Pack Vendor :STMicroelectronics X-CUBE-TCPP 4.2.0
2026-07-21 00:00:04,263 [INFO] ThirdParty:1030 - CMSIS Pack Vendor :RealThread X-CUBE-RT-Thread_Nano 4.1.1
2026-07-21 00:00:04,263 [INFO] ThirdParty:1030 - CMSIS Pack Vendor :STMicroelectronics FP-ATR-SIGFOX1 3.2.0
2026-07-21 00:00:04,263 [INFO] ThirdParty:1030 - CMSIS Pack Vendor :STMicroelectronics X-CUBE-NFC10 1.0.0
2026-07-21 00:00:04,263 [INFO] ThirdParty:1030 - CMSIS Pack Vendor :STMicroelectronics HAL Drivers 0.0.0
2026-07-21 00:00:04,263 [INFO] ThirdParty:1030 - CMSIS Pack Vendor :STMicroelectronics X-CUBE-FREERTOS 1.5.0
2026-07-21 00:00:04,263 [INFO] ThirdParty:1030 - CMSIS Pack Vendor :STMicroelectronics MBEDTLS 2.16.2
2026-07-21 00:00:04,263 [INFO] ThirdParty:1030 - CMSIS Pack Vendor :STMicroelectronics X-CUBE-ST60 1.1.0
2026-07-21 00:00:04,263 [INFO] ThirdParty:1030 - CMSIS Pack Vendor :STMicroelectronics X-CUBE-ALS 1.0.2
2026-07-21 00:00:04,263 [INFO] ThirdParty:1030 - CMSIS Pack Vendor :emotas I-CUBE-CANOPEN 1.3.0
2026-07-21 00:00:04,263 [INFO] ThirdParty:1030 - CMSIS Pack Vendor :STMicroelectronics MBEDTLS 2.14.1
2026-07-21 00:00:04,263 [INFO] ThirdParty:1030 - CMSIS Pack Vendor :STMicroelectronics X-CUBE-GNSS1 7.1.0
2026-07-21 00:00:04,263 [INFO] ThirdParty:1030 - CMSIS Pack Vendor :ITTIA_DB I-CUBE-ITTIADB 8.9.0
2026-07-21 00:00:04,263 [INFO] ThirdParty:1030 - CMSIS Pack Vendor :STMicroelectronics X-CUBE-TOUCHGFX 4.26.1
2026-07-21 00:00:04,263 [INFO] ThirdParty:1030 - CMSIS Pack Vendor :STMicroelectronics X-CUBE-NFC6 3.2.0
2026-07-21 00:00:04,263 [INFO] ThirdParty:1030 - CMSIS Pack Vendor :STMicroelectronics FP-SNS-STBOX1 2.1.0
2026-07-21 00:00:04,263 [INFO] ThirdParty:1030 - CMSIS Pack Vendor :STMicroelectronics X-CUBE-AI 10.2.1
2026-07-21 00:00:04,263 [INFO] ThirdParty:1030 - CMSIS Pack Vendor :STMicroelectronics X-CUBE-AI 10.2.0
2026-07-21 00:00:04,264 [INFO] ThirdParty:1030 - CMSIS Pack Vendor :STMicroelectronics FP-SNS-STAIOTCFT 1.0.0
2026-07-21 00:00:04,264 [INFO] ThirdParty:1030 - CMSIS Pack Vendor :STMicroelectronics ThreadX 1.0.0
2026-07-21 00:00:04,264 [INFO] ThirdParty:1030 - CMSIS Pack Vendor :STMicroelectronics FP-SNS-SMARTAG2 1.2.0
2026-07-21 00:00:04,264 [INFO] ThirdParty:1030 - CMSIS Pack Vendor :STMicroelectronics X-CUBE-MEMS1 12.1.0
2026-07-21 00:00:04,264 [INFO] ThirdParty:1030 - CMSIS Pack Vendor :STMicroelectronics FP-SNS-FLIGHT1 5.1.0
2026-07-21 00:00:04,264 [INFO] ThirdParty:1030 - CMSIS Pack Vendor :STMicroelectronics X-CUBE-AZRTOS-WL 2.0.0
2026-07-21 00:00:04,264 [INFO] ThirdParty:1030 - CMSIS Pack Vendor :SEGGER I-CUBE-embOS 1.3.1
2026-07-21 00:00:04,264 [INFO] ThirdParty:1030 - CMSIS Pack Vendor :STMicroelectronics X-CUBE-ALGOBUILD 1.4.0
2026-07-21 00:00:04,264 [INFO] ThirdParty:1030 - CMSIS Pack Vendor :STMicroelectronics X-CUBE-DPower 1.3.0
2026-07-21 00:00:04,264 [INFO] ThirdParty:1030 - CMSIS Pack Vendor :STMicroelectronics USB_DEVICE 1.0.0
2026-07-21 00:00:04,264 [INFO] ThirdParty:1030 - CMSIS Pack Vendor :STMicroelectronics X-CUBE-AZRTOS-H7RS 1.2.0
2026-07-21 00:00:04,264 [INFO] ThirdParty:1030 - CMSIS Pack Vendor :STMicroelectronics X-CUBE-AZRTOS-L4 2.0.0
2026-07-21 00:00:04,264 [INFO] ThirdParty:1030 - CMSIS Pack Vendor :STMicroelectronics ThreadX 0.0.2
2026-07-21 00:00:04,264 [INFO] ThirdParty:1030 - CMSIS Pack Vendor :STMicroelectronics lwIP 2.1.2
2026-07-21 00:00:04,264 [INFO] ThirdParty:1030 - CMSIS Pack Vendor :STMicroelectronics X-CUBE-SFXS2LP1 4.0.0
2026-07-21 00:00:04,264 [INFO] ThirdParty:1030 - CMSIS Pack Vendor :STMicroelectronics X-CUBE-BLE2 3.3.0
2026-07-21 00:00:04,264 [INFO] ThirdParty:1030 - CMSIS Pack Vendor :Avnet-IOTCONNECT X-CUBE-iotc-st67-sdk 1.0.0
2026-07-21 00:00:04,264 [INFO] ThirdParty:1030 - CMSIS Pack Vendor :STMicroelectronics X-CUBE-TOF1 3.4.3
2026-07-21 00:00:04,264 [INFO] ThirdParty:1030 - CMSIS Pack Vendor :Infineon AIROC-Wi-Fi-Bluetooth-STM32 1.8.0
2026-07-21 00:00:04,264 [INFO] ThirdParty:1030 - CMSIS Pack Vendor :STMicroelectronics X-CUBE-NFC13 1.0.0
2026-07-21 00:00:04,264 [INFO] ThirdParty:1030 - CMSIS Pack Vendor :STMicroelectronics PDM2PCM 3.2.0
2026-07-21 00:00:04,264 [INFO] ThirdParty:1030 - CMSIS Pack Vendor :STMicroelectronics X-CUBE-WB05N 2.1.0
2026-07-21 00:00:04,264 [INFO] ThirdParty:1030 - CMSIS Pack Vendor :STMicroelectronics X-CUBE-ST67W61 1.2.0
2026-07-21 00:00:04,264 [INFO] ThirdParty:841 - exiting critical section [change project]
2026-07-21 00:00:04,502 [INFO] PinOutPanel:1589 - setPackage(No Configuration,No Configuration)
2026-07-21 00:00:04,502 [INFO] PinOutPanel:1589 - setPackage(STM32F407VGTx,LQFP100)
2026-07-21 00:00:04,826 [INFO] UtilMem:75 - Before build in PCC Used Memory: 524263280 Bytes (1073741824)
2026-07-21 00:00:05,054 [INFO] UtilMem:75 - After build in PCC Used Memory: 571971440 Bytes (1073741824)
2026-07-21 00:00:05,073 [INFO] IPUIPlugin:80 - create IPUIPlugin
2026-07-21 00:00:05,073 [INFO] IPUIPlugin:80 - create IPUIPlugin
2026-07-21 00:00:05,073 [INFO] IPUIPlugin:80 - create IPUIPlugin
2026-07-21 00:00:05,073 [INFO] IPUIPlugin:80 - create IPUIPlugin
2026-07-21 00:00:05,073 [INFO] IPUIPlugin:80 - create IPUIPlugin
2026-07-21 00:00:05,073 [INFO] IPUIPlugin:80 - create IPUIPlugin
2026-07-21 00:00:05,073 [INFO] IPUIPlugin:80 - create IPUIPlugin
2026-07-21 00:00:05,074 [INFO] IPUIPlugin:80 - create IPUIPlugin
2026-07-21 00:00:05,074 [INFO] IPUIPlugin:80 - create IPUIPlugin
2026-07-21 00:00:05,074 [INFO] IPUIPlugin:80 - create IPUIPlugin
2026-07-21 00:00:05,074 [INFO] IPUIPlugin:80 - create IPUIPlugin
2026-07-21 00:00:05,074 [INFO] IPUIPlugin:80 - create IPUIPlugin
2026-07-21 00:00:05,074 [INFO] IPUIPlugin:80 - create IPUIPlugin
2026-07-21 00:00:05,074 [INFO] IPUIPlugin:80 - create IPUIPlugin
2026-07-21 00:00:05,074 [INFO] IPUIPlugin:80 - create IPUIPlugin
2026-07-21 00:00:05,074 [INFO] IPUIPlugin:80 - create IPUIPlugin
2026-07-21 00:00:05,075 [INFO] IPUIPlugin:80 - create IPUIPlugin
2026-07-21 00:00:05,075 [INFO] IPUIPlugin:80 - create IPUIPlugin
2026-07-21 00:00:05,075 [INFO] IPUIPlugin:80 - create IPUIPlugin
2026-07-21 00:00:05,075 [INFO] IPUIPlugin:80 - create IPUIPlugin
2026-07-21 00:00:05,075 [INFO] IPUIPlugin:80 - create IPUIPlugin
2026-07-21 00:00:05,075 [INFO] IPUIPlugin:80 - create IPUIPlugin
2026-07-21 00:00:05,075 [INFO] IPUIPlugin:80 - create IPUIPlugin
2026-07-21 00:00:05,076 [INFO] IPUIPlugin:80 - create IPUIPlugin
2026-07-21 00:00:05,076 [INFO] IPUIPlugin:80 - create IPUIPlugin
2026-07-21 00:00:05,076 [INFO] IPUIPlugin:80 - create IPUIPlugin
2026-07-21 00:00:05,076 [INFO] IPUIPlugin:80 - create IPUIPlugin
2026-07-21 00:00:05,076 [INFO] IPUIPlugin:80 - create IPUIPlugin
2026-07-21 00:00:05,076 [INFO] IPUIPlugin:80 - create IPUIPlugin
2026-07-21 00:00:05,076 [INFO] IPUIPlugin:80 - create IPUIPlugin
2026-07-21 00:00:05,076 [INFO] IPUIPlugin:80 - create IPUIPlugin
2026-07-21 00:00:05,076 [INFO] IPUIPlugin:80 - create IPUIPlugin
2026-07-21 00:00:05,076 [INFO] IPUIPlugin:80 - create IPUIPlugin
2026-07-21 00:00:05,077 [INFO] IPUIPlugin:80 - create IPUIPlugin
2026-07-21 00:00:05,077 [INFO] IPUIPlugin:80 - create IPUIPlugin
2026-07-21 00:00:05,077 [INFO] IPUIPlugin:80 - create IPUIPlugin
2026-07-21 00:00:05,077 [INFO] IPUIPlugin:80 - create IPUIPlugin
2026-07-21 00:00:05,077 [INFO] IPUIPlugin:80 - create IPUIPlugin
2026-07-21 00:00:05,077 [INFO] IPUIPlugin:80 - create IPUIPlugin
2026-07-21 00:00:05,078 [INFO] IPUIPlugin:80 - create IPUIPlugin
2026-07-21 00:00:05,078 [INFO] IPUIPlugin:80 - create IPUIPlugin
2026-07-21 00:00:05,078 [INFO] IPUIPlugin:80 - create IPUIPlugin
2026-07-21 00:00:05,078 [INFO] IPUIPlugin:80 - create IPUIPlugin
2026-07-21 00:00:05,078 [INFO] IPUIPlugin:80 - create IPUIPlugin
2026-07-21 00:00:05,078 [INFO] IPUIPlugin:80 - create IPUIPlugin
2026-07-21 00:00:05,079 [INFO] IPUIPlugin:80 - create IPUIPlugin
2026-07-21 00:00:05,079 [INFO] IPUIPlugin:80 - create IPUIPlugin
2026-07-21 00:00:05,079 [INFO] IPUIPlugin:80 - create IPUIPlugin
2026-07-21 00:00:05,079 [INFO] IPUIPlugin:80 - create IPUIPlugin
2026-07-21 00:00:05,079 [INFO] IPUIPlugin:80 - create IPUIPlugin
2026-07-21 00:00:05,079 [INFO] IPUIPlugin:80 - create IPUIPlugin
2026-07-21 00:00:05,080 [INFO] IPUIPlugin:80 - create IPUIPlugin
2026-07-21 00:00:05,080 [INFO] IPUIPlugin:80 - create IPUIPlugin
2026-07-21 00:00:05,080 [INFO] IPUIPlugin:80 - create IPUIPlugin
2026-07-21 00:00:05,080 [INFO] IPUIPlugin:80 - create IPUIPlugin
2026-07-21 00:00:05,081 [INFO] IPUIPlugin:80 - create IPUIPlugin
2026-07-21 00:00:05,081 [INFO] IPUIPlugin:80 - create IPUIPlugin
2026-07-21 00:00:05,081 [INFO] IPUIPlugin:80 - create IPUIPlugin
2026-07-21 00:00:05,083 [INFO] ApiDbMcu:532 - Load IP Config File for PDM2PCM
2026-07-21 00:00:05,085 [INFO] Can:71 - Can Add PropertyChangeListener com.st.microxplorer.plugins.ip.can.Can@4f44321f
2026-07-21 00:00:05,131 [INFO] CADModel:165 - CPN selected for project levelSTM32F407VGT6
2026-07-21 00:00:05,131 [INFO] CADModel:114 - Register for checkConnection events
2026-07-21 00:00:05,170 [INFO] OpenFileManager:386 - Restore cursor
2026-07-21 00:00:43,891 [INFO] UtilMem:75 - End SaveConfig() Used Memory: 475040800 Bytes (1073741824)
2026-07-21 00:00:44,069 [INFO] UtilMem:75 - End SaveConfig() Used Memory: 496534560 Bytes (1073741824)
2026-07-21 00:00:50,107 [INFO] UtilMem:75 - End SaveConfig() Used Memory: 538303592 Bytes (1073741824)
2026-07-21 00:00:50,872 [INFO] BlockDiagram:2775 - set Specific Code input for plugin: TIM1_8
2026-07-21 00:00:50,872 [INFO] BlockDiagram:2775 - set Specific Code input for plugin: CAN
2026-07-21 00:00:50,872 [INFO] BlockDiagram:2775 - set Specific Code input for plugin: ADC
2026-07-21 00:00:50,872 [INFO] BlockDiagram:2775 - set Specific Code input for plugin: SYS
2026-07-21 00:00:50,872 [INFO] BlockDiagram:2775 - set Specific Code input for plugin: RCC
2026-07-21 00:00:50,872 [INFO] BlockDiagram:2775 - set Specific Code input for plugin: NVIC
2026-07-21 00:00:50,872 [INFO] BlockDiagram:2775 - set Specific Code input for plugin: USART
2026-07-21 00:00:50,873 [INFO] BlockDiagram:2775 - set Specific Code input for plugin: GPIO
2026-07-21 00:00:50,873 [INFO] CodeGenerator:892 - code generatio: config db path: /home/sakshi/.stm32cubemx/databases/DB.6.0.130/db/
2026-07-21 00:00:51,367 [INFO] CodeEngine:265 - oldGeneratedFile, /home/sakshi/CDAC_Project_practice/HAL_CAN_TX/MXTmpFiles/license.tmp_save
2026-07-21 00:00:51,648 [INFO] CodeEngine:289 - Generated code: /home/sakshi/CDAC_Project_practice/HAL_CAN_TX/MXTmpFiles/license.tmp
2026-07-21 00:00:51,706 [INFO] CodeEngine:265 - oldGeneratedFile, /home/sakshi/CDAC_Project_practice/HAL_CAN_TX/MXTmpFiles/gpio.tmp_save
2026-07-21 00:00:51,878 [INFO] CodeEngine:289 - Generated code: /home/sakshi/CDAC_Project_practice/HAL_CAN_TX/MXTmpFiles/gpio.tmp
2026-07-21 00:00:52,131 [INFO] CodeEngine:265 - oldGeneratedFile, /home/sakshi/CDAC_Project_practice/HAL_CAN_TX/Core/Src/stm32f4xx_it.c_save
2026-07-21 00:00:52,439 [INFO] CodeEngine:289 - Generated code: /home/sakshi/CDAC_Project_practice/HAL_CAN_TX/Core/Src/stm32f4xx_it.c
2026-07-21 00:00:52,441 [INFO] CodeEngine:265 - oldGeneratedFile, /home/sakshi/CDAC_Project_practice/HAL_CAN_TX/Core/Inc/stm32f4xx_it.h_save
2026-07-21 00:00:52,518 [INFO] CodeEngine:289 - Generated code: /home/sakshi/CDAC_Project_practice/HAL_CAN_TX/Core/Inc/stm32f4xx_it.h
2026-07-21 00:00:52,525 [INFO] CodeEngine:265 - oldGeneratedFile, /home/sakshi/CDAC_Project_practice/HAL_CAN_TX/Core/Src/stm32f4xx_hal_msp.c_save
2026-07-21 00:00:52,661 [INFO] CodeEngine:289 - Generated code: /home/sakshi/CDAC_Project_practice/HAL_CAN_TX/Core/Src/stm32f4xx_hal_msp.c
2026-07-21 00:00:52,662 [INFO] CodeEngine:265 - oldGeneratedFile, /home/sakshi/CDAC_Project_practice/HAL_CAN_TX/MXTmpFiles/system.tmp_save
2026-07-21 00:00:52,730 [INFO] CodeEngine:289 - Generated code: /home/sakshi/CDAC_Project_practice/HAL_CAN_TX/MXTmpFiles/system.tmp
2026-07-21 00:00:52,733 [INFO] CodeEngine:321 - oldGeneratedFile, /home/sakshi/CDAC_Project_practice/HAL_CAN_TX/Core/Inc/stm32f4xx_hal_conf.h_save
2026-07-21 00:00:52,810 [INFO] CodeEngine:345 - Generated code: /home/sakshi/CDAC_Project_practice/HAL_CAN_TX/Core/Inc/stm32f4xx_hal_conf.h
2026-07-21 00:00:52,829 [INFO] ApiDbMcu:532 - Load IP Config File for ADC2
2026-07-21 00:00:52,830 [INFO] ApiDbMcu:532 - Load IP Config File for CAN1
2026-07-21 00:00:52,840 [INFO] ApiDbMcu:532 - Load IP Config File for TIM4
2026-07-21 00:00:52,843 [INFO] ApiDbMcu:532 - Load IP Config File for USART2
2026-07-21 00:00:52,845 [INFO] ApiDbMcu:532 - Load IP Config File for RCC
2026-07-21 00:00:52,847 [WARN] IPConfigManager:3811 - IP not found : TIM
2026-07-21 00:00:52,847 [WARN] CodeGenerator:4259 - IP not found : null
2026-07-21 00:00:52,850 [INFO] CodeEngine:265 - oldGeneratedFile, /home/sakshi/CDAC_Project_practice/HAL_CAN_TX/Core/Inc/main.h_save
2026-07-21 00:00:52,962 [INFO] CodeEngine:289 - Generated code: /home/sakshi/CDAC_Project_practice/HAL_CAN_TX/Core/Inc/main.h
2026-07-21 00:00:52,964 [INFO] CodeEngine:265 - oldGeneratedFile, /home/sakshi/CDAC_Project_practice/HAL_CAN_TX/Core/Src/main.c_save
2026-07-21 00:00:53,092 [INFO] CodeEngine:289 - Generated code: /home/sakshi/CDAC_Project_practice/HAL_CAN_TX/Core/Src/main.c
2026-07-21 00:00:53,338 [INFO] ProjectBuilder:3606 - Time for Copy HAL[1] : 34mS.
2026-07-21 00:00:53,340 [INFO] ProjectBuilder:5216 - Project Generator version: 4.7.0-B52
2026-07-21 00:00:53,429 [INFO] ConfigFileManager:1595 - The Die is : DIE413
2026-07-21 00:00:53,431 [INFO] ApiDbMcu:532 - Load IP Config File for FATFS
2026-07-21 00:00:53,435 [INFO] ApiDbMcu:532 - Load IP Config File for FREERTOS
2026-07-21 00:00:53,437 [INFO] ApiDbMcu:532 - Load IP Config File for LIBJPEG
2026-07-21 00:00:53,442 [INFO] ApiDbMcu:532 - Load IP Config File for LWIP
2026-07-21 00:00:53,446 [INFO] ApiDbMcu:532 - Load IP Config File for MBEDTLS
2026-07-21 00:00:53,451 [INFO] ApiDbMcu:532 - Load IP Config File for USB_DEVICE
2026-07-21 00:00:53,454 [INFO] ApiDbMcu:532 - Load IP Config File for USB_HOST
2026-07-21 00:00:54,173 [INFO] ProjectBuilder:5496 - Time for Generating toolchain IDE Files: 833mS.
2026-07-21 00:00:54,174 [INFO] ProjectBuilder:3463 - Time for Copy CMSIS : 0mS.
2026-07-21 00:00:54,174 [INFO] ProjectBuilder:3463 - Time for Copy CMSIS : 0mS.
2026-07-21 00:17:41,432 [INFO] MainUpdater:2872 - connection check result : 10
2026-07-21 00:17:41,432 [INFO] MainUpdater:2872 - connection check result : 10
2026-07-21 00:17:41,446 [INFO] MicroXplorer:468 - Change Database Path : 
2026-07-21 00:17:41,447 [INFO] MicroXplorer:498 - Change Database Version : DB.6.0.150
2026-07-21 00:17:41,469 [ERROR] ProjectManagerView:395 - 
java.lang.NullPointerException: Cannot invoke "javax.swing.JTextField.getText()" because the return value of "java.util.List.get(int)" is null
	at com.st.microxplorer.plugins.projectmanager.gui.ProjectChoiceTab$9.caretUpdate(ProjectChoiceTab.java:2706) ~[filemanager.jar:?]
	at javax.swing.text.JTextComponent.fireCaretUpdate(JTextComponent.java:408) ~[?:?]
	at javax.swing.text.JTextComponent$MutableCaretEvent.fire(JTextComponent.java:4484) ~[?:?]
	at javax.swing.text.JTextComponent$MutableCaretEvent.stateChanged(JTextComponent.java:4506) ~[?:?]
	at javax.swing.text.DefaultCaret.fireStateChanged(DefaultCaret.java:857) ~[?:?]
	at javax.swing.text.DefaultCaret.changeCaretPosition(DefaultCaret.java:1343) ~[?:?]
	at javax.swing.text.DefaultCaret.handleSetDot(DefaultCaret.java:1242) ~[?:?]
	at javax.swing.text.DefaultCaret.setDot(DefaultCaret.java:1223) ~[?:?]
	at javax.swing.text.DefaultCaret$Handler.insertUpdate(DefaultCaret.java:1819) ~[?:?]
	at javax.swing.text.AbstractDocument.fireInsertUpdate(AbstractDocument.java:227) ~[?:?]
	at javax.swing.text.AbstractDocument.handleInsertString(AbstractDocument.java:781) ~[?:?]
	at javax.swing.text.AbstractDocument.insertString(AbstractDocument.java:740) ~[?:?]
	at javax.swing.text.PlainDocument.insertString(PlainDocument.java:131) ~[?:?]
	at javax.swing.text.AbstractDocument.replace(AbstractDocument.java:699) ~[?:?]
	at javax.swing.text.JTextComponent.setText(JTextComponent.java:1725) ~[?:?]
	at com.st.microxplorer.plugins.projectmanager.gui.ProjectChoiceTab.createHeapStackFields(ProjectChoiceTab.java:993) ~[filemanager.jar:?]
	at com.st.microxplorer.plugins.projectmanager.gui.ProjectChoiceTab.buildLinkSettingsPanel(ProjectChoiceTab.java:3813) ~[filemanager.jar:?]
	at com.st.microxplorer.plugins.projectmanager.gui.ProjectChoiceTab.defineWindowsFields(ProjectChoiceTab.java:1987) ~[filemanager.jar:?]
	at com.st.microxplorer.plugins.projectmanager.gui.ProjectChoiceTab.updateSettings(ProjectChoiceTab.java:558) ~[filemanager.jar:?]
	at com.st.microxplorer.plugins.projectmanager.gui.ProjectSettingsPanel.UpdateDialog(ProjectSettingsPanel.java:247) ~[filemanager.jar:?]
	at com.st.microxplorer.plugins.projectmanager.ProjectManagerView.propertyChange(ProjectManagerView.java:392) ~[filemanager.jar:?]
	at java.beans.PropertyChangeSupport.fire(PropertyChangeSupport.java:343) ~[?:?]
	at java.beans.PropertyChangeSupport.firePropertyChange(PropertyChangeSupport.java:335) ~[?:?]
	at java.beans.PropertyChangeSupport.firePropertyChange(PropertyChangeSupport.java:268) ~[?:?]
	at com.st.microxplorer.util.MXPropertyChangeSupport.firePropertyChange(MXPropertyChangeSupport.java:54) ~[STM32CubeMX.jar:?]
	at com.st.microxplorer.mxsystem.MxSystem.closeConfig(MxSystem.java:899) ~[STM32CubeMX.jar:?]
	at com.st.microxplorer.maingui.MainPanel.closeConfig(MainPanel.java:792) ~[STM32CubeMX.jar:?]
	at com.st.microxplorer.plugins.filemanager.engine.OpenFileManager.loadConfigurationFile(OpenFileManager.java:288) ~[filemanager.jar:?]
	at com.st.microxplorer.plugins.filemanager.engine.MainFileManager.userLoadConfig(MainFileManager.java:364) ~[filemanager.jar:?]
	at com.st.microxplorer.plugins.filemanager.engine.MainFileManager.userLoadConfig(MainFileManager.java:342) ~[filemanager.jar:?]
	at com.st.microxplorer.plugins.filemanager.FileManagerView.getSpecificTask(FileManagerView.java:264) ~[filemanager.jar:?]
	at com.st.stm32cube.common.mx.editor.CubeMxEditor.getMxTabbedPaneInstance(CubeMxEditor.java:1198) ~[com.st.stm32cube.common.mx_6.15.0.202507011659/:?]
	at com.st.stm32cube.common.mx.editor.CubeMxEditor$12$1.createSwingComponent(CubeMxEditor.java:1068) ~[com.st.stm32cube.common.mx_6.15.0.202507011659/:?]
	at com.st.stm32cube.common.mx.oss.core.awtswtbridge.EmbeddedSwingComposite.doComponentCreation(EmbeddedSwingComposite.java:492) ~[com.st.stm32cube.common.mx.oss_6.15.0.202507011659/:?]
	at com.st.stm32cube.common.mx.oss.core.awtswtbridge.EmbeddedSwingComposite$4.run(EmbeddedSwingComposite.java:291) ~[com.st.stm32cube.common.mx.oss_6.15.0.202507011659/:?]
	at com.st.stm32cube.common.mx.oss.core.awtswtbridge.AwtEnvironment$2.run(AwtEnvironment.java:166) ~[com.st.stm32cube.common.mx.oss_6.15.0.202507011659/:?]
	at java.awt.event.InvocationEvent.dispatch(InvocationEvent.java:318) ~[?:?]
	at java.awt.EventQueue.dispatchEventImpl(EventQueue.java:773) ~[?:?]
	at java.awt.EventQueue$4.run(EventQueue.java:720) ~[?:?]
	at java.awt.EventQueue$4.run(EventQueue.java:714) ~[?:?]
	at java.security.AccessController.doPrivileged(AccessController.java:400) ~[?:?]
	at java.security.ProtectionDomain$JavaSecurityAccessImpl.doIntersectionPrivilege(ProtectionDomain.java:87) ~[?:?]
	at java.awt.EventQueue.dispatchEvent(EventQueue.java:742) ~[?:?]
	at java.awt.EventDispatchThread.pumpOneEventForFilters(EventDispatchThread.java:203) ~[?:?]
	at java.awt.EventDispatchThread.pumpEventsForFilter(EventDispatchThread.java:124) ~[?:?]
	at java.awt.EventDispatchThread.pumpEventsForHierarchy(EventDispatchThread.java:113) ~[?:?]
	at java.awt.EventDispatchThread.pumpEvents(EventDispatchThread.java:109) ~[?:?]
	at java.awt.EventDispatchThread.pumpEvents(EventDispatchThread.java:101) ~[?:?]
	at java.awt.EventDispatchThread.run(EventDispatchThread.java:90) ~[?:?]
2026-07-21 00:17:41,471 [WARN] ThirdParty:871 - waiting for thirdparty lock release [close project]
2026-07-21 00:17:41,471 [INFO] ThirdParty:873 - entering critical section [close project]
2026-07-21 00:17:41,471 [INFO] ThirdParty:883 - exiting critical section [close project]
2026-07-21 00:17:41,474 [INFO] PinOutPanel:1589 - setPackage(No Configuration,No Configuration)
2026-07-21 00:17:41,483 [WARN] IpParametersView:155 - Warning: This peripheral hasn't parameters
2026-07-21 00:17:41,490 [WARN] MainPanel:289 - <html><b><center>Warning: This peripheral has no parameters to be configured<br></b></html>
2026-07-21 00:17:41,494 [INFO] UtilMem:75 - Begin LoadConfig() Used Memory: 799792968 Bytes (1073741824)
2026-07-21 00:17:41,501 [INFO] MicroXplorer:468 - Change Database Path : /home/sakshi/.stm32cubemx/databases/DB.6.0.130/db/
2026-07-21 00:17:41,501 [INFO] MicroXplorer:498 - Change Database Version : DB.6.0.130
2026-07-21 00:17:43,736 [INFO] OpenFileManager:355 - Change cursor
2026-07-21 00:17:43,755 [INFO] RulesReader:64 - Compatibility file has been processed (297 Rules)
2026-07-21 00:17:43,761 [INFO] Mcu:2029 - Initializing MCU STM32F407V(E-G)Tx STM32F407VGTx STM32F407VGT6
2026-07-21 00:17:44,852 [INFO] Context:786 - Trying to add GPIOservice into a context  which must be forbidden
2026-07-21 00:17:45,443 [INFO] ImportTextPane:234 - (OptionalMessage_ERROR) Pin17 (VP_RIF_VS_RIF1) cannot be retrieved for this MCU
2026-07-21 00:17:45,656 [INFO] RtosManager:558 - Registered RTOS mode: class=CMSIS, group=RTOS, mode=CMSIS_V1, owner=FREERTOS
2026-07-21 00:17:45,656 [INFO] RtosManager:558 - Registered RTOS mode: class=CMSIS, group=RTOS2, mode=CMSIS_V2, owner=FREERTOS
2026-07-21 00:17:45,656 [INFO] RtosManager:558 - Registered RTOS mode: class=RTOS, group=Core, mode=CMSIS_V1, owner=FREERTOS
2026-07-21 00:17:45,656 [INFO] RtosManager:558 - Registered RTOS mode: class=RTOS, group=Core, mode=CMSIS_V2, owner=FREERTOS
2026-07-21 00:17:45,656 [WARN] ModelIntegratedComponent:184 - Missing modes for component STMicroelectronics:FreeRTOS:0.0.1:STMicroelectronics:RTOS:FreeRTOS:Core:::10.2.0:
2026-07-21 00:17:45,665 [WARN] ModelIntegratedComponent:63 - No mode defined for component null
2026-07-21 00:17:45,665 [WARN] ModelIntegratedComponent:63 - No mode defined for component null
2026-07-21 00:17:45,665 [WARN] ModelIntegratedComponent:63 - No mode defined for component null
2026-07-21 00:17:45,665 [WARN] ModelIntegratedComponent:63 - No mode defined for component null
2026-07-21 00:17:45,665 [WARN] ModelIntegratedComponent:63 - No mode defined for component null
2026-07-21 00:17:45,665 [WARN] ModelIntegratedComponent:63 - No mode defined for component null
2026-07-21 00:17:45,665 [WARN] ModelIntegratedComponent:63 - No mode defined for component null
2026-07-21 00:17:45,665 [WARN] ModelIntegratedComponent:63 - No mode defined for component null
2026-07-21 00:17:45,665 [WARN] ModelIntegratedComponent:63 - No mode defined for component null
2026-07-21 00:17:45,665 [WARN] ModelIntegratedComponent:63 - No mode defined for component null
2026-07-21 00:17:45,665 [WARN] ModelIntegratedComponent:63 - No mode defined for component null
2026-07-21 00:17:45,665 [WARN] ModelIntegratedComponent:63 - No mode defined for component null
2026-07-21 00:17:45,665 [WARN] ModelIntegratedComponent:63 - No mode defined for component null
2026-07-21 00:17:45,665 [WARN] ModelIntegratedComponent:63 - No mode defined for component null
2026-07-21 00:17:45,665 [WARN] ModelIntegratedComponent:63 - No mode defined for component null
2026-07-21 00:17:45,665 [WARN] ModelIntegratedComponent:63 - No mode defined for component null
2026-07-21 00:17:45,665 [WARN] ModelIntegratedComponent:63 - No mode defined for component null
2026-07-21 00:17:45,665 [WARN] ModelIntegratedComponent:63 - No mode defined for component null
2026-07-21 00:17:45,665 [WARN] ModelIntegratedComponent:63 - No mode defined for component null
2026-07-21 00:17:45,665 [WARN] ModelIntegratedComponent:63 - No mode defined for component null
2026-07-21 00:17:45,665 [WARN] ModelIntegratedComponent:63 - No mode defined for component null
2026-07-21 00:17:45,665 [WARN] ModelIntegratedComponent:63 - No mode defined for component null
2026-07-21 00:17:45,665 [WARN] ModelIntegratedComponent:63 - No mode defined for component null
2026-07-21 00:17:45,665 [WARN] ModelIntegratedComponent:63 - No mode defined for component null
2026-07-21 00:17:45,665 [WARN] ModelIntegratedComponent:63 - No mode defined for component null
2026-07-21 00:17:45,666 [WARN] ModelIntegratedComponent:63 - No mode defined for component null
2026-07-21 00:17:45,666 [WARN] ModelIntegratedComponent:63 - No mode defined for component null
2026-07-21 00:17:45,666 [WARN] ModelIntegratedComponent:63 - No mode defined for component null
2026-07-21 00:17:45,666 [WARN] ModelIntegratedComponent:63 - No mode defined for component null
2026-07-21 00:17:45,666 [WARN] ModelIntegratedComponent:63 - No mode defined for component null
2026-07-21 00:17:45,666 [WARN] ModelIntegratedComponent:63 - No mode defined for component null
2026-07-21 00:17:45,666 [WARN] ModelIntegratedComponent:63 - No mode defined for component null
2026-07-21 00:17:45,666 [WARN] ModelIntegratedComponent:63 - No mode defined for component null
2026-07-21 00:17:45,666 [WARN] ModelIntegratedComponent:63 - No mode defined for component null
2026-07-21 00:17:45,666 [WARN] ModelIntegratedComponent:63 - No mode defined for component null
2026-07-21 00:17:45,666 [WARN] ModelPack:524 - Component already loaded: STMicroelectronics:HAL Drivers:0.0.0:STMicroelectronics:Device:STMicro_Driver:XSPI:HAL::0.0.1:HAL_XSPI
2026-07-21 00:17:45,848 [INFO] ThirdPartyModel:298 - Start build external matchings
2026-07-21 00:17:46,706 [INFO] ThirdPartyModel:316 - End build external matchings
2026-07-21 00:17:46,740 [INFO] ImportTextPane:234 - (OptionalMessage_ERROR) IP (RCC) : Parameter (RTCHSEDivFreq_Value) has invalid value (4000000)
2026-07-21 00:17:46,925 [INFO] UtilMem:75 - End LoadConfig() Used Memory: 623508112 Bytes (1073741824)
2026-07-21 00:17:46,936 [WARN] ThirdParty:833 - waiting for thirdparty lock release [change project]
2026-07-21 00:17:46,937 [INFO] ThirdParty:835 - entering critical section [change project]
2026-07-21 00:17:46,937 [INFO] ThirdParty:1030 - CMSIS Pack Vendor :STMicroelectronics X-CUBE-AZRTOS-H7 3.5.0
2026-07-21 00:17:46,937 [INFO] ThirdParty:1030 - CMSIS Pack Vendor :STMicroelectronics X-CUBE-PM33A1 1.0.0
2026-07-21 00:17:46,937 [INFO] ThirdParty:1030 - CMSIS Pack Vendor :STMicroelectronics USBPD 4.1
2026-07-21 00:17:46,937 [INFO] ThirdParty:1030 - CMSIS Pack Vendor :STMicroelectronics X-CUBE-NFC9 1.0.0
2026-07-21 00:17:46,937 [INFO] ThirdParty:1030 - CMSIS Pack Vendor :STMicroelectronics USB_HOST 2.0.0
2026-07-21 00:17:46,937 [INFO] ThirdParty:1030 - CMSIS Pack Vendor :STMicroelectronics FP-ATR-ASTRA1 2.0.3
2026-07-21 00:17:46,937 [INFO] ThirdParty:1030 - CMSIS Pack Vendor :STMicroelectronics X-CUBE-AZRTOS-F4 1.1.0
2026-07-21 00:17:46,937 [INFO] ThirdParty:1030 - CMSIS Pack Vendor :STMicroelectronics LIBJPEG 8.0.0
2026-07-21 00:17:46,937 [INFO] ThirdParty:1030 - CMSIS Pack Vendor :STMicroelectronics FP-ATR-ASTRA1 2.0.2
2026-07-21 00:17:46,937 [INFO] ThirdParty:1030 - CMSIS Pack Vendor :STMicroelectronics X-CUBE-BLE1 7.1.0
2026-07-21 00:17:46,937 [INFO] ThirdParty:1030 - CMSIS Pack Vendor :STMicroelectronics X-CUBE-SMBUS 2.1.0
2026-07-21 00:17:46,937 [INFO] ThirdParty:1030 - CMSIS Pack Vendor :wolfSSL I-CUBE-wolfMQTT 1.19.2
2026-07-21 00:17:46,937 [INFO] ThirdParty:1030 - CMSIS Pack Vendor :STMicroelectronics USB_DEVICE 3.0.0
2026-07-21 00:17:46,937 [INFO] ThirdParty:1030 - CMSIS Pack Vendor :STMicroelectronics X-CUBE-ISPU 2.1.0
2026-07-21 00:17:46,937 [INFO] ThirdParty:1030 - CMSIS Pack Vendor :STMicroelectronics X-CUBE-EEPRMA1 5.2.0
2026-07-21 00:17:46,937 [INFO] ThirdParty:1030 - CMSIS Pack Vendor :STMicroelectronics X-CUBE-IPS 3.2.0
2026-07-21 00:17:46,937 [INFO] ThirdParty:1030 - CMSIS Pack Vendor :STMicroelectronics X-CUBE-BLEMGR 4.1.0
2026-07-21 00:17:46,937 [INFO] ThirdParty:1030 - CMSIS Pack Vendor :STMicroelectronics eDS-WB_DPC_TT-BIDIR 2.1.1
2026-07-21 00:17:46,937 [INFO] ThirdParty:1030 - CMSIS Pack Vendor :STMicroelectronics X-CUBE-AZRTOS-WB 2.0.0
2026-07-21 00:17:46,937 [INFO] ThirdParty:1030 - CMSIS Pack Vendor :wolfSSL I-CUBE-wolfSSL 5.8.4
2026-07-21 00:17:46,937 [INFO] ThirdParty:1030 - CMSIS Pack Vendor :Cesanta I-CUBE-Mongoose 7.20.0
2026-07-21 00:17:46,937 [INFO] ThirdParty:1030 - CMSIS Pack Vendor :STMicroelectronics X-CUBE-NFC12 1.0.0
2026-07-21 00:17:46,937 [INFO] ThirdParty:1030 - CMSIS Pack Vendor :STMicroelectronics X-CUBE-AZRTOS-F7 1.1.0
2026-07-21 00:17:46,938 [INFO] ThirdParty:1030 - CMSIS Pack Vendor :STMicroelectronics X-CUBE-AZRTOS-L5 2.0.0
2026-07-21 00:17:46,938 [INFO] ThirdParty:1030 - CMSIS Pack Vendor :STMicroelectronics USB_DEVICE 2.0.0
2026-07-21 00:17:46,938 [INFO] ThirdParty:1030 - CMSIS Pack Vendor :STMicroelectronics X-CUBE-FREERTOS 1.6.0
2026-07-21 00:17:46,938 [INFO] ThirdParty:1030 - CMSIS Pack Vendor :STMicroelectronics FP-SNS-STAIOTCFT 1.1.0
2026-07-21 00:17:46,938 [INFO] ThirdParty:1030 - CMSIS Pack Vendor :quantropi X-CUBE-qispace-sdk-base 2.1.0
2026-07-21 00:17:46,938 [INFO] ThirdParty:1030 - CMSIS Pack Vendor :STMicroelectronics X-CUBE-MEMS1 12.0.0
2026-07-21 00:17:46,938 [INFO] ThirdParty:1030 - CMSIS Pack Vendor :STMicroelectronics X-CUBE-STSE01 2.0.0
2026-07-21 00:17:46,938 [INFO] ThirdParty:1030 - CMSIS Pack Vendor :STMicroelectronics X-CUBE-ALGOBUILD 1.5.0
2026-07-21 00:17:46,938 [INFO] ThirdParty:1030 - CMSIS Pack Vendor :STMicroelectronics FP-SNS-MOTENV1 5.1.0
2026-07-21 00:17:46,938 [INFO] ThirdParty:1030 - CMSIS Pack Vendor :STMicroelectronics FreeRTOS 0.0.1
2026-07-21 00:17:46,938 [INFO] ThirdParty:1030 - CMSIS Pack Vendor :STMicroelectronics X-CUBE-AZRTOS-H7RS 1.3.0
2026-07-21 00:17:46,938 [INFO] ThirdParty:1030 - CMSIS Pack Vendor :STMicroelectronics X-CUBE-AZRTOS-G0 1.1.0
2026-07-21 00:17:46,938 [INFO] ThirdParty:1030 - CMSIS Pack Vendor :STMicroelectronics X-CUBE-NFC4 3.0.0
2026-07-21 00:17:46,938 [INFO] ThirdParty:1030 - CMSIS Pack Vendor :STMicroelectronics X-CUBE-SUBG2 5.0.0
2026-07-21 00:17:46,938 [INFO] ThirdParty:1030 - CMSIS Pack Vendor :STMicroelectronics STM32_WPAN 1.0.0
2026-07-21 00:17:46,938 [INFO] ThirdParty:1030 - CMSIS Pack Vendor :STMicroelectronics eDS-WB_DPC_VIENNA 1.2.0
2026-07-21 00:17:46,938 [INFO] ThirdParty:1030 - CMSIS Pack Vendor :EmbeddedOffice I-CUBE-FS-RTOS 1.0.1
2026-07-21 00:17:46,938 [INFO] ThirdParty:1030 - CMSIS Pack Vendor :STMicroelectronics lwIP 2.0.3
2026-07-21 00:17:46,938 [INFO] ThirdParty:1030 - CMSIS Pack Vendor :WES I-CUBE-Cesium 1.4.0
2026-07-21 00:17:46,938 [INFO] ThirdParty:1030 - CMSIS Pack Vendor :STMicroelectronics eDS-WB_DPC_3PH2L-BIDIR 1.1.1
2026-07-21 00:17:46,938 [INFO] ThirdParty:1030 - CMSIS Pack Vendor :STMicroelectronics USB_HOST 1.0.0
2026-07-21 00:17:46,938 [INFO] ThirdParty:1030 - CMSIS Pack Vendor :STMicroelectronics X-CUBE-AZRTOS-G4 2.0.0
2026-07-21 00:17:46,938 [INFO] ThirdParty:1030 - CMSIS Pack Vendor :STMicroelectronics X-CUBE-WB05N 2.0.0
2026-07-21 00:17:46,938 [INFO] ThirdParty:1030 - CMSIS Pack Vendor :STMicroelectronics PDM2PCM 3.1.0
2026-07-21 00:17:46,938 [INFO] ThirdParty:1030 - CMSIS Pack Vendor :STMicroelectronics PDM2PCM 3.3.0
2026-07-21 00:17:46,938 [INFO] ThirdParty:1030 - CMSIS Pack Vendor :wolfSSL I-CUBE-wolfTPM 3.8.0
2026-07-21 00:17:46,938 [INFO] ThirdParty:1030 - CMSIS Pack Vendor :STMicroelectronics X-CUBE-DISPLAY 3.0.0
2026-07-21 00:17:46,938 [INFO] ThirdParty:1030 - CMSIS Pack Vendor :wolfSSL I-CUBE-wolfSSH 1.4.20
2026-07-21 00:17:46,938 [INFO] ThirdParty:1030 - CMSIS Pack Vendor :STMicroelectronics X-CUBE-NFC7 2.0.0
2026-07-21 00:17:46,938 [INFO] ThirdParty:1030 - CMSIS Pack Vendor :STMicroelectronics X-CUBE-GNSS1 7.1.1
2026-07-21 00:17:46,938 [INFO] ThirdParty:1030 - CMSIS Pack Vendor :STMicroelectronics FP-SNS-MOTENVWB1 1.5.0
2026-07-21 00:17:46,938 [INFO] ThirdParty:1030 - CMSIS Pack Vendor :STMicroelectronics X-CUBE-TCPP 4.2.0
2026-07-21 00:17:46,938 [INFO] ThirdParty:1030 - CMSIS Pack Vendor :RealThread X-CUBE-RT-Thread_Nano 4.1.1
2026-07-21 00:17:46,938 [INFO] ThirdParty:1030 - CMSIS Pack Vendor :STMicroelectronics FP-ATR-SIGFOX1 3.2.0
2026-07-21 00:17:46,938 [INFO] ThirdParty:1030 - CMSIS Pack Vendor :STMicroelectronics X-CUBE-NFC10 1.0.0
2026-07-21 00:17:46,938 [INFO] ThirdParty:1030 - CMSIS Pack Vendor :STMicroelectronics HAL Drivers 0.0.0
2026-07-21 00:17:46,938 [INFO] ThirdParty:1030 - CMSIS Pack Vendor :STMicroelectronics X-CUBE-FREERTOS 1.5.0
2026-07-21 00:17:46,939 [INFO] ThirdParty:1030 - CMSIS Pack Vendor :STMicroelectronics MBEDTLS 2.16.2
2026-07-21 00:17:46,939 [INFO] ThirdParty:1030 - CMSIS Pack Vendor :STMicroelectronics X-CUBE-ST60 1.1.0
2026-07-21 00:17:46,939 [INFO] ThirdParty:1030 - CMSIS Pack Vendor :STMicroelectronics X-CUBE-ALS 1.0.2
2026-07-21 00:17:46,939 [INFO] ThirdParty:1030 - CMSIS Pack Vendor :emotas I-CUBE-CANOPEN 1.3.0
2026-07-21 00:17:46,939 [INFO] ThirdParty:1030 - CMSIS Pack Vendor :STMicroelectronics MBEDTLS 2.14.1
2026-07-21 00:17:46,939 [INFO] ThirdParty:1030 - CMSIS Pack Vendor :STMicroelectronics X-CUBE-GNSS1 7.1.0
2026-07-21 00:17:46,939 [INFO] ThirdParty:1030 - CMSIS Pack Vendor :ITTIA_DB I-CUBE-ITTIADB 8.9.0
2026-07-21 00:17:46,939 [INFO] ThirdParty:1030 - CMSIS Pack Vendor :STMicroelectronics X-CUBE-TOUCHGFX 4.26.1
2026-07-21 00:17:46,939 [INFO] ThirdParty:1030 - CMSIS Pack Vendor :STMicroelectronics X-CUBE-NFC6 3.2.0
2026-07-21 00:17:46,939 [INFO] ThirdParty:1030 - CMSIS Pack Vendor :STMicroelectronics FP-SNS-STBOX1 2.1.0
2026-07-21 00:17:46,939 [INFO] ThirdParty:1030 - CMSIS Pack Vendor :STMicroelectronics X-CUBE-AI 10.2.1
2026-07-21 00:17:46,939 [INFO] ThirdParty:1030 - CMSIS Pack Vendor :STMicroelectronics X-CUBE-AI 10.2.0
2026-07-21 00:17:46,939 [INFO] ThirdParty:1030 - CMSIS Pack Vendor :STMicroelectronics FP-SNS-STAIOTCFT 1.0.0
2026-07-21 00:17:46,939 [INFO] ThirdParty:1030 - CMSIS Pack Vendor :STMicroelectronics ThreadX 1.0.0
2026-07-21 00:17:46,939 [INFO] ThirdParty:1030 - CMSIS Pack Vendor :STMicroelectronics FP-SNS-SMARTAG2 1.2.0
2026-07-21 00:17:46,939 [INFO] ThirdParty:1030 - CMSIS Pack Vendor :STMicroelectronics X-CUBE-MEMS1 12.1.0
2026-07-21 00:17:46,939 [INFO] ThirdParty:1030 - CMSIS Pack Vendor :STMicroelectronics FP-SNS-FLIGHT1 5.1.0
2026-07-21 00:17:46,939 [INFO] ThirdParty:1030 - CMSIS Pack Vendor :STMicroelectronics X-CUBE-AZRTOS-WL 2.0.0
2026-07-21 00:17:46,939 [INFO] ThirdParty:1030 - CMSIS Pack Vendor :SEGGER I-CUBE-embOS 1.3.1
2026-07-21 00:17:46,939 [INFO] ThirdParty:1030 - CMSIS Pack Vendor :STMicroelectronics X-CUBE-ALGOBUILD 1.4.0
2026-07-21 00:17:46,939 [INFO] ThirdParty:1030 - CMSIS Pack Vendor :STMicroelectronics X-CUBE-DPower 1.3.0
2026-07-21 00:17:46,939 [INFO] ThirdParty:1030 - CMSIS Pack Vendor :STMicroelectronics USB_DEVICE 1.0.0
2026-07-21 00:17:46,939 [INFO] ThirdParty:1030 - CMSIS Pack Vendor :STMicroelectronics X-CUBE-AZRTOS-H7RS 1.2.0
2026-07-21 00:17:46,939 [INFO] ThirdParty:1030 - CMSIS Pack Vendor :STMicroelectronics X-CUBE-AZRTOS-L4 2.0.0
2026-07-21 00:17:46,939 [INFO] ThirdParty:1030 - CMSIS Pack Vendor :STMicroelectronics ThreadX 0.0.2
2026-07-21 00:17:46,939 [INFO] ThirdParty:1030 - CMSIS Pack Vendor :STMicroelectronics lwIP 2.1.2
2026-07-21 00:17:46,939 [INFO] ThirdParty:1030 - CMSIS Pack Vendor :STMicroelectronics X-CUBE-SFXS2LP1 4.0.0
2026-07-21 00:17:46,939 [INFO] ThirdParty:1030 - CMSIS Pack Vendor :STMicroelectronics X-CUBE-BLE2 3.3.0
2026-07-21 00:17:46,939 [INFO] ThirdParty:1030 - CMSIS Pack Vendor :Avnet-IOTCONNECT X-CUBE-iotc-st67-sdk 1.0.0
2026-07-21 00:17:46,939 [INFO] ThirdParty:1030 - CMSIS Pack Vendor :STMicroelectronics X-CUBE-TOF1 3.4.3
2026-07-21 00:17:46,939 [INFO] ThirdParty:1030 - CMSIS Pack Vendor :Infineon AIROC-Wi-Fi-Bluetooth-STM32 1.8.0
2026-07-21 00:17:46,939 [INFO] ThirdParty:1030 - CMSIS Pack Vendor :STMicroelectronics X-CUBE-NFC13 1.0.0
2026-07-21 00:17:46,939 [INFO] ThirdParty:1030 - CMSIS Pack Vendor :STMicroelectronics PDM2PCM 3.2.0
2026-07-21 00:17:46,939 [INFO] ThirdParty:1030 - CMSIS Pack Vendor :STMicroelectronics X-CUBE-WB05N 2.1.0
2026-07-21 00:17:46,939 [INFO] ThirdParty:1030 - CMSIS Pack Vendor :STMicroelectronics X-CUBE-ST67W61 1.2.0
2026-07-21 00:17:46,939 [INFO] ThirdParty:841 - exiting critical section [change project]
2026-07-21 00:17:47,225 [INFO] PinOutPanel:1589 - setPackage(No Configuration,No Configuration)
2026-07-21 00:17:47,225 [INFO] PinOutPanel:1589 - setPackage(STM32F407VGTx,LQFP100)
2026-07-21 00:17:47,454 [INFO] UtilMem:75 - Before build in PCC Used Memory: 896664208 Bytes (1073741824)
2026-07-21 00:17:47,723 [INFO] UtilMem:75 - After build in PCC Used Memory: 944372368 Bytes (1073741824)
2026-07-21 00:17:47,742 [INFO] IPUIPlugin:80 - create IPUIPlugin
2026-07-21 00:17:47,742 [INFO] IPUIPlugin:80 - create IPUIPlugin
2026-07-21 00:17:47,742 [INFO] IPUIPlugin:80 - create IPUIPlugin
2026-07-21 00:17:47,742 [INFO] IPUIPlugin:80 - create IPUIPlugin
2026-07-21 00:17:47,742 [INFO] IPUIPlugin:80 - create IPUIPlugin
2026-07-21 00:17:47,742 [INFO] IPUIPlugin:80 - create IPUIPlugin
2026-07-21 00:17:47,743 [INFO] IPUIPlugin:80 - create IPUIPlugin
2026-07-21 00:17:47,743 [INFO] IPUIPlugin:80 - create IPUIPlugin
2026-07-21 00:17:47,743 [INFO] IPUIPlugin:80 - create IPUIPlugin
2026-07-21 00:17:47,743 [INFO] IPUIPlugin:80 - create IPUIPlugin
2026-07-21 00:17:47,743 [INFO] IPUIPlugin:80 - create IPUIPlugin
2026-07-21 00:17:47,743 [INFO] IPUIPlugin:80 - create IPUIPlugin
2026-07-21 00:17:47,743 [INFO] IPUIPlugin:80 - create IPUIPlugin
2026-07-21 00:17:47,743 [INFO] IPUIPlugin:80 - create IPUIPlugin
2026-07-21 00:17:47,744 [INFO] IPUIPlugin:80 - create IPUIPlugin
2026-07-21 00:17:47,744 [INFO] IPUIPlugin:80 - create IPUIPlugin
2026-07-21 00:17:47,744 [INFO] IPUIPlugin:80 - create IPUIPlugin
2026-07-21 00:17:47,744 [INFO] IPUIPlugin:80 - create IPUIPlugin
2026-07-21 00:17:47,744 [INFO] IPUIPlugin:80 - create IPUIPlugin
2026-07-21 00:17:47,744 [INFO] IPUIPlugin:80 - create IPUIPlugin
2026-07-21 00:17:47,744 [INFO] IPUIPlugin:80 - create IPUIPlugin
2026-07-21 00:17:47,745 [INFO] IPUIPlugin:80 - create IPUIPlugin
2026-07-21 00:17:47,745 [INFO] IPUIPlugin:80 - create IPUIPlugin
2026-07-21 00:17:47,745 [INFO] IPUIPlugin:80 - create IPUIPlugin
2026-07-21 00:17:47,745 [INFO] IPUIPlugin:80 - create IPUIPlugin
2026-07-21 00:17:47,745 [INFO] IPUIPlugin:80 - create IPUIPlugin
2026-07-21 00:17:47,745 [INFO] IPUIPlugin:80 - create IPUIPlugin
2026-07-21 00:17:47,745 [INFO] IPUIPlugin:80 - create IPUIPlugin
2026-07-21 00:17:47,746 [INFO] IPUIPlugin:80 - create IPUIPlugin
2026-07-21 00:17:47,746 [INFO] IPUIPlugin:80 - create IPUIPlugin
2026-07-21 00:17:47,746 [INFO] IPUIPlugin:80 - create IPUIPlugin
2026-07-21 00:17:47,746 [INFO] IPUIPlugin:80 - create IPUIPlugin
2026-07-21 00:17:47,746 [INFO] IPUIPlugin:80 - create IPUIPlugin
2026-07-21 00:17:47,746 [INFO] IPUIPlugin:80 - create IPUIPlugin
2026-07-21 00:17:47,746 [INFO] IPUIPlugin:80 - create IPUIPlugin
2026-07-21 00:17:47,746 [INFO] IPUIPlugin:80 - create IPUIPlugin
2026-07-21 00:17:47,747 [INFO] IPUIPlugin:80 - create IPUIPlugin
2026-07-21 00:17:47,747 [INFO] IPUIPlugin:80 - create IPUIPlugin
2026-07-21 00:17:47,747 [INFO] IPUIPlugin:80 - create IPUIPlugin
2026-07-21 00:17:47,747 [INFO] IPUIPlugin:80 - create IPUIPlugin
2026-07-21 00:17:47,747 [INFO] IPUIPlugin:80 - create IPUIPlugin
2026-07-21 00:17:47,747 [INFO] IPUIPlugin:80 - create IPUIPlugin
2026-07-21 00:17:47,747 [INFO] IPUIPlugin:80 - create IPUIPlugin
2026-07-21 00:17:47,748 [INFO] IPUIPlugin:80 - create IPUIPlugin
2026-07-21 00:17:47,748 [INFO] IPUIPlugin:80 - create IPUIPlugin
2026-07-21 00:17:47,748 [INFO] IPUIPlugin:80 - create IPUIPlugin
2026-07-21 00:17:47,748 [INFO] IPUIPlugin:80 - create IPUIPlugin
2026-07-21 00:17:47,748 [INFO] IPUIPlugin:80 - create IPUIPlugin
2026-07-21 00:17:47,749 [INFO] IPUIPlugin:80 - create IPUIPlugin
2026-07-21 00:17:47,749 [INFO] IPUIPlugin:80 - create IPUIPlugin
2026-07-21 00:17:47,749 [INFO] IPUIPlugin:80 - create IPUIPlugin
2026-07-21 00:17:47,749 [INFO] IPUIPlugin:80 - create IPUIPlugin
2026-07-21 00:17:47,749 [INFO] IPUIPlugin:80 - create IPUIPlugin
2026-07-21 00:17:47,749 [INFO] IPUIPlugin:80 - create IPUIPlugin
2026-07-21 00:17:47,750 [INFO] IPUIPlugin:80 - create IPUIPlugin
2026-07-21 00:17:47,750 [INFO] IPUIPlugin:80 - create IPUIPlugin
2026-07-21 00:17:47,750 [INFO] IPUIPlugin:80 - create IPUIPlugin
2026-07-21 00:17:47,750 [INFO] IPUIPlugin:80 - create IPUIPlugin
2026-07-21 00:17:47,752 [INFO] ApiDbMcu:532 - Load IP Config File for PDM2PCM
2026-07-21 00:17:47,754 [INFO] Can:71 - Can Add PropertyChangeListener com.st.microxplorer.plugins.ip.can.Can@7e7cd160
2026-07-21 00:17:47,831 [INFO] CADModel:165 - CPN selected for project levelSTM32F407VGT6
2026-07-21 00:17:47,831 [INFO] CADModel:114 - Register for checkConnection events
2026-07-21 00:17:47,871 [INFO] OpenFileManager:386 - Restore cursor
