../Core/Src/main.c:80:6:HAL_CAN_RxFifo0MsgPendingCallback	16	static
../Core/Src/main.c:91:6:MotorStart	8	static
../Core/Src/main.c:97:6:MotorStop	8	static
../Core/Src/main.c:109:5:main	288	static
../Core/Src/main.c:244:6:SystemClock_Config	88	static
../Core/Src/main.c:290:13:MX_CAN1_Init	48	static
../Core/Src/main.c:340:13:MX_TIM1_Init	80	static
../Core/Src/main.c:405:13:MX_USART2_UART_Init	8	static
../Core/Src/main.c:438:13:MX_USART3_UART_Init	8	static
../Core/Src/main.c:471:13:MX_GPIO_Init	48	static
../Core/Src/main.c:519:6:Error_Handler	4	static,ignoring_inline_asm
